    +----------------------------------------------------------------------+
                        MobaXterm Professional v21.0                    
                   (SSH client, X server and network tools)               
                                                                          
     ? SSH session to root@10.221.40.122                                  
        Direct SSH      :  ?                                             
        SSH compression :  ?                                             
        SSH-browser     :  ?                                             
        X11-forwarding  :  ?  (remote display is forwarded through SSH)  
                                                                          
     ? For more info, ctrl+click on help or visit our website.            
    +----------------------------------------------------------------------+

sh: xauth: not found
root@raspberrypi4:/var/rootdirs/home/root# dmesg
[    0.000000] Booting Linux on physical CPU 0x0
[    0.000000] Linux version 5.4.72-v7l (oe-user@oe-host) (gcc version 9.3.0 (GCC)) #1 SMP Mon Jul 26 13:50:08 UTC 2021
[    0.000000] CPU: ARMv7 Processor [410fd083] revision 3 (ARMv7), cr=30c5383d
[    0.000000] CPU: div instructions available: patching division code
[    0.000000] CPU: PIPT / VIPT nonaliasing data cache, PIPT instruction cache
[    0.000000] OF: fdt: Machine model: Raspberry Pi 4 Model B Rev 1.4
[    0.000000] Memory policy: Data cache writealloc
[    0.000000] Reserved memory: created CMA memory pool at 0x000000001d000000, size 256 MiB
[    0.000000] OF: reserved mem: initialized node linux,cma, compatible id shared-dma-pool
[    0.000000] On node 0 totalpages: 955392
[    0.000000]   DMA zone: 2172 pages used for memmap
[    0.000000]   DMA zone: 0 pages reserved
[    0.000000]   DMA zone: 185344 pages, LIFO batch:63
[    0.000000]   HighMem zone: 770048 pages, LIFO batch:63
[    0.000000] percpu: Embedded 20 pages/cpu s50444 r8192 d23284 u81920
[    0.000000] pcpu-alloc: s50444 r8192 d23284 u81920 alloc=20*4096
[    0.000000] pcpu-alloc: [0] 0 [0] 1 [0] 2 [0] 3
[    0.000000] Built 1 zonelists, mobility grouping on.  Total pages: 953220
[    0.000000] Kernel command line: ostree=/ostree/boot.1/webos/17e529015bda146a1078c047c86dde9016d71efd89d7182defb15613a2ca5cbd/0 coherent_pool=snd_bcm2835.enable_compat_alsa=0 snd_bcm2835.enable_hdmi=1 snd_bcm2835.enable_headphones=1 video=HDMI-A-1:1920x1080M@60 smsc95xx.macaddr=E4:5F:01m_base=0x3ec00000 vc_mem.mem_size=0x40000000  dwc_otg.lpm_enable=0 console=ttyS0,115200         cgroup_memory=1 cgroup_enable=memory ostree_root==/dev/ram0 rw rootwait rootdelay=2 ramdisk_size=8192 panic=1
[    0.000000] Dentry cache hash table entries: 131072 (order: 7, 524288 bytes, linear)
[    0.000000] Inode-cache hash table entries: 65536 (order: 6, 262144 bytes, linear)
[    0.000000] mem auto-init: stack:off, heap alloc:off, heap free:off
[    0.000000] software IO TLB: mapped [mem 0x160c0000-0x1a0c0000] (64MB)
[    0.000000] Memory: 3426936K/3821568K available (10240K kernel code, 792K rwdata, 3252K rodata, 2048K init, 897K bss, 132488K reserved, 2621440192K highmem)
[    0.000000] SLUB: HWalign=64, Order=0-3, MinObjects=0, CPUs=4, Nodes=1
[    0.000000] ftrace: allocating 34895 entries in 69 pages
[    0.000000] rcu: Hierarchical RCU implementation.
[    0.000000] rcu: RCU calculated value of scheduler-enlistment delay is 10 jiffies.
[    0.000000] NR_IRQS: 16, nr_irqs: 16, preallocated irqs: 16
[    0.000000] GIC: Using split EOI/Deactivate mode
[    0.000000] random: get_random_bytes called from start_kernel+0x338/0x51c with crng_init=0
[    0.000008] sched_clock: 32 bits at 1000kHz, resolution 1000ns, wraps every 2147483647500ns
[    0.000031] clocksource: timer: mask: 0xffffffff max_cycles: 0xffffffff, max_idle_ns: 1911260446275 ns
[    0.000115] bcm2835: system timer (irq = 17)
[    0.000800] arch_timer: cp15 timer(s) running at 54.00MHz (phys).
[    0.000820] clocksource: arch_sys_counter: mask: 0xffffffffffffff max_cycles: 0xc743ce346, max_idle_ns: 440795203123 ns
[    0.000840] sched_clock: 56 bits at 54MHz, resolution 18ns, wraps every 4398046511102ns
[    0.000856] Switching to timer-based delay loop, resolution 18ns
[    0.001103] Console: colour dummy device 80x30
[    0.001168] Calibrating delay loop (skipped), value calculated using timer frequency.. 108.00 BogoMIPS (lpj=540000)
[    0.001194] pid_max: default: 32768 minimum: 301
[    0.001351] LSM: Security Framework initializing
[    0.001549] Mount-cache hash table entries: 2048 (order: 1, 8192 bytes, linear)
[    0.001579] Mountpoint-cache hash table entries: 2048 (order: 1, 8192 bytes, linear)
[    0.002653] CPU: Testing write buffer coherency: ok
[    0.003161] CPU0: thread -1, cpu 0, socket 0, mpidr 80000000
[    0.004065] Setting up static identity map for 0x200000 - 0x200060
[    0.004276] rcu: Hierarchical SRCU implementation.
[    0.004955] smp: Bringing up secondary CPUs ...
[    0.006153] CPU1: thread -1, cpu 1, socket 0, mpidr 80000001
[    0.007530] CPU2: thread -1, cpu 2, socket 0, mpidr 80000002
[    0.008838] CPU3: thread -1, cpu 3, socket 0, mpidr 80000003
[    0.009049] smp: Brought up 1 node, 4 CPUs
[    0.009086] SMP: Total of 4 processors activated (432.00 BogoMIPS).
[    0.009104] CPU: All CPU(s) started in HYP mode.
[    0.009121] CPU: Virtualization extensions available.
[    0.009919] devtmpfs: initialized
[    0.024317] VFP support v0.3: implementor 41 architecture 3 part 40 variant 8 rev 0
[    0.024783] clocksource: jiffies: mask: 0xffffffff max_cycles: 0xffffffff, max_idle_ns: 19112604462750000 ns
[    0.024817] futex hash table entries: 1024 (order: 4, 65536 bytes, linear)
[    0.031573] pinctrl core: initialized pinctrl subsystem
[    0.032624] NET: Registered protocol family 16
[    0.036591] DMA: preallocated 1024 KiB pool for atomic coherent allocations
[    0.037215] audit: initializing netlink subsys (disabled)
[    0.037478] audit: type=2000 audit(0.030:1): state=initialized audit_enabled=0 res=1
[    0.038809] hw-breakpoint: found 5 (+1 reserved) breakpoint and 4 watchpoint registers.
[    0.038829] hw-breakpoint: maximum watchpoint size is 8 bytes.
[    0.039193] Serial: AMBA PL011 UART driver
[    0.043004] bcm2835-mbox fe00b880.mailbox: mailbox enabled
[    0.070897] raspberrypi-firmware soc:firmware: Attached to firmware from 2021-05-27 14:02, variant start
[    0.080900] raspberrypi-firmware soc:firmware: Firmware hash is 7d9a298cda813f747b51fe17e1e417e7bf5ca94d
[    0.140156] bcm2835-dma fe007000.dma: DMA legacy API manager, dmachans=0x1
[    0.144190] vgaarb: loaded
[    0.144682] SCSI subsystem initialized
[    0.144915] usbcore: registered new interface driver usbfs
[    0.144993] usbcore: registered new interface driver hub
[    0.145119] usbcore: registered new device driver usb
[    0.145471] usb_phy_generic phy: phy supply vcc not found, using dummy regulator
[    0.147511] clocksource: Switched to clocksource arch_sys_counter
[    0.896422] VFS: Disk quotas dquot_6.6.0
[    0.896541] VFS: Dquot-cache hash table entries: 1024 (order 0, 4096 bytes)
[    0.896753] FS-Cache: Loaded
[    0.896964] CacheFiles: Loaded
[    0.898018] simple-framebuffer 3e402000.framebuffer: framebuffer at 0x3e402000, 0x7f8000 bytes, mapped to 0x(ptrval)
[    0.898045] simple-framebuffer 3e402000.framebuffer: format=a8r8g8b8, mode=1920x1080x32, linelength=7680
[    0.908885] Console: switching to colour frame buffer device 240x67
[    0.918549] simple-framebuffer 3e402000.framebuffer: fb0: simplefb registered!
[    0.929431] thermal_sys: Registered thermal governor 'step_wise'
[    0.929788] NET: Registered protocol family 2
[    0.930552] tcp_listen_portaddr_hash hash table entries: 512 (order: 0, 6144 bytes, linear)
[    0.930590] TCP established hash table entries: 8192 (order: 3, 32768 bytes, linear)
[    0.930658] TCP bind hash table entries: 8192 (order: 4, 65536 bytes, linear)
[    0.930729] TCP: Hash tables configured (established 8192 bind 8192)
[    0.930882] UDP hash table entries: 512 (order: 2, 16384 bytes, linear)
[    0.930921] UDP-Lite hash table entries: 512 (order: 2, 16384 bytes, linear)
[    0.931195] NET: Registered protocol family 1
[    0.931997] RPC: Registered named UNIX socket transport module.
[    0.932017] RPC: Registered udp transport module.
[    0.932035] RPC: Registered tcp transport module.
[    0.932053] RPC: Registered tcp NFSv4.1 backchannel transport module.
[    0.932079] PCI: CLS 0 bytes, default 64
[    0.932343] Trying to unpack rootfs image as initramfs...
[    1.072134] Freeing initrd memory: 1876K
[    1.074088] hw perfevents: enabled with armv7_cortex_a15 PMU driver, 7 counters available
[    1.076826] Initialise system trusted keyrings
[    1.077106] workingset: timestamp_bits=14 max_order=20 bucket_order=6
[    1.088662] FS-Cache: Netfs 'nfs' registered for caching
[    1.089293] NFS: Registering the id_resolver key type
[    1.089331] Key type id_resolver registered
[    1.089351] Key type id_legacy registered
[    1.089380] nfs4filelayout_init: NFSv4 File Layout Driver Registering...
[    1.089429] ntfs: driver 2.1.32 [Flags: R/W].
[    1.132562] NET: Registered protocol family 38
[    1.132589] Key type asymmetric registered
[    1.132609] Asymmetric key parser 'x509' registered
[    1.132830] bounce: pool size: 64 pages
[    1.132925] Block layer SCSI generic (bsg) driver version 0.4 loaded (major 249)
[    1.133162] io scheduler mq-deadline registered
[    1.133183] io scheduler kyber registered
[    1.137295] brcm-pcie fd500000.pcie: host bridge /scb/pcie@7d500000 ranges:
[    1.137327] brcm-pcie fd500000.pcie:   No bus range found for /scb/pcie@7d500000, using [bus 00-ff]
[    1.137405] brcm-pcie fd500000.pcie:      MEM 0x0600000000..0x0603ffffff -> 0x00f8000000
[    1.137483] brcm-pcie fd500000.pcie:   IB MEM 0x0000000000..0x00ffffffff -> 0x0400000000
[    1.199627] brcm-pcie fd500000.pcie: link up, 5 GT/s x1 (SSC)
[    1.199967] brcm-pcie fd500000.pcie: PCI host bridge to bus 0000:00
[    1.199993] pci_bus 0000:00: root bus resource [bus 00-ff]
[    1.200019] pci_bus 0000:00: root bus resource [mem 0x600000000-0x603ffffff] (bus address [0xf8000000-0xfbffffff])
[    1.200097] pci 0000:00:00.0: [14e4:2711] type 01 class 0x060400
[    1.200374] pci 0000:00:00.0: PME# supported from D0 D3hot
[    1.203800] PCI: bus0: Fast back to back transfers disabled
[    1.204042] pci 0000:01:00.0: [1106:3483] type 00 class 0x0c0330
[    1.204195] pci 0000:01:00.0: reg 0x10: [mem 0x00000000-0x00000fff 64bit]
[    1.204667] pci 0000:01:00.0: PME# supported from D0 D3hot
[    1.208113] PCI: bus1: Fast back to back transfers disabled
[    1.208192] pci 0000:00:00.0: BAR 8: assigned [mem 0x600000000-0x6000fffff]
[    1.208222] pci 0000:01:00.0: BAR 0: assigned [mem 0x600000000-0x600000fff 64bit]
[    1.208310] pci 0000:00:00.0: PCI bridge to [bus 01]
[    1.208340] pci 0000:00:00.0:   bridge window [mem 0x600000000-0x6000fffff]
[    1.208665] pcieport 0000:00:00.0: enabling device (0140 -> 0142)
[    1.208910] pcieport 0000:00:00.0: PME: Signaling with IRQ 58
[    1.209309] pcieport 0000:00:00.0: AER: enabled with IRQ 58
[    1.209641] pci 0000:01:00.0: enabling device (0140 -> 0142)
[    1.254484] pci 0000:01:00.0: quirk_usb_early_handoff+0x0/0x7d8 took 43811 usecs
[    1.259570] Serial: 8250/16550 driver, 1 ports, IRQ sharing enabled
[    1.262947] iproc-rng200 fe104000.rng: hwrng registered
[    1.263336] vc-mem: phys_addr:0x00000000 mem_base=0x3ec00000 mem_size:0x40000000(1024 MiB)
[    1.264026] vc-sm: Videocore shared memory driver
[    1.264674] gpiomem-bcm2835 fe200000.gpiomem: Initialised: Registers at 0xfe200000
[    1.277776] brd: module loaded
[    1.290649] loop: module loaded
[    1.291408] zram: Added device: zram0
[    1.292871] Loading iSCSI transport class v2.0-870.
[    1.295029] libphy: Fixed MDIO Bus: probed
[    1.295726] bcmgenet fd580000.ethernet: failed to get enet clock
[    1.295752] bcmgenet fd580000.ethernet: GENET 5.0 EPHY: 0x0000
[    1.295780] bcmgenet fd580000.ethernet: failed to get enet-wol clock
[    1.295808] bcmgenet fd580000.ethernet: failed to get enet-eee clock
[    1.295841] bcmgenet: Skipping UMAC reset
[    1.307551] libphy: bcmgenet MII bus: probed
[    1.387667] unimac-mdio unimac-mdio.-19: Broadcom UniMAC MDIO bus
[    1.388757] usbcore: registered new interface driver r8152
[    1.388843] usbcore: registered new interface driver lan78xx
[    1.388908] usbcore: registered new interface driver smsc95xx
[    1.389364] xhci_hcd 0000:01:00.0: xHCI Host Controller
[    1.389406] xhci_hcd 0000:01:00.0: new USB bus registered, assigned bus number 1
[    1.392650] xhci_hcd 0000:01:00.0: hcc params 0x002841eb hci version 0x100 quirks 0x0000001000000890
[    1.393959] usb usb1: New USB device found, idVendor=1d6b, idProduct=0002, bcdDevice= 5.04
[    1.393983] usb usb1: New USB device strings: Mfr=3, Product=2, SerialNumber=1
[    1.394004] usb usb1: Product: xHCI Host Controller
[    1.394025] usb usb1: Manufacturer: Linux 5.4.72-v7l xhci-hcd
[    1.394045] usb usb1: SerialNumber: 0000:01:00.0
[    1.394703] hub 1-0:1.0: USB hub found
[    1.394809] hub 1-0:1.0: 1 port detected
[    1.395505] xhci_hcd 0000:01:00.0: xHCI Host Controller
[    1.395538] xhci_hcd 0000:01:00.0: new USB bus registered, assigned bus number 2
[    1.395571] xhci_hcd 0000:01:00.0: Host supports USB 3.0 SuperSpeed
[    1.396035] usb usb2: New USB device found, idVendor=1d6b, idProduct=0003, bcdDevice= 5.04
[    1.396057] usb usb2: New USB device strings: Mfr=3, Product=2, SerialNumber=1
[    1.396079] usb usb2: Product: xHCI Host Controller
[    1.396099] usb usb2: Manufacturer: Linux 5.4.72-v7l xhci-hcd
[    1.396119] usb usb2: SerialNumber: 0000:01:00.0
[    1.396770] hub 2-0:1.0: USB hub found
[    1.396845] hub 2-0:1.0: 4 ports detected
[    1.398433] dwc_otg: version 3.00a 10-AUG-2012 (platform bus)
[    1.398762] dwc_otg: FIQ enabled
[    1.398775] dwc_otg: NAK holdoff enabled
[    1.398788] dwc_otg: FIQ split-transaction FSM enabled
[    1.398804] Module dwc_common_port init
[    1.399271] usbcore: registered new interface driver uas
[    1.399382] usbcore: registered new interface driver usb-storage
[    1.399514] usbcore: registered new interface driver usbserial_generic
[    1.399556] usbserial: USB Serial support registered for generic
[    1.399628] usbcore: registered new interface driver ftdi_sio
[    1.399667] usbserial: USB Serial support registered for FTDI USB Serial Device
[    1.399821] usbcore: registered new interface driver pl2303
[    1.399861] usbserial: USB Serial support registered for pl2303
[    1.400105] mousedev: PS/2 mouse device common for all mice
[    1.402760] bcm2835-wdt bcm2835-wdt: Broadcom BCM2835 watchdog timer
[    1.406320] sdhci: Secure Digital Host Controller Interface driver
[    1.406339] sdhci: Copyright(c) Pierre Ossman
[    1.406990] mmc-bcm2835 fe300000.mmcnr: could not get clk, deferring probe
[    1.407880] sdhci-pltfm: SDHCI platform and OF driver helper
[    1.411259] ledtrig-cpu: registered to indicate activity on CPUs
[    1.411401] hidraw: raw HID events driver (C) Jiri Kosina
[    1.411477] usbcore: registered new interface driver usbhid
[    1.411485] usbhid: USB HID core driver
[    1.411668] ashmem: initialized
[    1.412168] vchiq: vchiq_init_state: slot_zero = (ptrval)
[    1.413320] [vc_sm_connected_init]: start
[    1.419473] [vc_sm_connected_init]: end - returning 0
[    1.421359] ipt_CLUSTERIP: ClusterIP Version 0.8 loaded successfully
[    1.421428] Initializing XFRM netlink socket
[    1.421474] NET: Registered protocol family 17
[    1.421517] 8021q: 802.1Q VLAN Support v1.8
[    1.421549] Key type dns_resolver registered
[    1.421789] Registering SWP/SWPB emulation handler
[    1.421975] registered taskstats version 1
[    1.421987] Loading compiled-in X.509 certificates
[    1.422202] Key type ._fscrypt registered
[    1.422210] Key type .fscrypt registered
[    1.426864] uart-pl011 fe201000.serial: cts_event_workaround enabled
[    1.426906] fe201000.serial: ttyAMA0 at MMIO 0xfe201000 (irq = 29, base_baud = 0) is a PL011 rev2
[    1.433462] printk: console [ttyS0] disabled
[    1.433511] fe215040.serial: ttyS0 at MMIO 0x0 (irq = 31, base_baud = 62500000) is a 16550
[    2.767111] printk: console [ttyS0] enabled
[    2.773342] bcm2835-power bcm2835-power: Broadcom BCM2835 power domains driver
[    2.781587] mmc-bcm2835 fe300000.mmcnr: mmc_debug:0 mmc_debug2:0
[    2.787689] mmc-bcm2835 fe300000.mmcnr: DMA channel allocated
[    2.843945] mmc1: queuing unknown CIS tuple 0x80 (2 bytes)
[    2.851149] mmc1: queuing unknown CIS tuple 0x80 (3 bytes)
[    2.858316] mmc1: queuing unknown CIS tuple 0x80 (3 bytes)
[    2.863922] mmc0: SDHCI controller on fe340000.emmc2 [fe340000.emmc2] using ADMA
[    2.873387] of_cfs_init
[    2.875946] of_cfs_init: OK
[    2.887302] Freeing unused kernel memory: 2048K
[    2.892223] Run /init as init process
[    2.897187] mmc1: queuing unknown CIS tuple 0x80 (7 bytes)
[    2.904336] mmc1: queuing unknown CIS tuple 0x80 (3 bytes)
[    2.938762] random: fast init done
[    3.003919] mmc0: new ultra high speed DDR50 SDHC card at address aaaa
[    3.012185] mmcblk0: mmc0:aaaa SC16G 14.8 GiB
[    3.019398] mmc1: new high speed SDIO card at address 0001
[    3.025254]  mmcblk0: p1 p2
[    3.028159] usb 1-1: new high-speed USB device number 2 using xhci_hcd
[    3.220136] usb 1-1: New USB device found, idVendor=2109, idProduct=3431, bcdDevice= 4.21
[    3.228465] usb 1-1: New USB device strings: Mfr=0, Product=1, SerialNumber=0
[    3.235706] usb 1-1: Product: USB2.0 Hub
[    3.241131] hub 1-1:1.0: USB hub found
[    3.245154] hub 1-1:1.0: 4 ports detected
[    3.359863] EXT4-fs (mmcblk0p2): 1 orphan inode deleted
[    3.365175] EXT4-fs (mmcblk0p2): recovery complete
[    3.384144] EXT4-fs (mmcblk0p2): mounted filesystem with ordered data mode. Opts: (null)
[    3.567579] usb 1-1.1: new high-speed USB device number 3 using xhci_hcd
[    3.674564] NET: Registered protocol family 10
[    3.679951] Segment Routing with IPv6
[    3.696192] systemd[1]: systemd 248.3+ running in system mode. (-PAM -AUDIT -SELINUX -APPARMOR +IMA -SMACK -SECCOMP -GCRYPT -GNUTLS -OPENSSL -LFUTILS -FIDO2 -IDN2 -IDN -IPTC +KMOD -LIBCRYPTSETUP +LIBFDISK -PCRE2 -PWQUALITY -P11KIT -QRENCODE -BZIP2 -LZ4 +XZ -ZLIB -ZSTD -XKBCOMMON +UTMP +erarchy=hybrid)
[    3.727075] systemd[1]: Detected architecture arm.
[    3.732282] usb 1-1.1: New USB device found, idVendor=1a40, idProduct=0101, bcdDevice= 1.11
[    3.740775] usb 1-1.1: New USB device strings: Mfr=0, Product=1, SerialNumber=0
[    3.748201] usb 1-1.1: Product: USB 2.0 Hub
[    3.757071] hub 1-1.1:1.0: USB hub found
[    3.761196] hub 1-1.1:1.0: 4 ports detected
[    3.822941] systemd[1]: Hostname set to <raspberrypi4>.
[    3.857897] usb 1-1.2: new high-speed USB device number 4 using xhci_hcd
[    4.070908] usb 1-1.2: New USB device found, idVendor=046d, idProduct=082b, bcdDevice=28.25
[    4.079431] usb 1-1.2: New USB device strings: Mfr=1, Product=2, SerialNumber=0
[    4.086858] usb 1-1.2: Product: Webcam C170
[    4.091120] usb 1-1.2: Manufacturer:
[    4.155305] systemd[1]: /usr/lib/systemd/system/var-volatile-lib.service:13: Standard output type syslog is obsolete, automatically updating tpdate your unit file, and consider removing the setting altogether.
[    4.197537] usb 1-1.1.1: new low-speed USB device number 5 using xhci_hcd
[    4.246083] systemd[1]: Configuration file /usr/lib/systemd/system/lxd.service is marked executable. Please remove executable permission bits.
[    4.337015] systemd[1]: /usr/lib/systemd/system/var-volatile-srv.service:13: Standard output type syslog is obsolete, automatically updating tpdate your unit file, and consider removing the setting altogether.
[    4.361164] systemd[1]: /usr/lib/systemd/system/var-volatile-spool.service:13: Standard output type syslog is obsolete, automatically updating update your unit file, and consider removing the setting altogether.
[    4.385472] systemd[1]: /usr/lib/systemd/system/var-volatile-cache.service:13: Standard output type syslog is obsolete, automatically updating update your unit file, and consider removing the setting altogether.
[    4.410999] systemd[1]: /usr/lib/systemd/system/ostree-remount.service:38: Standard output type syslog is obsolete, automatically updating to ate your unit file, and consider removing the setting altogether.
[    4.431411] systemd[1]: /usr/lib/systemd/system/ostree-remount.service:39: Standard output type syslog+console is obsolete, automatically updasole. Please update your unit file, and consider removing the setting altogether.
[    4.436889] usb 1-1.1.1: New USB device found, idVendor=413c, idProduct=2106, bcdDevice= 1.77
[    4.461861] usb 1-1.1.1: New USB device strings: Mfr=1, Product=2, SerialNumber=0
[    4.469462] usb 1-1.1.1: Product: Dell QuietKey Keyboard
[    4.474848] usb 1-1.1.1: Manufacturer: Dell
[    4.474900] systemd[1]: Queued start job for default target Multi-User System.
[    4.487096] random: systemd: uninitialized urandom read (16 bytes read)
[    4.496188] input: Dell Dell QuietKey Keyboard as /devices/platform/scb/fd500000.pcie/pci0000:00/0000:00:00.0/0000:01:00.0/usb1/1-1/1-1.1/1-1.3:413C:2106.0001/input/input0
[    4.519385] systemd[1]: Created slice system-modprobe.slice.
[    4.525317] random: systemd: uninitialized urandom read (16 bytes read)
[    4.533550] systemd[1]: Created slice system-serial\x2dgetty.slice.
[    4.540021] random: systemd: uninitialized urandom read (16 bytes read)
[    4.548117] systemd[1]: Created slice User and Session Slice.
[    4.554215] systemd[1]: Started Dispatch Password Requests to Console Directory Watch.
[    4.563477] systemd[1]: Started Forward Password Requests to Wall Directory Watch.
[    4.571640] systemd[1]: Reached target Remote File Systems.
[    4.577381] systemd[1]: Reached target Slices.
[    4.577854] hid-generic 0003:413C:2106.0001: input,hidraw0: USB HID v1.10 Keyboard [Dell Dell QuietKey Keyboard] on usb-0000:01:00.0-1.1.1/inp
[    4.582024] systemd[1]: Reached target Swap.
[    4.599595] systemd[1]: Reached target Timers.
[    4.609675] systemd[1]: Listening on Process Core Dump Socket.
[    4.615838] systemd[1]: Listening on initctl Compatibility Named Pipe.
[    4.623046] systemd[1]: Listening on Journal Audit Socket.
[    4.629021] systemd[1]: Listening on Journal Socket (/dev/log).
[    4.635419] systemd[1]: Listening on Journal Socket.
[    4.649143] systemd[1]: Listening on udev Control Socket.
[    4.655107] systemd[1]: Listening on udev Kernel Socket.
[    4.661001] systemd[1]: Listening on User Database Manager Socket.
[    4.667712] systemd[1]: Condition check resulted in Huge Pages File System being skipped.
[    4.680147] systemd[1]: Mounting POSIX Message Queue File System...
[    4.690413] systemd[1]: Mounting Kernel Debug File System...
[    4.699814] systemd[1]: Mounting Kernel Trace File System...
[    4.711735] systemd[1]: Mounting Temporary Directory (/tmp)...
[    4.722835] systemd[1]: Starting Create list of static device nodes for the current kernel...
[    4.735198] systemd[1]: Starting webos - "ls-hubd.service"...
[    4.745275] systemd[1]: Starting Load Kernel Module configfs...
[    4.754482] systemd[1]: Starting Load Kernel Module drm...
[    4.763432] systemd[1]: Starting Load Kernel Module fuse...
[    4.769521] systemd[1]: Condition check resulted in File System Check on Root Device being skipped.
[    4.777538] usb 1-1.3: new low-speed USB device number 6 using xhci_hcd
[    4.781792] fuse: init (API version 7.31)
[    4.792812] systemd[1]: Starting Journal Service...
[    4.810335] systemd[1]: Starting Load Kernel Modules...
[    4.820742] systemd[1]: Starting Remount Root and Kernel File Systems...
[    4.832751] systemd[1]: Starting Coldplug All udev Devices...
[    4.840679] EXT4-fs (mmcblk0p2): re-mounted. Opts: (null)
[    4.850580] systemd[1]: Mounted POSIX Message Queue File System.
[    4.850750] bridge: filtering via arp/ip/ip6tables is no longer available by default. Update your scripts to load br_netfilter if you need thi
[    4.860916] systemd[1]: Mounted Kernel Debug File System.
[    4.875950] systemd[1]: Mounted Kernel Trace File System.
[    4.881923] systemd[1]: Mounted Temporary Directory (/tmp).
[    4.886491] i2c /dev entries driver
[    4.890283] systemd[1]: Finished Create list of static device nodes for the current kernel.
[    4.900469] systemd[1]: modprobe@configfs.service: Deactivated successfully.
[    4.905242] openvswitch: Open vSwitch switching datapath
[    4.909188] systemd[1]: Finished Load Kernel Module configfs.
[    4.919621] systemd[1]: Started Journal Service.
[    4.935857] usb 1-1.3: New USB device found, idVendor=413c, idProduct=2107, bcdDevice= 1.78
[    4.944412] usb 1-1.3: New USB device strings: Mfr=1, Product=2, SerialNumber=0
[    4.951852] usb 1-1.3: Product: Dell USB Entry Keyboard
[    4.957159] usb 1-1.3: Manufacturer: DELL
[    4.973967] mc: Linux media interface: v0.10
[    4.981950] input: DELL Dell USB Entry Keyboard as /devices/platform/scb/fd500000.pcie/pci0000:00/0000:00:00.0/0000:01:00.0/usb1/1-1/1-1.3/1-107.0002/input/input1
[    5.032917] usbcore: registered new interface driver snd-usb-audio
[    5.068185] hid-generic 0003:413C:2107.0002: input,hidraw1: USB HID v1.10 Keyboard [DELL Dell USB Entry Keyboard] on usb-0000:01:00.0-1.3/inpu
[    5.092941] videodev: Linux video capture interface: v2.00
[    5.110421] systemd-journald[200]: Received client request to flush runtime journal.
[    5.127561] usb 1-1.1.2: new low-speed USB device number 7 using xhci_hcd
[    5.153376] uvcvideo: Found UVC 1.00 device Webcam C170 (046d:082b)
[    5.182214] uvcvideo 1-1.2:1.0: Entity type for entity Processing 2 was not initialized!
[    5.190694] uvcvideo 1-1.2:1.0: Entity type for entity Extension 6 was not initialized!
[    5.198976] uvcvideo 1-1.2:1.0: Entity type for entity Camera 1 was not initialized!
[    5.207357] input: Webcam C170: Webcam C170 as /devices/platform/scb/fd500000.pcie/pci0000:00/0000:00:00.0/0000:01:00.0/usb1/1-1/1-1.2/1-1.2:1
[    5.222421] usbcore: registered new interface driver uvcvideo
[    5.228320] USB Video Class driver (1.1.1)
[    5.297176] vc4-drm gpu: bound fe600000.firmwarekms (ops vc4_fkms_ops [vc4])
[    5.304402] checking generic (3e402000 7f8000) vs hw (0 ffffffffffffffff)
[    5.304409] fb0: switching to vc4drmfb from simple
[    5.310218] Console: switching to colour dummy device 80x30
[    5.316310] [drm] Supports vblank timestamp caching Rev 2 (21.10.2013).
[    5.323067] [drm] No driver support for vblank timestamp query.
[    5.329124] [drm] Setting vblank_disable_immediate to false because get_vblank_timestamp == NULL
[    5.340475] [drm] Initialized vc4 0.0.0 20140616 for gpu on minor 0
[    5.374540] usb 1-1.1.2: New USB device found, idVendor=0461, idProduct=4d81, bcdDevice= 2.00
[    5.383389] usb 1-1.1.2: New USB device strings: Mfr=0, Product=2, SerialNumber=0
[    5.391011] usb 1-1.1.2: Product: USB Optical Mouse
[    5.391348] snd_bcm2835: module is from the staging directory, the quality is unknown, you have been warned.
[    5.417462] vc_sm_cma: module is from the staging directory, the quality is unknown, you have been warned.
[    5.417908] input: USB Optical Mouse as /devices/platform/scb/fd500000.pcie/pci0000:00/0000:00:00.0/0000:01:00.0/usb1/1-1/1-1.1/1-1.1.2/1-1.1.1.0003/input/input3
[    5.418688] hid-generic 0003:0461:4D81.0003: input,hidraw2: USB HID v1.11 Mouse [USB Optical Mouse] on usb-0000:01:00.0-1.1.2/input0
[    5.419501] bcm2835_vc_sm_cma_probe: Videocore shared memory driver
[    5.419512] [vc_sm_connected_init]: start
[    5.419612] vc_sm_cma: module is from the staging directory, the quality is unknown, you have been warned.
[    5.422273] vc_sm_cma: module is from the staging directory, the quality is unknown, you have been warned.
[    5.423918] [vc_sm_connected_init]: installed successfully
[    5.428557] bcm2835_mmal_vchiq: module is from the staging directory, the quality is unknown, you have been warned.
[    5.429199] bcm2835_mmal_vchiq: module is from the staging directory, the quality is unknown, you have been warned.
[    5.460988] bcm2835_v4l2: module is from the staging directory, the quality is unknown, you have been warned.
[    5.467560] usb 1-1.4: new low-speed USB device number 8 using xhci_hcd
[    5.474431] bcm2835_codec: module is from the staging directory, the quality is unknown, you have been warned.
[    5.484471] bcm2835-codec bcm2835-codec: Device registered as /dev/video10
[    5.484498] bcm2835-codec bcm2835-codec: Loaded V4L2 decode
[    5.493267] bcm2835-codec bcm2835-codec: Device registered as /dev/video11
[    5.493287] bcm2835-codec bcm2835-codec: Loaded V4L2 encode
[    5.499192] : bcm2835_codec_get_supported_fmts: port has more encoding than we provided space for. Some are dropped.
[    5.499697] bcm2835-codec bcm2835-codec: Device registered as /dev/video12
[    5.499726] bcm2835-codec bcm2835-codec: Loaded V4L2 isp
[    5.566906] bcm2835_audio bcm2835_audio: card created with 4 channels
[    5.571296] [drm] Initialized v3d 1.0.0 20180419 for fec00000.v3d on minor 1
[    5.586749] bcm2835_audio bcm2835_audio: card created with 4 channels
[    5.597096] Console: switching to colour frame buffer device 240x67
[    5.606319] usb 1-1.4: New USB device found, idVendor=413c, idProduct=301a, bcdDevice= 1.00
[    5.606328] usb 1-1.4: New USB device strings: Mfr=1, Product=2, SerialNumber=0
[    5.606335] usb 1-1.4: Product: Dell MS116 USB Optical Mouse
[    5.606342] usb 1-1.4: Manufacturer: PixArt
[    5.610208] cfg80211: Loading compiled-in X.509 certificates for regulatory database
[    5.615700] input: PixArt Dell MS116 USB Optical Mouse as /devices/platform/scb/fd500000.pcie/pci0000:00/0000:00:00.0/0000:01:00.0/usb1/1-1/1-413C:301A.0004/input/input4
[    5.623996] vc4-drm gpu: fb0: vc4drmfb frame buffer device
[    5.630342] FAT-fs (mmcblk0p1): Volume was not properly unmounted. Some data may be corrupt. Please run fsck.
[    5.647066] hid-generic 0003:413C:301A.0004: input,hidraw3: USB HID v1.11 Mouse [PixArt Dell MS116 USB Optical Mouse] on usb-0000:01:00.0-1.4/
[    5.681128] cfg80211: Loaded X.509 cert 'sforshee: 00b28ddf47aef9cea7'
[    5.807588] usb 1-1.1.4: new high-speed USB device number 9 using xhci_hcd
[    5.859975] brcmfmac: F1 signature read @0x18000000=0x15264345
[    5.927216] uart-pl011 fe201000.serial: no DMA platform data
[    5.935020] brcmfmac: brcmf_fw_alloc_request: using brcm/brcmfmac43455-sdio for chip BCM4345/6
[    5.938015] proc: Bad value for 'hidepid'
[    5.944401] usbcore: registered new interface driver brcmfmac
[    6.046997] Bluetooth: Core ver 2.22
[    6.057636] NET: Registered protocol family 31
[    6.062158] Bluetooth: HCI device and connection manager initialized
[    6.064361] audit: type=1325 audit(6.049:2): table=filter family=2 entries=4
[    6.073743] Bluetooth: HCI socket layer initialized
[    6.076073] audit: type=1325 audit(6.059:3): table=filter family=2 entries=5
[    6.080851] Bluetooth: L2CAP socket layer initialized
[    6.089915] audit: type=1325 audit(6.079:4): table=filter family=2 entries=6
[    6.100586] audit: type=1325 audit(6.079:5): table=filter family=2 entries=7
[    6.101716] usb 1-1.1.4: config 1 interface 0 altsetting 0 bulk endpoint 0x81 has invalid maxpacket 64
[    6.117195] usb 1-1.1.4: config 1 interface 0 altsetting 0 bulk endpoint 0x1 has invalid maxpacket 64
[    6.117597] Bluetooth: SCO socket layer initialized
[    6.131643] audit: type=1325 audit(6.109:6): table=filter family=2 entries=8
[    6.135152] usb 1-1.1.4: New USB device found, idVendor=03e7, idProduct=2150, bcdDevice= 0.01
[    6.139226] audit: type=1325 audit(6.119:7): table=filter family=2 entries=9
[    6.147508] usb 1-1.1.4: New USB device strings: Mfr=1, Product=2, SerialNumber=3
[    6.147516] usb 1-1.1.4: Product: Movidius MA2X5X
[    6.160865] audit: type=1325 audit(6.149:8): table=nat family=2 entries=5
[    6.162274] usb 1-1.1.4: Manufacturer: Movidius Ltd.
[    6.178988] usb 1-1.1.4: SerialNumber: 03e72150
[    6.193217] audit: type=1325 audit(6.179:9): table=mangle family=2 entries=6
[    6.272467] brcmfmac: brcmf_fw_alloc_request: using brcm/brcmfmac43455-sdio for chip BCM4345/6
[    6.294227] brcmfmac: brcmf_c_preinit_dcmds: Firmware: BCM4345/6 wl0: Mar 23 2020 02:19:54 version 7.45.206 (r725000 CY) FWID 01-88ee44ea
[    6.337467] audit: type=1325 audit(6.319:10): table=filter family=2 entries=10
[    6.354124] audit: type=1325 audit(6.339:11): table=filter family=2 entries=9
[    6.857526] random: crng init done
[    6.860982] random: 7 urandom warning(s) missed due to ratelimiting
[    8.581257] ls-hubd (196): /proc/487/oom_adj is deprecated, please use /proc/487/oom_score_adj instead.
[   10.530307] lxdbr0: port 1(vetha2de0df3) entered blocking state
[   10.536338] lxdbr0: port 1(vetha2de0df3) entered disabled state
[   10.542942] device vetha2de0df3 entered promiscuous mode
[   11.080805] cgroup: cgroup: disabling cgroup2 socket matching due to net_prio or net_cls activation
[   11.234923] eth0: renamed from vethea6bbcb4
[   11.298754] IPv6: ADDRCONF(NETDEV_CHANGE): eth0: link becomes ready
[   11.306477] lxdbr0: port 1(vetha2de0df3) entered blocking state
[   11.312524] lxdbr0: port 1(vetha2de0df3) entered forwarding state
[   11.322979] IPv6: ADDRCONF(NETDEV_CHANGE): lxdbr0: link becomes ready
[   11.540109] lxdbr0: port 2(vethed757569) entered blocking state
[   11.546158] lxdbr0: port 2(vethed757569) entered disabled state
[   11.553285] device vethed757569 entered promiscuous mode
[   11.558813] kauditd_printk_skb: 33 callbacks suppressed
[   11.558817] audit: type=1700 audit(11.529:45): dev=vethed757569 prom=256 old_prom=0 auid=4294967295 uid=0 gid=0 ses=4294967295
[   12.110393] eth0: renamed from vethbb6e5e3b
[   12.168097] IPv6: ADDRCONF(NETDEV_CHANGE): eth0: link becomes ready
[   12.176003] lxdbr0: port 2(vethed757569) entered blocking state
[   12.182069] lxdbr0: port 2(vethed757569) entered forwarding state
[   12.372382] lxdbr0: port 3(veth27c661e9) entered blocking state
[   12.378423] lxdbr0: port 3(veth27c661e9) entered disabled state
[   12.385121] device veth27c661e9 entered promiscuous mode
[   12.391030] audit: type=1700 audit(12.359:46): dev=veth27c661e9 prom=256 old_prom=0 auid=4294967295 uid=0 gid=0 ses=4294967295
[   12.391033] lxdbr0: port 3(veth27c661e9) entered blocking state
[   12.391039] lxdbr0: port 3(veth27c661e9) entered forwarding state
[   12.467631] lxdbr0: port 3(veth27c661e9) entered disabled state
[   12.574623] Bluetooth: HCI UART driver ver 2.3
[   12.579336] Bluetooth: HCI UART protocol H4 registered
[   12.584618] Bluetooth: HCI UART protocol Three-wire (H5) registered
[   12.591202] Bluetooth: HCI UART protocol Broadcom registered
[   12.641084] usbcore: registered new interface driver btusb
[   12.943982] Bluetooth: BNEP (Ethernet Emulation) ver 1.3
[   12.949416] Bluetooth: BNEP filters: protocol multicast
[   12.954773] Bluetooth: BNEP socket layer initialized
[   13.033240] proc: Bad value for 'hidepid'
[   13.117654] Bluetooth: RFCOMM TTY layer initialized
[   13.122618] Bluetooth: RFCOMM socket layer initialized
[   13.127959] Bluetooth: RFCOMM ver 1.11
[   13.650960] eth0: renamed from vethb8d17a54
[   13.690040] IPv6: ADDRCONF(NETDEV_CHANGE): eth0: link becomes ready
[   13.697941] lxdbr0: port 3(veth27c661e9) entered blocking state
[   13.703962] lxdbr0: port 3(veth27c661e9) entered forwarding state
[   14.328316] input: Virtual touch as /devices/virtual/input/input5
[   14.526112] $[bt_time] execute main
[   14.841825] lxdbr0: port 3(veth27c661e9) entered disabled state
[   14.851581] lxdbr0: port 2(vethed757569) entered disabled state
[   14.857667] lxdbr0: port 1(vetha2de0df3) entered disabled state
[   15.019343] audit: type=1325 audit(15.009:47): table=filter family=2 entries=12
[   15.058154] audit: type=1325 audit(15.039:48): table=mangle family=2 entries=7
[   15.084032] audit: type=1325 audit(15.069:49): table=nat family=2 entries=6
[   15.197592] bcmgenet: Skipping UMAC reset
[   15.227827] bcmgenet fd580000.ethernet: configuring instance for external RGMII
[   15.235487] bcmgenet fd580000.ethernet eth0: Link is Down
[   15.280762] usb 1-1.2: reset high-speed USB device number 4 using xhci_hcd
[   15.601810] brcmfmac: brcmf_cfg80211_set_power_mgmt: power save enabled
[   15.735218] ieee80211 phy0: brcmf_cfg80211_get_station: GET STA INFO failed, -52
[   15.814987] ieee80211 phy0: brcmf_cfg80211_get_station: GET STA INFO failed, -52
[   15.899263] debugfs: File 'le_min_key_size' in directory 'hci0' already present!
[   15.906810] debugfs: File 'le_max_key_size' in directory 'hci0' already present!
[   15.984087] \xdc\xc2\xb9\xbe
                               Get BTUSB_READY 15.976 PerfType:WBS PerfGroup:bt_ready
[   16.018289] 27:eb:a0:73:94) state has changed to powered[bt_time] mPowered is true
[   16.340847] input: Virtual touch as /devices/virtual/input/input6
[   17.194000] zram0: detected capacity change from 0 to 772800512
[   17.497828] Adding 754684k swap on /dev/zram0.  Priority:-2 extents:1 across:754684k SSDscFS
[   18.051996] rpivid-mem feb00000.hevc-decoder: rpivid-hevcmem initialised: Registers at 0xfeb00000 length 0x00010000
[   18.065398] rpivid-mem feb10000.rpivid-local-intc: rpivid-intcmem initialised: Registers at 0xfeb10000 length 0x00001000
[   18.080689] rpivid-mem feb20000.h264-decoder: rpivid-h264mem initialised: Registers at 0xfeb20000 length 0x00010000
[   18.100709] rpivid-mem feb30000.vp9-decoder: rpivid-vp9mem initialised: Registers at 0xfeb30000 length 0x00010000
[   18.399254] bcmgenet fd580000.ethernet eth0: Link is Up - 100Mbps/Full - flow control rx/tx
[   18.408306] IPv6: ADDRCONF(NETDEV_CHANGE): eth0: link becomes ready
[   19.455372] usbcore: registered new interface driver cdc_ether
[   21.115711] IPv6: ADDRCONF(NETDEV_CHANGE): wlan0: link becomes ready
[   78.283624] IPv4: martian source 10.221.40.122 from 10.221.40.3, on dev eth0
[   78.290826] ll header: 00000000: e4 5f 01 21 f2 67 a8 9d 21 69 d6 40 08 00
[   78.298049] IPv4: martian source 10.221.40.122 from 10.221.40.2, on dev eth0
[   78.305228] ll header: 00000000: e4 5f 01 21 f2 67 c0 62 6b e2 90 00 08 00
[   78.349401] IPv4: martian source 10.221.40.122 from 10.221.40.2, on dev eth0
[   78.356563] ll header: 00000000: e4 5f 01 21 f2 67 c0 62 6b e2 90 00 08 00
[   78.363682] IPv4: martian source 10.221.40.122 from 10.221.40.3, on dev eth0
[   78.370871] ll header: 00000000: e4 5f 01 21 f2 67 a8 9d 21 69 d6 40 08 00
[  104.644913] IPv4: martian source 10.221.40.122 from 10.221.40.2, on dev eth0
[  104.652125] ll header: 00000000: e4 5f 01 21 f2 67 c0 62 6b e2 90 00 08 00
[  104.659453] IPv4: martian source 10.221.40.122 from 10.221.40.3, on dev eth0
[  104.666642] ll header: 00000000: e4 5f 01 21 f2 67 a8 9d 21 69 d6 40 08 00
[  104.735114] IPv4: martian source 10.221.40.122 from 10.221.40.2, on dev eth0
[  104.742315] ll header: 00000000: e4 5f 01 21 f2 67 c0 62 6b e2 90 00 08 00
[  104.750239] IPv4: martian source 10.221.40.122 from 10.221.40.3, on dev eth0
[  104.757423] ll header: 00000000: e4 5f 01 21 f2 67 a8 9d 21 69 d6 40 08 00
[  108.130541] IPv4: martian source 10.221.40.122 from 10.221.40.3, on dev eth0
[  108.137730] ll header: 00000000: e4 5f 01 21 f2 67 a8 9d 21 69 d6 40 08 00
[  108.144784] IPv4: martian source 10.221.40.122 from 10.221.40.2, on dev eth0
[  108.151960] ll header: 00000000: e4 5f 01 21 f2 67 c0 62 6b e2 90 00 08 00
[  108.195664] IPv4: martian source 10.221.40.122 from 10.221.40.3, on dev eth0
[  108.202869] ll header: 00000000: e4 5f 01 21 f2 67 a8 9d 21 69 d6 40 08 00
[  108.210004] IPv4: martian source 10.221.40.122 from 10.221.40.2, on dev eth0
[  108.217199] ll header: 00000000: e4 5f 01 21 f2 67 c0 62 6b e2 90 00 08 00
[  109.051771] IPv4: martian source 10.221.40.122 from 10.221.40.3, on dev eth0
[  109.058958] ll header: 00000000: e4 5f 01 21 f2 67 a8 9d 21 69 d6 40 08 00
[  109.066020] IPv4: martian source 10.221.40.122 from 10.221.40.2, on dev eth0
[  109.073193] ll header: 00000000: e4 5f 01 21 f2 67 c0 62 6b e2 90 00 08 00
[  109.651936] net_ratelimit: 18 callbacks suppressed
[  109.651957] IPv4: martian source 10.221.40.122 from 10.221.40.3, on dev eth0
[  109.664206] ll header: 00000000: e4 5f 01 21 f2 67 a8 9d 21 69 d6 40 08 00
[  109.671398] IPv4: martian source 192.168.29.1 from 192.168.29.22, on dev eth0
[  109.678701] ll header: 00000000: ff ff ff ff ff ff 3c 2c 30 a9 28 a6 08 06
[  109.685907] IPv4: martian source 10.221.40.122 from 82.165.8.211, on dev eth0
[  109.693201] ll header: 00000000: e4 5f 01 21 f2 67 c0 62 6b e2 90 00 08 00
[  110.301762] IPv4: martian source 10.221.40.122 from 10.221.40.3, on dev eth0
[  110.308950] ll header: 00000000: e4 5f 01 21 f2 67 a8 9d 21 69 d6 40 08 00
[  110.316014] IPv4: martian source 10.221.40.122 from 10.221.40.2, on dev eth0
[  110.323192] ll header: 00000000: e4 5f 01 21 f2 67 c0 62 6b e2 90 00 08 00
[  110.330260] IPv4: martian source 10.221.40.1 from 10.221.40.123, on dev eth0
[  110.337410] ll header: 00000000: ff ff ff ff ff ff 3c 2c 30 a9 28 a6 08 06
[  110.367836] IPv4: martian source 10.221.40.122 from 10.221.40.2, on dev eth0
[  110.375013] ll header: 00000000: e4 5f 01 21 f2 67 c0 62 6b e2 90 00 08 00
[  110.382126] IPv4: martian source 10.221.40.122 from 10.221.40.3, on dev eth0
[  110.389319] ll header: 00000000: e4 5f 01 21 f2 67 a8 9d 21 69 d6 40 08 00
[  110.405334] IPv4: martian source 10.221.40.1 from 10.221.40.123, on dev eth0
[  110.412497] ll header: 00000000: ff ff ff ff ff ff 3c 2c 30 a9 28 a6 08 06
[  110.650494] IPv4: martian source 10.221.40.122 from 10.221.40.2, on dev eth0
[  110.657661] ll header: 00000000: e4 5f 01 21 f2 67 c0 62 6b e2 90 00 08 00
[  111.997631] bcmgenet fd580000.ethernet eth0: Link is Down
[  112.510100] v3d fec00000.v3d: MMU error from client L2T (0) at 0x115c1000, pte invalid
[  118.424022] net_ratelimit: 12 callbacks suppressed
[  118.424030] IPv4: martian source 10.221.40.255 from 10.221.40.137, on dev eth0
[  118.436253] ll header: 00000000: ff ff ff ff ff ff fc 4d d4 f3 34 4e 08 00
[  120.050585] IPv4: martian source 10.221.40.122 from 82.165.8.211, on dev eth0
[  120.057848] ll header: 00000000: e4 5f 01 21 f2 67 c0 62 6b e2 90 00 08 00
[  120.317679] bcmgenet fd580000.ethernet eth0: Link is Up - 100Mbps/Full - flow control rx/tx
[  120.326226] IPv6: ADDRCONF(NETDEV_CHANGE): eth0: link becomes ready
[  121.357587] bcmgenet fd580000.ethernet eth0: Link is Down
[  127.433891] IPv4: martian source 10.221.40.255 from 10.221.40.137, on dev eth0
[  127.441253] ll header: 00000000: ff ff ff ff ff ff fc 4d d4 f3 34 4e 08 00
[  127.597750] bcmgenet fd580000.ethernet eth0: Link is Up - 100Mbps/Full - flow control rx/tx
[  127.606358] IPv6: ADDRCONF(NETDEV_CHANGE): eth0: link becomes ready
[  127.623166] IPv4: martian source 10.221.40.122 from 10.221.40.2, on dev eth0
[  127.630392] ll header: 00000000: e4 5f 01 21 f2 67 c0 62 6b e2 90 00 08 00
[  127.637691] IPv4: martian source 10.221.40.122 from 10.221.40.3, on dev eth0
[  127.644888] ll header: 00000000: e4 5f 01 21 f2 67 a8 9d 21 69 d6 40 08 00
[  127.710400] IPv4: martian source 10.221.40.122 from 10.221.40.3, on dev eth0
[  127.717603] ll header: 00000000: e4 5f 01 21 f2 67 a8 9d 21 69 d6 40 08 00
[  127.724817] IPv4: martian source 10.221.40.122 from 10.221.40.2, on dev eth0
[  127.732048] ll header: 00000000: e4 5f 01 21 f2 67 c0 62 6b e2 90 00 08 00
[  145.453833] IPv4: martian source 10.221.40.255 from 10.221.40.137, on dev eth0
[  145.461217] ll header: 00000000: ff ff ff ff ff ff fc 4d d4 f3 34 4e 08 00
[  145.468375] IPv4: martian source 10.221.40.122 from 10.221.40.3, on dev eth0
[  145.475536] ll header: 00000000: e4 5f 01 21 f2 67 a8 9d 21 69 d6 40 08 00
[  145.482640] IPv4: martian source 10.221.40.122 from 10.221.40.2, on dev eth0
[  145.489821] ll header: 00000000: e4 5f 01 21 f2 67 c0 62 6b e2 90 00 08 00
[  145.526571] IPv4: martian source 10.221.40.122 from 10.221.40.2, on dev eth0
[  145.533751] ll header: 00000000: e4 5f 01 21 f2 67 c0 62 6b e2 90 00 08 00
[  145.540858] IPv4: martian source 10.221.40.122 from 10.221.40.3, on dev eth0
[  145.548036] ll header: 00000000: e4 5f 01 21 f2 67 a8 9d 21 69 d6 40 08 00
[ 2621.585079] IPv6: ADDRCONF(NETDEV_CHANGE): veth5ad4e755: link becomes ready
[ 2621.592390] IPv6: ADDRCONF(NETDEV_CHANGE): vethf902ba2a: link becomes ready
[ 2621.670387] lxdbr0: port 4(veth5ad4e755) entered blocking state
[ 2621.676399] lxdbr0: port 4(veth5ad4e755) entered disabled state
[ 2621.682843] device veth5ad4e755 entered promiscuous mode
[ 2621.688716] audit: type=1700 audit(1639377098.179:50): dev=veth5ad4e755 prom=256 old_prom=0 auid=4294967295 uid=0 gid=0 ses=4294967295
[ 2622.249536] eth0: renamed from vethf902ba2a
root@raspberrypi4:/var/rootdirs/home/root# dmesg | grep Movi*
root@raspberrypi4:/var/rootdirs/home/root# ls
Subscriber.js
Subscriber_new.js
client_secret_405578401357-2m5t0hhmpm05o3fjof15792nlidie0rj.apps.googleusercontent.com.json
com.lg.app.signage_0.0.2_all.ipk
com.lg.app.signage_0.0.3_all.ipk
config
log.txt
node_modules
package-lock.json
socat-armel-static
testApi
utile.js
root@raspberrypi4:/var/rootdirs/home/root# cd ../..
root@raspberrypi4:/var/rootdirs# ls
home   media  mnt    opt    srv
root@raspberrypi4:/var/rootdirs# cd ..
root@raspberrypi4:/var# ls
PMS                  gadget               log                  rootdirs             tmp
cache                home                 luna                 run                  usrlocal
cim                  lib                  luna-service2        settingsservice.ver  volatile
db                   local                palm                 sota
file-cache           lock                 preferences          spool
root@raspberrypi4:/var# cd lib/lxd/containers/
root@raspberrypi4:/var/lib/lxd/containers# ls
cam1           face-13        face1          face2          facenet-alpha
root@raspberrypi4:/var/lib/lxd/containers# cd face-13/
root@raspberrypi4:/var/lib/lxd/containers/face-13# ls
backup.yaml    metadata.yaml  rootfs         templates
root@raspberrypi4:/var/lib/lxd/containers/face-13# cd rootfs/
root@raspberrypi4:/var/lib/lxd/containers/face-13/rootfs# ls
bin      dev      home     linuxrc  mnt      proc     sbin     sysroot  usr
boot     etc      lib      media    opt      run      sys      tmp      var
root@raspberrypi4:/var/lib/lxd/containers/face-13/rootfs# cd dev
root@raspberrypi4:/var/lib/lxd/containers/face-13/rootfs/dev# ls
root@raspberrypi4:/var/lib/lxd/containers/face-13/rootfs/dev# mkdir bus
root@raspberrypi4:/var/lib/lxd/containers/face-13/rootfs/dev# cd bus
root@raspberrypi4:/var/lib/lxd/containers/face-13/rootfs/dev/bus# mkdir usb
root@raspberrypi4:/var/lib/lxd/containers/face-13/rootfs/dev/bus# cd usb
root@raspberrypi4:/var/lib/lxd/containers/face-13/rootfs/dev/bus/usb# pwd
/var/lib/lxd/containers/face-13/rootfs/dev/bus/usb
root@raspberrypi4:/var/lib/lxd/containers/face-13/rootfs/dev/bus/usb# cd ../../../../../
root@raspberrypi4:/var/lib/lxd/containers# lxc config device add face-13 Movidius usb source=/dev/bus/usb path=/var/lib/
lxd/containers/face-13/rootfs/dev/bus/usb
Error: Invalid devices: Device validation failed for "Movidius": Invalid device option "path"
root@raspberrypi4:/var/lib/lxd/containers# cd /dev/bus/usb
root@raspberrypi4:/dev/bus/usb# ls
001  002
root@raspberrypi4:/dev/bus/usb# lxc config device add face-13 Movidius usb source=/dev/bus/usb path=/var/lib/lxd/contain
ers/face-13/rootfs/dev/bus/usb
Error: Invalid devices: Device validation failed for "Movidius": Invalid device option "source"
root@raspberrypi4:/dev/bus/usb# ls
001  002
root@raspberrypi4:/dev/bus/usb# cd 001
root@raspberrypi4:/dev/bus/usb/001# ls
001  002  003  004  005  006  007  008  009
root@raspberrypi4:/dev/bus/usb/001# cd 001
-sh: cd: can't cd to 001: Not a directory
root@raspberrypi4:/dev/bus/usb/001# ls
001  002  003  004  005  006  007  008  009
root@raspberrypi4:/dev/bus/usb/001# cd 001
-sh: cd: can't cd to 001: Not a directory
root@raspberrypi4:/dev/bus/usb/001# ls
001  002  003  004  005  006  007  008  009
root@raspberrypi4:/dev/bus/usb/001# cd /var/dev
-sh: cd: can't cd to /var/dev: No such file or directory
root@raspberrypi4:/dev/bus/usb/001# ls
001  002  003  004  005  006  007  008  009
root@raspberrypi4:/dev/bus/usb/001# cd /dev
root@raspberrypi4:/dev# ls
ashmem           log              ram13            tty              tty33            tty59            vcsa3
autofs           loop-control     ram14            tty0             tty34            tty6             vcsa4
binder           loop0            ram15            tty1             tty35            tty60            vcsa5
block            loop1            ram2             tty10            tty36            tty61            vcsa6
bus              loop2            ram3             tty11            tty37            tty62            vcsm
cachefiles       loop3            ram4             tty12            tty38            tty63            vcsm-cma
char             loop4            ram5             tty13            tty39            tty7             vcsu
console          loop5            ram6             tty14            tty4             tty8             vcsu1
cpu_dma_latency  loop6            ram7             tty15            tty40            tty9             vcsu2
disk             loop7            ram8             tty16            tty41            ttyAMA0          vcsu3
dma_heap         mapper           ram9             tty17            tty42            ttyS0            vcsu4
dri              media0           random           tty18            tty43            ttyprintk        vcsu5
fb0              media1           raw              tty19            tty44            uinput           vcsu6
fd               mem              rfkill           tty2             tty45            urandom          vga_arbiter
full             mmcblk0          rpivid-h264mem   tty20            tty46            v4l              video0
fuse             mmcblk0p1        rpivid-hevcmem   tty21            tty47            vc-mem           video1
gpiochip0        mmcblk0p2        rpivid-intcmem   tty22            tty48            vchiq            video10
gpiochip1        mqueue           rpivid-vp9mem    tty23            tty49            vcio             video11
gpiomem          net              serial0          tty24            tty5             vcs              video12
hidraw0          null             serial1          tty25            tty50            vcs1             watchdog
hidraw1          port             shm              tty26            tty51            vcs2             watchdog0
hidraw2          ptmx             snapshot         tty27            tty52            vcs3             zero
hidraw3          pts              snd              tty28            tty53            vcs4             zram0
hwrng            ram0             spidev0.0        tty29            tty54            vcs5
i2c-1            ram1             spidev0.1        tty3             tty55            vcs6
initctl          ram10            stderr           tty30            tty56            vcsa
input            ram11            stdin            tty31            tty57            vcsa1
kmsg             ram12            stdout           tty32            tty58            vcsa2
root@raspberrypi4:/dev# lsusb
Bus 001 Device 007: ID 0461:4d81
Bus 001 Device 001: ID 1d6b:0002
Bus 001 Device 006: ID 413c:2107
Bus 001 Device 003: ID 1a40:0101
Bus 001 Device 002: ID 2109:3431
Bus 001 Device 005: ID 413c:2106
Bus 002 Device 001: ID 1d6b:0003
Bus 001 Device 008: ID 413c:301a
Bus 001 Device 004: ID 046d:082b
Bus 001 Device 009: ID 03e7:2150
root@raspberrypi4:/dev# lxc config device add face-13 Movidius usb source=/dev/bus/usb path=/var/lib/lxd/containers/face
-13/rootfs/dev/bus/usb
Error: Invalid devices: Device validation failed for "Movidius": Invalid device option "path"
root@raspberrypi4:/dev# lxc config device add face-13 Movidius usb /dev/bus/usb /var/lib/lxd/containers/face-13/rootfs/d
ev/bus/usb
Error: No value found in "/dev/bus/usb"
root@raspberrypi4:/dev# lxc config device add face-13 Movidius usb source=/dev/bus/usb path=/var/lib/lxd/containers/face
-13/rootfs/dev/bus/usb
Error: Invalid devices: Device validation failed for "Movidius": Invalid device option "source"
root@raspberrypi4:/dev# lxc config device add face-13 Movidius usb source=/dev/bus/usb path=/dev/bus/usb
Error: Invalid devices: Device validation failed for "Movidius": Invalid device option "source"
root@raspberrypi4:/dev# cd /dev/bus/usb/
root@raspberrypi4:/dev/bus/usb# ls
001  002
root@raspberrypi4:/dev/bus/usb# lxc config device add face-13 Movidius usb source=/dev/bus/usb path=/var/lib/lxd/contain
ers/face-13/rootfsdev/bus/usb^C
root@raspberrypi4:/dev/bus/usb# lxc config device add face-13 Movidius usb source=/dev/bus/usb path=/dev/bus/usb
Error: Invalid devices: Device validation failed for "Movidius": Invalid device option "source"
root@raspberrypi4:/dev/bus/usb# lxc config device add face-13 Movidius usb source=/dev/bus/usb/001 path=/dev/bus/usb
Error: Invalid devices: Device validation failed for "Movidius": Invalid device option "path"
root@raspberrypi4:/dev/bus/usb# lxc config device add face-13 Movidius usb source=/dev/bus/usb/001 path=/dev/bus
Error: Invalid devices: Device validation failed for "Movidius": Invalid device option "path"
root@raspberrypi4:/dev/bus/usb# lxc config device add face-13 Movidius usb source=/dev/bus/usb/001 path=/dev
Error: Invalid devices: Device validation failed for "Movidius": Invalid device option "path"
root@raspberrypi4:/dev/bus/usb# lxc config device add face-13 Movidius usb source=/dev/bus/usb/001 path=/
Error: Invalid devices: Device validation failed for "Movidius": Invalid device option "path"
root@raspberrypi4:/dev/bus/usb# lxc config device add face-13 Movidius usb source=/dev/bus/usb/001 path=
Error: Invalid devices: Device validation failed for "Movidius": Invalid device option "source"
root@raspberrypi4:/dev/bus/usb# lxc config device add face-13 Movidius usb source=/dev/bus/usb/001 path=/var
Error: Invalid devices: Device validation failed for "Movidius": Invalid device option "path"
root@raspberrypi4:/dev/bus/usb# lxc config device add face-13 Movidius usb source=/dev/bus/usb/001 path=/dev/bus/usb/001

Error: Invalid devices: Device validation failed for "Movidius": Invalid device option "path"
root@raspberrypi4:/dev/bus/usb# lxc config device add face-13 Movidius usb source=/dev/bus/usb/001 path=/dev/bus/usb/001
 ^C
root@raspberrypi4:/dev/bus/usb# lxc list
+---------------+---------+------+------+-----------+-----------+
|     NAME      |  STATE  | IPV4 | IPV6 |   TYPE    | SNAPSHOTS |
+---------------+---------+------+------+-----------+-----------+
| cam1          | RUNNING |      |      | CONTAINER | 0         |
+---------------+---------+------+------+-----------+-----------+
| face1         | STOPPED |      |      | CONTAINER | 0         |
+---------------+---------+------+------+-----------+-----------+
| face2         | RUNNING |      |      | CONTAINER | 0         |
+---------------+---------+------+------+-----------+-----------+
| face-13       | RUNNING |      |      | CONTAINER | 0         |
+---------------+---------+------+------+-----------+-----------+
| facenet-alpha | RUNNING |      |      | CONTAINER | 0         |
+---------------+---------+------+------+-----------+-----------+
root@raspberrypi4:/dev/bus/usb# lxc exec face-13 -- bash
/ # cd /var/
/var # cd
bash: cd: can't cd to /root: No such file or directory
/var # exit
root@raspberrypi4:/dev/bus/usb#
root@raspberrypi4:/dev/bus/usb#
root@raspberrypi4:/dev/bus/usb#
root@raspberrypi4:/dev/bus/usb#
root@raspberrypi4:/dev/bus/usb# lxc config set face-13 security.privileged true
root@raspberrypi4:/dev/bus/usb#
root@raspberrypi4:/dev/bus/usb#
root@raspberrypi4:/dev/bus/usb# lxc config device add face-13 Movidius usb source=/dev/bus/usb/001 path=/dev/bus/usb/001

Error: Invalid devices: Device validation failed for "Movidius": Invalid device option "path"
root@raspberrypi4:/dev/bus/usb# lxc config device add face-13 Movidius usb source=/dev/bus/usb/001/ path=/dev/bus/usb/00
1/
Error: Invalid devices: Device validation failed for "Movidius": Invalid device option "source"
root@raspberrypi4:/dev/bus/usb# lxc config device add face-13 Movidius usb source=/dev/bus/usb/001 path=/dev/bus/usb/001
/
Error: Invalid devices: Device validation failed for "Movidius": Invalid device option "path"
root@raspberrypi4:/dev/bus/usb# lxc config device add face-13 Movidius usb source=/dev/bus/usb/001 path=/dev/bus/usb/001

Error: Invalid devices: Device validation failed for "Movidius": Invalid device option "source"
root@raspberrypi4:/dev/bus/usb# lxc config device add face-13 Movidius usb source=/dev/bus/usb/001/ path=/dev/bus/usb/00
1/
Error: Invalid devices: Device validation failed for "Movidius": Invalid device option "path"
root@raspberrypi4:/dev/bus/usb# lxc config device add face-13 movidius usb source=/dev/bus/usb/001/ path=/dev/bus/usb/00
1/
Error: Invalid devices: Device validation failed for "movidius": Invalid device option "path"
root@raspberrypi4:/dev/bus/usb# lxc config device add face-13 movidius usb source=/dev/bus/usb/001/
Error: Invalid devices: Device validation failed for "movidius": Invalid device option "source"
root@raspberrypi4:/dev/bus/usb# lxc config device add face-13 movidius usb source=/dev/bus/usb/
Error: Invalid devices: Device validation failed for "movidius": Invalid device option "source"
root@raspberrypi4:/dev/bus/usb# lxc config device add face-13 Movidius usb source=/dev/bus/usb/001/ path=/dev/bus/usb/00
1
Error: Invalid devices: Device validation failed for "Movidius": Invalid device option "path"
root@raspberrypi4:/dev/bus/usb# ls
001  002
root@raspberrypi4:/dev/bus/usb# lxc config device add face-13 Movidius usb source=/dev/bus/usb/002/ path=/dev/bus/usb/00
root@raspberrypi4:/dev/bus/usb# lxc config device add face-13 Movidius usb source=/dev/bus/usb/ path=dev/bus/usb
Error: Invalid devices: Device validation failed for "Movidius": Invalid device option "path"
root@raspberrypi4:/dev/bus/usb# cd /dev/usb
-sh: cd: can't cd to /dev/usb: No such file or directory
root@raspberrypi4:/dev/bus/usb# ls
001  002
root@raspberrypi4:/dev/bus/usb# cd /dev/bus/usb
root@raspberrypi4:/dev/bus/usb# ls
001  002
root@raspberrypi4:/dev/bus/usb# cd 002/
root@raspberrypi4:/dev/bus/usb/002# ls
001
root@raspberrypi4:/dev/bus/usb/002# ls -l
total 0
crw-rw-rw-    1 root     root      189, 128 Jan  1  1970 001
root@raspberrypi4:/dev/bus/usb/002# cd /etc
root@raspberrypi4:/etc# ls
PmLogDaemon                                 nail.rc
alsa                                        netconfig
asound.conf                                 network
bindresvport.blacklist                      nftables
bluetooth                                   nsswitch.conf
build                                       ntp.conf
busybox.links.nosuid                        ofono
busybox.links.suid                          opkg
ca-certificates                             os-release
ca-certificates.conf                        ostree
com.webos.service.mediaindexer              palm
configd                                     passwd
connman                                     pdm
dbus-1                                      pki
default                                     pmlog.d
depmod.d                                    prefs
dnsmasq.conf                                profile
dnsmasq.d                                   profile.d
docker                                      protocols
dropbear                                    pulse
e2fsck.conf                                 rdxd.conf
e2scrub.conf                                rdxd.d
ebtables                                    request-key.conf
ethertypes                                  request-key.d
event.d                                     resolv-conf.connman
fluent-bit                                  resolv-conf.systemd
fonts                                       resolv.conf
fstab                                       rpc
fw_env.config                               rsyncd.conf
g-camera-pipeline                           securetty
g-media-pipeline                            services
googleAssistant                             shadow
group                                       shells
group-                                      skel
gshadow                                     smartd.conf
gshadow-                                    smartd_warning.d
host.conf                                   smartd_warning.sh
hostname                                    ssl
hosts                                       subgid
init                                        subgid-
init.d                                      subuid
inputrc                                     subuid-
iproute2                                    surface-manager.d
iptables                                    sysctl.conf
issue                                       sysctl.d
issue.net                                   syslog.conf
ld.so.cache                                 systemd
ld.so.conf                                  terminfo
libnl                                       timestamp
limits                                      timezone
localtime                                   tmpfiles.d
location                                    u-boot-initial-env
login.access                                u-boot-initial-env-raspberrypi4
login.defs                                  u-boot-initial-env-raspberrypi4-2020.01-r0
luna-service2                               udev
lxc                                         umediaserver
machine-id                                  version
mke2fs.conf                                 wam
modprobe.d                                  webos-release
modules-load.d                              webos_config_1.json
motd                                        wpa_supplicant.conf
mtab                                        xdg
root@raspberrypi4:/etc# cd c
ca-certificates/                 configd/
com.webos.service.mediaindexer/  connman/
root@raspberrypi4:/etc# cd p
palm/       pdm/        pki/        pmlog.d/    prefs/      profile.d/  pulse/
root@raspberrypi4:/etc# cd lxc/
root@raspberrypi4:/etc/lxc# ls
default.conf
root@raspberrypi4:/etc/lxc# lxc list
+---------------+---------+------+------+-----------+-----------+
|     NAME      |  STATE  | IPV4 | IPV6 |   TYPE    | SNAPSHOTS |
+---------------+---------+------+------+-----------+-----------+
| cam1          | RUNNING |      |      | CONTAINER | 0         |
+---------------+---------+------+------+-----------+-----------+
| face1         | STOPPED |      |      | CONTAINER | 0         |
+---------------+---------+------+------+-----------+-----------+
| face2         | RUNNING |      |      | CONTAINER | 0         |
+---------------+---------+------+------+-----------+-----------+
| face-13       | RUNNING |      |      | CONTAINER | 0         |
+---------------+---------+------+------+-----------+-----------+
| facenet-alpha | RUNNING |      |      | CONTAINER | 0         |
+---------------+---------+------+------+-----------+-----------+
root@raspberrypi4:/etc/lxc# cd /var/lib/lxd/
root@raspberrypi4:/var/lib/lxd# ls
backups                     disks                       server.crt                  unix.socket
containers                  images                      server.key                  virtual-machines
database                    networks                    shmounts                    virtual-machines-snapshots
devices                     seccomp.socket              snapshots
devlxd                      security                    storage-pools
root@raspberrypi4:/var/lib/lxd# cd containers/
root@raspberrypi4:/var/lib/lxd/containers# ls
cam1           face-13        face1          face2          facenet-alpha
root@raspberrypi4:/var/lib/lxd/containers# cd face
face-13/        face1/          face2/          facenet-alpha/
root@raspberrypi4:/var/lib/lxd/containers# cd face-13/
root@raspberrypi4:/var/lib/lxd/containers/face-13# ls
backup.yaml    metadata.yaml  rootfs         templates
root@raspberrypi4:/var/lib/lxd/containers/face-13#  lxc config device add face-13 Movidius disk source=/dev/bus/usb path
=/dev/bus/usb
Device Movidius added to face-13
root@raspberrypi4:/var/lib/lxd/containers/face-13# cd face-13
-sh: cd: can't cd to face-13: No such file or directory
root@raspberrypi4:/var/lib/lxd/containers/face-13# ls
backup.yaml    metadata.yaml  rootfs         templates
root@raspberrypi4:/var/lib/lxd/containers/face-13# lxc exec face-13 -- bash
/ # ls
bin      dev      home     linuxrc  mnt      proc     sbin     sysroot  usr
boot     etc      lib      media    opt      run      sys      tmp      var
/ # lsusb
Bus 001 Device 007: ID 0461:4d81
Bus 001 Device 001: ID 1d6b:0002
Bus 001 Device 006: ID 413c:2107
Bus 001 Device 003: ID 1a40:0101
Bus 001 Device 002: ID 2109:3431
Bus 001 Device 005: ID 413c:2106
Bus 002 Device 001: ID 1d6b:0003
Bus 001 Device 008: ID 413c:301a
Bus 001 Device 004: ID 046d:082b
Bus 001 Device 009: ID 03e7:2150
/ # cd /home/root
~ # ls
Face-Detect         RPI_client.js       facenet-pipe.py
Pictures.zip        face_match          run-facenet-client
~ # cd Face-Detect/
~/Face-Detect # ls
RPI                                  data.sqbpro                          package-lock.json
RPI_client.js                        examples                             public
cert                                 haarcascade_frontalface_default.xml  server.js
cert.pem                             image.jpg                            sqlite3
config                               key.pem
data.db                              node_modules
~/Face-Detect # cd examples/
~/Face-Detect/examples # node RPI_client.js
socketURL => https://10.221.40.228:8888
pyth stderr: Traceback (most recent call last):
  File "/usr/bin/facenet-pipe.py", line 265, in <module>
    sys.exit(main())
  File "/usr/bin/facenet-pipe.py", line 200, in main
    device.OpenDevice()
  File "/usr/bin/mvnc/mvncapi.py", line 147, in OpenDevice
    raise Exception(Status(status))
Exception: mvncStatus.ERROR

a^H^H^H^H^H^H^C
~/Face-Detect/examples # exit
root@raspberrypi4:/var/lib/lxd/containers/face-13#  lxc config device add face-13 Movidius unix-char source=/dev/bus/usb
 path=/dev/bus/usb
Error: The device already exists
root@raspberrypi4:/var/lib/lxd/containers/face-13# lxc config remove face-13 Movidius
Description:
  Manage instance and server configuration options

Usage:
  lxc config [command]

Available Commands:
  device      Manage devices
  edit        Edit instance or server configurations as YAML
  get         Get values for instance or server configuration keys
  metadata    Manage instance metadata files
  set         Set instance or server configuration keys
  show        Show instance or server configurations
  template    Manage instance file templates
  trust       Manage trusted clients
  unset       Unset instance or server configuration keys

Global Flags:
      --debug            Show all debug messages
      --force-local      Force using the local unix socket
  -h, --help             Print help
      --project string   Override the source project
  -q, --quiet            Don't show progress information
  -v, --verbose          Show all information messages
      --version          Print version number

Use "lxc config [command] --help" for more information about a command.
root@raspberrypi4:/var/lib/lxd/containers/face-13# lxc config unset face-13 Movidius
Error: Can't unset key 'Movidius', it's not currently set
root@raspberrypi4:/var/lib/lxd/containers/face-13#  lxc config device add face-13 Movidius disk source=/dev/bus/usb path
=/dev/bus/usb
Error: The device already exists
root@raspberrypi4:/var/lib/lxd/containers/face-13# cd ..
root@raspberrypi4:/var/lib/lxd/containers# ls
cam1           face-13        face1          face2          facenet-alpha
root@raspberrypi4:/var/lib/lxd/containers# cd cam1/
root@raspberrypi4:/var/lib/lxd/containers/cam1# ls
backup.yaml    metadata.yaml  rootfs         templates
root@raspberrypi4:/var/lib/lxd/containers/cam1# lxc config show cam1
architecture: armv7l
config:
  image.architecture: armhf
  image.description: homesurveillance camera for dxdemo
  image.os: webOS OSE 2.13.1
  image.release: ose 2.0
  image.variant: default
  volatile.base_image: a6a47b47a3f06713ce0d64f25438a9c1572d266eacb0976e71fffbac37391349
  volatile.eth0.host_name: vetha2de0df3
  volatile.eth0.hwaddr: 00:16:3e:b7:dd:a4
  volatile.idmap.base: "0"
  volatile.idmap.current: '[{"Isuid":true,"Isgid":false,"Hostid":1000000,"Nsid":0,"Maprange":65536},{"Isuid":false,"Isgi                         d":true,"Hostid":1000000,"Nsid":0,"Maprange":65536}]'
  volatile.idmap.next: '[{"Isuid":true,"Isgid":false,"Hostid":1000000,"Nsid":0,"Maprange":65536},{"Isuid":false,"Isgid":                         true,"Hostid":1000000,"Nsid":0,"Maprange":65536}]'
  volatile.last_state.idmap: '[{"Isuid":true,"Isgid":false,"Hostid":1000000,"Nsid":0,"Maprange":65536},{"Isuid":false,"I                         sgid":true,"Hostid":1000000,"Nsid":0,"Maprange":65536}]'
  volatile.last_state.power: RUNNING
  volatile.uuid: 42e87b88-ce60-449d-8bd5-ece3bc56a819
devices: {}
ephemeral: false
profiles:
- default
stateful: false
description: ""
root@raspberrypi4:/var/lib/lxd/containers/cam1# lxc config device set face-13 raw.lxc="lxc.cgroup.devices.allow =c 81:*
rwm"
Description:
  Set device configuration keys

  For backward compatibility, a single configuration key may still be set with:
      lxc config device set [<remote>:]<instance> <device> <key> <value>

Usage:
  lxc config device set [<remote>:]<instance> <device> <key>=<value>... [flags]

Global Flags:
      --debug            Show all debug messages
      --force-local      Force using the local unix socket
  -h, --help             Print help
      --project string   Override the source project
  -q, --quiet            Don't show progress information
  -v, --verbose          Show all information messages
      --version          Print version number
Error: Invalid number of arguments
root@raspberrypi4:/var/lib/lxd/containers/cam1# lxc config device set face-13 raw.lxc="lxc.cgroup.devices.allow =c 189:*
 rwm"
Description:
  Set device configuration keys

  For backward compatibility, a single configuration key may still be set with:
      lxc config device set [<remote>:]<instance> <device> <key> <value>

Usage:
  lxc config device set [<remote>:]<instance> <device> <key>=<value>... [flags]

Global Flags:
      --debug            Show all debug messages
      --force-local      Force using the local unix socket
  -h, --help             Print help
      --project string   Override the source project
  -q, --quiet            Don't show progress information
  -v, --verbose          Show all information messages
      --version          Print version number
Error: Invalid number of arguments
root@raspberrypi4:/var/lib/lxd/containers/cam1# lxc config device set face-13 raw.lxc="lxc.cgroup.devices.allow =c 189:*
 rwm"
Description:
  Set device configuration keys

  For backward compatibility, a single configuration key may still be set with:
      lxc config device set [<remote>:]<instance> <device> <key> <value>

Usage:
  lxc config device set [<remote>:]<instance> <device> <key>=<value>... [flags]

Global Flags:
      --debug            Show all debug messages
      --force-local      Force using the local unix socket
  -h, --help             Print help
      --project string   Override the source project
  -q, --quiet            Don't show progress information
  -v, --verbose          Show all information messages
      --version          Print version number
Error: Invalid number of arguments
root@raspberrypi4:/var/lib/lxd/containers/cam1# lxc config device set face-13 raw.lxc="lxc.cgroup.devices.allow =c 81:*
rwm"
Description:
  Set device configuration keys

  For backward compatibility, a single configuration key may still be set with:
      lxc config device set [<remote>:]<instance> <device> <key> <value>

Usage:
  lxc config device set [<remote>:]<instance> <device> <key>=<value>... [flags]

Global Flags:
      --debug            Show all debug messages
      --force-local      Force using the local unix socket
  -h, --help             Print help
      --project string   Override the source project
  -q, --quiet            Don't show progress information
  -v, --verbose          Show all information messages
      --version          Print version number
Error: Invalid number of arguments
root@raspberrypi4:/var/lib/lxd/containers/cam1# lxc config device set "face-13" raw.lxc="lxc.cgroup.devices.allow =c 81:
* rwm"
Description:
  Set device configuration keys

  For backward compatibility, a single configuration key may still be set with:
      lxc config device set [<remote>:]<instance> <device> <key> <value>

Usage:
  lxc config device set [<remote>:]<instance> <device> <key>=<value>... [flags]

Global Flags:
      --debug            Show all debug messages
      --force-local      Force using the local unix socket
  -h, --help             Print help
      --project string   Override the source project
  -q, --quiet            Don't show progress information
  -v, --verbose          Show all information messages
      --version          Print version number
Error: Invalid number of arguments
root@raspberrypi4:/var/lib/lxd/containers/cam1# lxc config device add "face-13" raw.lxc="lxc.cgroup.devices.allow =c 81:
* rwm"
Description:
  Add instance devices

Usage:
  lxc config device add [<remote>:]<instance> <device> <type> [key=value...] [flags]

Examples:
  lxc config device add [<remote>:]instance1 <device-name> disk source=/share/c1 path=opt
      Will mount the host's /share/c1 onto /opt in the instance.

Global Flags:
      --debug            Show all debug messages
      --force-local      Force using the local unix socket
  -h, --help             Print help
      --project string   Override the source project
  -q, --quiet            Don't show progress information
  -v, --verbose          Show all information messages
      --version          Print version number
Error: Invalid number of arguments
root@raspberrypi4:/var/lib/lxd/containers/cam1# lxc config device set "face-13" raw.lxc="lxc.cgroup.devices.allow =c 81:
* rwm"
Description:
  Set device configuration keys

  For backward compatibility, a single configuration key may still be set with:
      lxc config device set [<remote>:]<instance> <device> <key> <value>

Usage:
  lxc config device set [<remote>:]<instance> <device> <key>=<value>... [flags]

Global Flags:
      --debug            Show all debug messages
      --force-local      Force using the local unix socket
  -h, --help             Print help
      --project string   Override the source project
  -q, --quiet            Don't show progress information
  -v, --verbose          Show all information messages
      --version          Print version number
Error: Invalid number of arguments
root@raspberrypi4:/var/lib/lxd/containers/cam1# lxc list
+---------------+---------+------+------+-----------+-----------+
|     NAME      |  STATE  | IPV4 | IPV6 |   TYPE    | SNAPSHOTS |
+---------------+---------+------+------+-----------+-----------+
| cam1          | RUNNING |      |      | CONTAINER | 0         |
+---------------+---------+------+------+-----------+-----------+
| face1         | STOPPED |      |      | CONTAINER | 0         |
+---------------+---------+------+------+-----------+-----------+
| face2         | RUNNING |      |      | CONTAINER | 0         |
+---------------+---------+------+------+-----------+-----------+
| face-13       | RUNNING |      |      | CONTAINER | 0         |
+---------------+---------+------+------+-----------+-----------+
| facenet-alpha | RUNNING |      |      | CONTAINER | 0         |
+---------------+---------+------+------+-----------+-----------+
root@raspberrypi4:/var/lib/lxd/containers/cam1# lxc config show face-13
architecture: armv7l
config:
  image.architecture: armhf
  image.description: Webos 2.0 armhf (20210825_13:09)
  image.name: Webos-2,0-armhf-20210825_13:09
  image.os: webos
  image.release: "2.0"
  image.serial: "20210825_13:09"
  image.variant: default
  security.privileged: "true"
  volatile.base_image: 886fce0c892dfc7d9f04293d7606a2c941449edad0829a437352ebf97f34688f
  volatile.eth0.host_name: veth5ad4e755
  volatile.eth0.hwaddr: 00:16:3e:f9:dd:03
  volatile.idmap.base: "0"
  volatile.idmap.current: '[{"Isuid":true,"Isgid":false,"Hostid":1000000,"Nsid":0,"Maprange":65536},{"Isuid":false,"Isgi                         d":true,"Hostid":1000000,"Nsid":0,"Maprange":65536}]'
  volatile.idmap.next: '[]'
  volatile.last_state.idmap: '[{"Isuid":true,"Isgid":false,"Hostid":1000000,"Nsid":0,"Maprange":65536},{"Isuid":false,"I                         sgid":true,"Hostid":1000000,"Nsid":0,"Maprange":65536}]'
  volatile.last_state.power: RUNNING
  volatile.uuid: 2667a733-88b0-4a03-9dbf-a6fddcbf6005
devices:
  Movidius:
    path: /dev/bus/usb
    source: /dev/bus/usb
    type: disk
ephemeral: false
profiles:
- default
stateful: false
description: ""
root@raspberrypi4:/var/lib/lxd/containers/cam1# printf 'lxc.cgroup.devices.allow =c 189:* rwm' | lxc config set face-13
raw.lxc -
root@raspberrypi4:/var/lib/lxd/containers/cam1# lxc config show face-13
architecture: armv7l
config:
  image.architecture: armhf
  image.description: Webos 2.0 armhf (20210825_13:09)
  image.name: Webos-2,0-armhf-20210825_13:09
  image.os: webos
  image.release: "2.0"
  image.serial: "20210825_13:09"
  image.variant: default
  raw.lxc: lxc.cgroup.devices.allow =c 189:* rwm
  security.privileged: "true"
  volatile.base_image: 886fce0c892dfc7d9f04293d7606a2c941449edad0829a437352ebf97f34688f
  volatile.eth0.host_name: veth5ad4e755
  volatile.eth0.hwaddr: 00:16:3e:f9:dd:03
  volatile.idmap.base: "0"
  volatile.idmap.current: '[{"Isuid":true,"Isgid":false,"Hostid":1000000,"Nsid":0,"Maprange":65536},{"Isuid":false,"Isgi                         d":true,"Hostid":1000000,"Nsid":0,"Maprange":65536}]'
  volatile.idmap.next: '[]'
  volatile.last_state.idmap: '[{"Isuid":true,"Isgid":false,"Hostid":1000000,"Nsid":0,"Maprange":65536},{"Isuid":false,"I                         sgid":true,"Hostid":1000000,"Nsid":0,"Maprange":65536}]'
  volatile.last_state.power: RUNNING
  volatile.uuid: 2667a733-88b0-4a03-9dbf-a6fddcbf6005
devices:
  Movidius:
    path: /dev/bus/usb
    source: /dev/bus/usb
    type: disk
ephemeral: false
profiles:
- default
stateful: false
description: ""
root@raspberrypi4:/var/lib/lxd/containers/cam1# cd ../face-13/
root@raspberrypi4:/var/lib/lxd/containers/face-13#
Network error: Software caused connection abort

------------------------------------------------------------------------------------------------------------------------

Session stopped
    - Press <return> to exit tab
    - Press R to restart session
    - Press S to save terminal output to file
    +----------------------------------------------------------------------+
                        MobaXterm Professional v21.0                    
                   (SSH client, X server and network tools)               
                                                                          
     ? SSH session to root@10.221.40.122                                  
        Direct SSH      :  ?                                             
        SSH compression :  ?                                             
        SSH-browser     :  ?                                             
        X11-forwarding  :  ?  (remote display is forwarded through SSH)  
                                                                          
     ? For more info, ctrl+click on help or visit our website.            
    +----------------------------------------------------------------------+

sh: xauth: not found
root@raspberrypi4:/var/rootdirs/home/root# ls
Subscriber.js
Subscriber_new.js
client_secret_405578401357-2m5t0hhmpm05o3fjof15792nlidie0rj.apps.googleusercontent.com.json
com.lg.app.signage_0.0.2_all.ipk
com.lg.app.signage_0.0.3_all.ipk
com.lg.app.signage_0.0.3_all_backup.ipk
config
log.txt
node_modules
package-lock.json
socat-armel-static
testApi
tracking
tracking.zip
utile.js
root@raspberrypi4:/var/rootdirs/home/root# lxc config device add face-13 video0 unix-char path=/dev/video0
Device video0 added to face-13
root@raspberrypi4:/var/rootdirs/home/root# lxc stop face-13
root@raspberrypi4:/var/rootdirs/home/root# lxc list
+---------------+---------+------+------+-----------+-----------+
|     NAME      |  STATE  | IPV4 | IPV6 |   TYPE    | SNAPSHOTS |
+---------------+---------+------+------+-----------+-----------+
| cam1          | STOPPED |      |      | CONTAINER | 0         |
+---------------+---------+------+------+-----------+-----------+
| face1         | STOPPED |      |      | CONTAINER | 0         |
+---------------+---------+------+------+-----------+-----------+
| face2         | RUNNING |      |      | CONTAINER | 0         |
+---------------+---------+------+------+-----------+-----------+
| face-13       | STOPPED |      |      | CONTAINER | 0         |
+---------------+---------+------+------+-----------+-----------+
| facenet-alpha | RUNNING |      |      | CONTAINER | 0         |
+---------------+---------+------+------+-----------+-----------+
root@raspberrypi4:/var/rootdirs/home/root# lxc start face-13
root@raspberrypi4:/var/rootdirs/home/root# lxc config shoe face-13
Description:
  Manage instance and server configuration options

Usage:
  lxc config [command]

Available Commands:
  device      Manage devices
  edit        Edit instance or server configurations as YAML
  get         Get values for instance or server configuration keys
  metadata    Manage instance metadata files
  set         Set instance or server configuration keys
  show        Show instance or server configurations
  template    Manage instance file templates
  trust       Manage trusted clients
  unset       Unset instance or server configuration keys

Global Flags:
      --debug            Show all debug messages
      --force-local      Force using the local unix socket
  -h, --help             Print help
      --project string   Override the source project
  -q, --quiet            Don't show progress information
  -v, --verbose          Show all information messages
      --version          Print version number

Use "lxc config [command] --help" for more information about a command.
root@raspberrypi4:/var/rootdirs/home/root# lxc config show face-13
architecture: armv7l
config:
  image.architecture: armhf
  image.description: Webos 2.0 armhf (20210825_13:09)
  image.name: Webos-2,0-armhf-20210825_13:09
  image.os: webos
  image.release: "2.0"
  image.serial: "20210825_13:09"
  image.variant: default
  raw.lxc: lxc.cgroup.devices.allow =c 189:* rwm
  security.privileged: "true"
  volatile.base_image: 886fce0c892dfc7d9f04293d7606a2c941449edad0829a437352ebf97f34688f
  volatile.eth0.host_name: vethcad7289b
  volatile.eth0.hwaddr: 00:16:3e:f9:dd:03
  volatile.idmap.base: "0"
  volatile.idmap.current: '[]'
  volatile.idmap.next: '[]'
  volatile.last_state.idmap: '[]'
  volatile.last_state.power: RUNNING
  volatile.uuid: 2667a733-88b0-4a03-9dbf-a6fddcbf6005
devices:
  Movidius:
    productid: "2150"
    type: usb
    vendorid: "03e7"
  video0:
    path: /dev/video0
    type: unix-char
ephemeral: false
profiles:
- default
stateful: false
description: ""
root@raspberrypi4:/var/rootdirs/home/root# printf 'lxc.cgroup.devices.allow =c 81:* rwm' | lxc config set face-13 raw.lxc -
root@raspberrypi4:/var/rootdirs/home/root# lxc stop face-13
root@raspberrypi4:/var/rootdirs/home/root# lxc start face-13
root@raspberrypi4:/var/rootdirs/home/root#
Network error: Software caused connection abort

------------------------------------------------------------------------------------------------------------------------------

Session stopped
    - Press <return> to exit tab
    - Press R to restart session
    - Press S to save terminal output to file
    +----------------------------------------------------------------------+
                        MobaXterm Professional v21.0                    
                   (SSH client, X server and network tools)               
                                                                          
     ? SSH session to root@10.221.40.122                                  
        Direct SSH      :  ?                                             
        SSH compression :  ?                                             
        SSH-browser     :  ?                                             
        X11-forwarding  :  ?  (remote display is forwarded through SSH)  
                                                                          
     ? For more info, ctrl+click on help or visit our website.            
    +----------------------------------------------------------------------+

sh: xauth: not found
root@raspberrypi4:/var/rootdirs/home/root#
Network error: Software caused connection abort

------------------------------------------------------------------------------------------------------------------------------

Session stopped
    - Press <return> to exit tab
    - Press R to restart session
    - Press S to save terminal output to file
    +----------------------------------------------------------------------+
                        MobaXterm Professional v21.0                    
                   (SSH client, X server and network tools)               
                                                                          
     ? SSH session to root@10.221.40.122                                  
        Direct SSH      :  ?                                             
        SSH compression :  ?                                             
        SSH-browser     :  ?                                             
        X11-forwarding  :  ?  (remote display is forwarded through SSH)  
                                                                          
     ? For more info, ctrl+click on help or visit our website.            
    +----------------------------------------------------------------------+

sh: xauth: not found
root@raspberrypi4:/var/rootdirs/home/root# lxc list
+---------------+---------+------+------+-----------+-----------+
|     NAME      |  STATE  | IPV4 | IPV6 |   TYPE    | SNAPSHOTS |
+---------------+---------+------+------+-----------+-----------+
| cam1          | STOPPED |      |      | CONTAINER | 0         |
+---------------+---------+------+------+-----------+-----------+
| face1         | STOPPED |      |      | CONTAINER | 0         |
+---------------+---------+------+------+-----------+-----------+
| face2         | RUNNING |      |      | CONTAINER | 0         |
+---------------+---------+------+------+-----------+-----------+
| face-13       | RUNNING |      |      | CONTAINER | 0         |
+---------------+---------+------+------+-----------+-----------+
| facenet-alpha | RUNNING |      |      | CONTAINER | 0         |
+---------------+---------+------+------+-----------+-----------+
root@raspberrypi4:/var/rootdirs/home/root# lxc stop face-13
root@raspberrypi4:/var/rootdirs/home/root# lxc config device remove face-13 Movidius
Device Movidius removed from face-13
root@raspberrypi4:/var/rootdirs/home/root# lxc config device add face-13 Movidius gpu vendorid=03e7 productid=2150
Device Movidius added to face-13
root@raspberrypi4:/var/rootdirs/home/root# lxc list
+---------------+---------+------+------+-----------+-----------+
|     NAME      |  STATE  | IPV4 | IPV6 |   TYPE    | SNAPSHOTS |
+---------------+---------+------+------+-----------+-----------+
| cam1          | STOPPED |      |      | CONTAINER | 0         |
+---------------+---------+------+------+-----------+-----------+
| face1         | STOPPED |      |      | CONTAINER | 0         |
+---------------+---------+------+------+-----------+-----------+
| face2         | RUNNING |      |      | CONTAINER | 0         |
+---------------+---------+------+------+-----------+-----------+
| face-13       | STOPPED |      |      | CONTAINER | 0         |
+---------------+---------+------+------+-----------+-----------+
| facenet-alpha | RUNNING |      |      | CONTAINER | 0         |
+---------------+---------+------+------+-----------+-----------+
root@raspberrypi4:/var/rootdirs/home/root# lxc start face-13
Error: Failed preparing container for start: Failed to start device "Movidius": Failed to detect requested GPU device
Try `lxc info --show-log face-13` for more info
root@raspberrypi4:/var/rootdirs/home/root# lxc config device remove face-13 Movidius
Device Movidius removed from face-13
root@raspberrypi4:/var/rootdirs/home/root# lxc config device add face-13 Movidius usb vendorid=03e7 productid=2150
Device Movidius added to face-13
root@raspberrypi4:/var/rootdirs/home/root# lxc start face-13
root@raspberrypi4:/var/rootdirs/home/root# lxc config set cont_name security.privileged false
Error: not found
root@raspberrypi4:/var/rootdirs/home/root# lxc config set face-13 security.privileged false
root@raspberrypi4:/var/rootdirs/home/root# lxc start face-13
Error: Failed preparing container for start: The container is already running
root@raspberrypi4:/var/rootdirs/home/root# lxc stop face-13
root@raspberrypi4:/var/rootdirs/home/root# lxc start face-13
root@raspberrypi4:/var/rootdirs/home/root#
Network error: Software caused connection abort

------------------------------------------------------------------------------------------------------------------------------

Session stopped
    - Press <return> to exit tab
    - Press R to restart session
    - Press S to save terminal output to file
    +----------------------------------------------------------------------+
                        MobaXterm Professional v21.0                    
                   (SSH client, X server and network tools)               
                                                                          
     ? SSH session to root@10.221.40.122                                  
        Direct SSH      :  ?                                             
        SSH compression :  ?                                             
        SSH-browser     :  ?                                             
        X11-forwarding  :  ?  (remote display is forwarded through SSH)  
                                                                          
     ? For more info, ctrl+click on help or visit our website.            
    +----------------------------------------------------------------------+

sh: xauth: not found
root@raspberrypi4:/var/rootdirs/home/root# cd ../../..
root@raspberrypi4:/var# cd ../..
root@raspberrypi4:/# ls
apps     boot     etc      lib      media    opt      proc     sbin     sys      tmp      var
bin      dev      home     linuxrc  mnt      ostree   run      srv      sysroot  usr
root@raspberrypi4:/# cd apps
root@raspberrypi4:/apps# ls
usr
root@raspberrypi4:/apps# cd usr/
root@raspberrypi4:/apps/usr# ls
palm
root@raspberrypi4:/apps/usr# cd palm/
root@raspberrypi4:/apps/usr/palm# ls
applications
root@raspberrypi4:/apps/usr/palm# cd applications/
root@raspberrypi4:/apps/usr/palm/applications# ls
root@raspberrypi4:/apps/usr/palm/applications# cd ../../
root@raspberrypi4:/apps/usr# ls
palm
root@raspberrypi4:/apps/usr# cd ../../..
root@raspberrypi4:/# ls
apps     boot     etc      lib      media    opt      proc     sbin     sys      tmp      var
bin      dev      home     linuxrc  mnt      ostree   run      srv      sysroot  usr
root@raspberrypi4:/# cd boot
root@raspberrypi4:/boot# ls
loader    loader.1  ostree
root@raspberrypi4:/boot# cd loader
root@raspberrypi4:/boot/loader# ls
entries   uEnv.txt
root@raspberrypi4:/boot/loader# cd entries/
root@raspberrypi4:/boot/loader/entries# la
-sh: la: not found
root@raspberrypi4:/boot/loader/entries# cd ..
root@raspberrypi4:/boot/loader# ls
entries   uEnv.txt
root@raspberrypi4:/boot/loader# cat uEnv.txt
kernel_image=/ostree/webos-17e529015bda146a1078c047c86dde9016d71efd89d7182defb15613a2ca5cbd/vmlinuz-5.4.72-v7l
ramdisk_image=/ostree/webos-17e529015bda146a1078c047c86dde9016d71efd89d7182defb15613a2ca5cbd/initramfs-5.4.72-v7l.img
bootargs=ostree=/ostree/boot.1/webos/17e529015bda146a1078c047c86dde9016d71efd89d7182defb15613a2ca5cbd/0
root@raspberrypi4:/boot/loader# cd ../..
root@raspberrypi4:/# ls
apps     boot     etc      lib      media    opt      proc     sbin     sys      tmp      var
bin      dev      home     linuxrc  mnt      ostree   run      srv      sysroot  usr
root@raspberrypi4:/# cd etc
root@raspberrypi4:/etc# ls
PmLogDaemon                                 nail.rc
alsa                                        netconfig
asound.conf                                 network
bindresvport.blacklist                      nftables
bluetooth                                   nsswitch.conf
build                                       ntp.conf
busybox.links.nosuid                        ofono
busybox.links.suid                          opkg
ca-certificates                             os-release
ca-certificates.conf                        ostree
com.webos.service.mediaindexer              palm
configd                                     passwd
connman                                     pdm
dbus-1                                      pki
default                                     pmlog.d
depmod.d                                    prefs
dnsmasq.conf                                profile
dnsmasq.d                                   profile.d
docker                                      protocols
dropbear                                    pulse
e2fsck.conf                                 rdxd.conf
e2scrub.conf                                rdxd.d
ebtables                                    request-key.conf
ethertypes                                  request-key.d
event.d                                     resolv-conf.connman
fluent-bit                                  resolv-conf.systemd
fonts                                       resolv.conf
fstab                                       rpc
fw_env.config                               rsyncd.conf
g-camera-pipeline                           securetty
g-media-pipeline                            services
googleAssistant                             shadow
group                                       shells
group-                                      skel
gshadow                                     smartd.conf
gshadow-                                    smartd_warning.d
host.conf                                   smartd_warning.sh
hostname                                    ssl
hosts                                       subgid
init                                        subgid-
init.d                                      subuid
inputrc                                     subuid-
iproute2                                    surface-manager.d
iptables                                    sysctl.conf
issue                                       sysctl.d
issue.net                                   syslog.conf
ld.so.cache                                 systemd
ld.so.conf                                  terminfo
libnl                                       timestamp
limits                                      timezone
localtime                                   tmpfiles.d
location                                    u-boot-initial-env
login.access                                u-boot-initial-env-raspberrypi4
login.defs                                  u-boot-initial-env-raspberrypi4-2020.01-r0
luna-service2                               udev
lxc                                         umediaserver
machine-id                                  version
mke2fs.conf                                 wam
modprobe.d                                  webos-release
modules-load.d                              webos_config_1.json
motd                                        wpa_supplicant.conf
mtab                                        xdg
root@raspberrypi4:/etc# cd ..
root@raspberrypi4:/# ls
apps     boot     etc      lib      media    opt      proc     sbin     sys      tmp      var
bin      dev      home     linuxrc  mnt      ostree   run      srv      sysroot  usr
root@raspberrypi4:/# cd lib/
root@raspberrypi4:/lib# ls
?                                                        libidn2.so.0.3.7
alsa-lib                                                 libip4tc.so.2
bluetooth-sils                                           libip4tc.so.2.0.0
cbe                                                      libip6tc.so.2
connman                                                  libip6tc.so.2.0.0
cpp                                                      libixml.so.10
db8                                                      libixml.so.10.0.1
depmod.d                                                 libjemalloc.so.0
dri                                                      libjemalloc.so.0.20080828a
e2initrd_helper                                          libjemalloc_mt.so.0
ebtables                                                 libjemalloc_mt.so.0.20080828a
ecryptfs                                                 libjpeg.so.62
environment.d                                            libjpeg.so.62.3.0
eventmonitor                                             libjson-c.so.4
firmware                                                 libjson-c.so.4.0.0
gconv                                                    libkeyutils.so.1
gdk-pixbuf-2.0                                           libkeyutils.so.1.9
gio                                                      libkmod.so.2
gstreamer-1.0                                            libkmod.so.2.3.4
ld-2.31.so                                               libksba.so.8
ld-linux-armhf.so.3                                      libksba.so.8.11.6
libBrokenLocale-2.31.so                                  libleveldb.so.1
libBrokenLocale.so.1                                     libleveldb.so.1.22.0
libEGL.so.1                                              libloc_utils.so.1
libEGL.so.1.0.0                                          libloc_utils.so.1.0.0
libFLAC.so.8                                             liblsm-connector.so
libFLAC.so.8.3.0                                         libltdl.so.7
libGLESv2.so.2                                           libltdl.so.7.3.1
libGLESv2.so.2.0.0                                       liblttng-ctl.so.0
libOpenVG.so                                             liblttng-ctl.so.0.0.0
libPmLogLib.so.3                                         liblttng-ust-ctl.so.4
libPmLogLib.so.3.3.0                                     liblttng-ust-ctl.so.4.0.0
libPmLogLibCpp.so.3                                      liblttng-ust-cyg-profile-fast.so.0
libPmLogLibCpp.so.3.3.0                                  liblttng-ust-cyg-profile-fast.so.0.0.0
libQt6Concurrent.so.6                                    liblttng-ust-cyg-profile.so.0
libQt6Concurrent.so.6.2.0                                liblttng-ust-cyg-profile.so.0.0.0
libQt6Core.so.6                                          liblttng-ust-dl.so.0
libQt6Core.so.6.2.0                                      liblttng-ust-dl.so.0.0.0
libQt6EglFSDeviceIntegrationPrivate.so.6                 liblttng-ust-fd.so.0
libQt6EglFSDeviceIntegrationPrivate.so.6.2.0             liblttng-ust-fd.so.0.0.0
libQt6EglFsKmsGbmSupportPrivate.so.6                     liblttng-ust-fork.so.0
libQt6EglFsKmsGbmSupportPrivate.so.6.2.0                 liblttng-ust-fork.so.0.0.0
libQt6EglFsKmsSupportPrivate.so.6                        liblttng-ust-libc-wrapper.so.0
libQt6EglFsKmsSupportPrivate.so.6.2.0                    liblttng-ust-libc-wrapper.so.0.0.0
libQt6Gui.so.6                                           liblttng-ust-pthread-wrapper.so.0
libQt6Gui.so.6.2.0                                       liblttng-ust-pthread-wrapper.so.0.0.0
libQt6LabsAnimation.so.6                                 liblttng-ust-tracepoint.so.0
libQt6LabsAnimation.so.6.2.0                             liblttng-ust-tracepoint.so.0.0.0
libQt6LabsFolderListModel.so.6                           liblttng-ust.so.0
libQt6LabsFolderListModel.so.6.2.0                       liblttng-ust.so.0.0.0
libQt6LabsQmlModels.so.6                                 liblttng_provider.so
libQt6LabsQmlModels.so.6.2.0                             libluna-prefs.so.3
libQt6LabsSettings.so.6                                  libluna-prefs.so.3.0.0
libQt6LabsSettings.so.6.2.0                              libluna-service2++.so.3
libQt6LabsSharedImage.so.6                               libluna-service2++.so.3.21.2
libQt6LabsSharedImage.so.6.2.0                           libluna-service2.so.3
libQt6LabsWavefrontMesh.so.6                             libluna-service2.so.3.21.2
libQt6LabsWavefrontMesh.so.6.2.0                         liblxc.so.1
libQt6Network.so.6                                       liblxc.so.1.7.0
libQt6Network.so.6.2.0                                   liblz4.so.1
libQt6OpenGL.so.6                                        liblz4.so.1.9.2
libQt6OpenGL.so.6.2.0                                    liblzma.so.5
libQt6Qml.so.6                                           liblzma.so.5.2.4
libQt6Qml.so.6.2.0                                       liblzo2.so.2
libQt6QmlCore.so.6                                       liblzo2.so.2.0.0
libQt6QmlCore.so.6.2.0                                   libm-2.31.so
libQt6QmlLocalStorage.so.6                               libm.so.6
libQt6QmlLocalStorage.so.6.2.0                           libmaliit-plugins.so.0
libQt6QmlModels.so.6                                     libmaliit-plugins.so.0.99
libQt6QmlModels.so.6.2.0                                 libmaliit-plugins.so.0.99.0+20-98
libQt6QmlWorkerScript.so.6                               libmedia-codec-interface.so
libQt6QmlWorkerScript.so.6.2.0                           libmedia-encoder-client.so
libQt6QmlXmlListModel.so.6                               libmedia-resource-calculator.so.1
libQt6QmlXmlListModel.so.6.2.0                           libmediactl.so.0
libQt6Quick.so.6                                         libmediactl.so.0.0.0
libQt6Quick.so.6.2.0                                     libmediaindexerclient.so
libQt6QuickLayouts.so.6                                  libmmal.so
libQt6QuickLayouts.so.6.2.0                              libmmal_components.so
libQt6QuickParticlesPrivate.so.6                         libmmal_core.so
libQt6QuickParticlesPrivate.so.6.2.0                     libmmal_util.so
libQt6QuickShapesPrivate.so.6                            libmmal_vc_client.so
libQt6QuickShapesPrivate.so.6.2.0                        libmms.so.0
libQt6QuickTest.so.6                                     libmms.so.0.0.2
libQt6QuickTest.so.6.2.0                                 libmnl.so.0
libQt6Sql.so.6                                           libmnl.so.0.2.0
libQt6Sql.so.6.2.0                                       libmojocore.so.3
libQt6Test.so.6                                          libmojocore.so.3.2.0
libQt6Test.so.6.2.0                                      libmojodb.so.3
libQt6WaylandClient.so.6                                 libmojodb.so.3.2.0
libQt6WaylandClient.so.6.2.0                             libmojoluna.so.3
libQt6WaylandCompositor.so.6                             libmojoluna.so.3.2.0
libQt6WaylandCompositor.so.6.2.0                         libmount.so.1
libQt6WaylandEglClientHwIntegrationPrivate.so.6          libmount.so.1.1.0
libQt6WaylandEglClientHwIntegrationPrivate.so.6.2.0      libmp3lame.so.0
libQt6WaylandEglCompositorHwIntegrationPrivate.so.6      libmp3lame.so.0.0.0
libQt6WaylandEglCompositorHwIntegrationPrivate.so.6.2.0  libmpc.so.3
libQt6WlShellIntegrationPrivate.so.6                     libmpc.so.3.1.0
libQt6WlShellIntegrationPrivate.so.6.2.0                 libmpeg2.so.0
libQt6Xml.so.6                                           libmpeg2.so.0.1.0
libQt6Xml.so.6.2.0                                       libmpfr.so.6
libWFC.so                                                libmpfr.so.6.0.2
libWebAppMgr.so.1                                        libmpg123.so.0
libWebAppMgr.so.1.0                                      libmpg123.so.0.44.10
libWebAppMgr.so.1.0.0                                    libmtp.so.9
libWebAppMgrCore.so.1                                    libmtp.so.9.4.0
libWebAppMgrCore.so.1.0                                  libncurses.so.5
libWebAppMgrCore.so.1.0.0                                libncurses.so.5.9
libWebOSCoreCompositor.so.0                              libncursesw.so.5
libWebOSCoreCompositor.so.0.0                            libncursesw.so.5.9
libWebOSCoreCompositor.so.0.0.1                          libnettle.so.7
libWebOSCoreCompositorExtension.so.0                     libnettle.so.7.0
libWebOSCoreCompositorExtension.so.0.0                   libnftables.so.1
libWebOSCoreCompositorExtension.so.0.0.1                 libnftables.so.1.0.0
libWebOSEglClientBuffer.so.0                             libnftnl.so.11
libWebOSEglClientBuffer.so.0.0                           libnftnl.so.11.3.0
libWebOSEglClientBuffer.so.0.0.1                         libnl-3.so.200
liba52.so.0                                              libnl-3.so.200.26.0
liba52.so.0.0.0                                          libnl-genl-3.so.200
libacl.so.1                                              libnl-genl-3.so.200.26.0
libacl.so.1.1.2253                                       libnpth.so.0
libaddress_sorting.so.6                                  libnpth.so.0.1.2
libaddress_sorting.so.6.0.0                              libnsl-2.31.so
libanl-2.31.so                                           libnsl.so.1
libanl.so.1                                              libnsl.so.2
libarchive.so.13                                         libnsl.so.2.0.0
libarchive.so.13.4.2                                     libnspr4.so
libasound.so.2                                           libnss3.so
libasound.so.2.0.0                                       libnss_compat-2.31.so
libassuan.so.0                                           libnss_compat.so.2
libassuan.so.0.8.3                                       libnss_dns-2.31.so
libatomic.so.1                                           libnss_dns.so.2
libatomic.so.1.2.0                                       libnss_files-2.31.so
libattr.so.1                                             libnss_files.so.2
libattr.so.1.1.2448                                      libnss_myhostname.so.2
libavcodec.so.58                                         libnssckbi-testlib.so
libavcodec.so.58.54.100                                  libnssckbi.so
libavfilter.so.7                                         libnssdbm3.chk
libavfilter.so.7.57.100                                  libnssdbm3.so
libavformat.so.58                                        libnssutil3.so
libavformat.so.58.29.100                                 libntfs-3g.so.88
libavresample.so.4                                       libntfs-3g.so.88.0.0
libavresample.so.4.0.0                                   libnyx.so.7
libavutil.so.56                                          libnyx.so.7.3.0
libavutil.so.56.31.100                                   liboc.so
libbabeltrace-ctf-metadata.so.1                          liboc_logger.so
libbabeltrace-ctf-metadata.so.1.0.0                      liboc_logger_core.so
libbabeltrace-ctf-text.so.1                              libocpmapi.so
libbabeltrace-ctf-text.so.1.0.0                          libocprovision.so
libbabeltrace-ctf.so.1                                   liboctbstack.so
libbabeltrace-ctf.so.1.0.0                               libogg.so.0
libbabeltrace-dummy.so.1                                 libogg.so.0.8.4
libbabeltrace-dummy.so.1.0.0                             libopenmaxil.so
libbabeltrace-lttng-live.so.1                            libopkg.so.1
libbabeltrace-lttng-live.so.1.0.0                        libopkg.so.1.0.0
libbabeltrace.so.1                                       liborc-0.4.so.0
libbabeltrace.so.1.0.0                                   liborc-0.4.so.0.31.0
libbcm_host.so                                           libostree-1.so.1
libblkid.so.1                                            libostree-1.so.1.0.0
libblkid.so.1.1.0                                        libout123.so.0
libbluetooth.so.3                                        libout123.so.0.2.2
libbluetooth.so.3.19.3                                   libpanelw.so.5
libboost_filesystem.so.1                                 libpanelw.so.5.9
libboost_filesystem.so.1.72                              libpango-1.0.so.0
libboost_filesystem.so.1.72.0                            libpango-1.0.so.0.4400.7
libboost_regex.so.1                                      libpangocairo-1.0.so.0
libboost_regex.so.1.72                                   libpangocairo-1.0.so.0.4400.7
libboost_regex.so.1.72.0                                 libpangoft2-1.0.so.0
libbrcmEGL.so                                            libpangoft2-1.0.so.0.4400.7
libbrcmGLESv2.so                                         libparted-fs-resize.so.0
libbrcmOpenVG.so                                         libparted-fs-resize.so.0.0.2
libbrcmWFC.so                                            libparted.so.2
libbrotlicommon.so.1                                     libparted.so.2.0.2
libbrotlicommon.so.1.0.7                                 libpbnjson_c.so.2
libbrotlidec.so.1                                        libpbnjson_c.so.2.15.0
libbrotlidec.so.1.0.7                                    libpbnjson_cpp.so.2
libbrotlienc.so.1                                        libpbnjson_cpp.so.2.15.0
libbrotlienc.so.1.0.7                                    libpcre.so.1
libbson-1.0.so.0                                         libpcre.so.1.2.12
libbson-1.0.so.0.98.0                                    libpdm-plugin.so.1
libbuffer-encoder.so                                     libpdm-plugin.so.1.0.1
libbz2.so.1                                              libperl.so.5
libbz2.so.1.0.6                                          libperl.so.5.30.0
libc-2.31.so                                             libpixman-1.so.0
libc.so.6                                                libpixman-1.so.0.38.4
libcairo-gobject.so.2                                    libplc4.so
libcairo-gobject.so.2.11600.0                            libplds4.so
libcairo.so.2                                            libpms-support.so.1
libcairo.so.2.11600.0                                    libpms-support.so.1.0.0
libcamera-window-manager.so                              libpmscore.so.1
libcamera_hal.so                                         libpmscore.so.1.0.0
libcamera_hal.so.1                                       libpng16.so.16
libcamera_hal.so.1.0                                     libpng16.so.16.37.0
libcap-ng.so.0                                           libpopt.so.0
libcap-ng.so.0.0.0                                       libpopt.so.0.0.0
libcap.so.2                                              libpostproc.so.55
libcap.so.2.32                                           libpostproc.so.55.5.100
libcares.so.2                                            libprocess_pool.so.1
libcares.so.2.4.0                                        libprocess_pool.so.1.0.0
libcbe.so                                                libprocps.so.8
libcmp-player.so                                         libprocps.so.8.0.2
libcom_err.so.2                                          libprotobuf.so.22
libcom_err.so.2.1                                        libprotobuf.so.22.0.4
libconfig++.so.11                                        libprotoc.so.22
libconfig++.so.11.0.2                                    libprotoc.so.22.0.4
libconfig.so.11                                          libpsl.so.5
libconfig.so.11.0.2                                      libpsl.so.5.3.2
libconfigd.so.1                                          libpthread-2.31.so
libconfigd.so.1.2.0                                      libpthread.so.0
libconnectivity_abstraction.so                           libptmalloc3.so
libcontainers.so                                         libpulse-mainloop-glib.so.0
libcrypt.so.2                                            libpulse-mainloop-glib.so.0.0.5
libcrypt.so.2.0.0                                        libpulse-simple.so.0
libcrypto.so.1.1                                         libpulse-simple.so.0.1.0
libcryptsetup.so.12                                      libpulse.so.0
libcryptsetup.so.12.6.0                                  libpulse.so.0.20.0
libcurl.so.4                                             libpython3.8.so.1.0
libcurl.so.4.6.0                                         libpyzy-1.0.so.0
libdbus-1.so.3                                           libpyzy-1.0.so.0.100.0
libdbus-1.so.3.19.11                                     libqttestability.so
libdbutils.so.1                                          libraft.so
libdbutils.so.1.0.0                                      libraft.so.0
libdebug_sym.so                                          libraft.so.0.0.7
libdevmapper.so.1.02                                     librdx.so.4
libdl-2.31.so                                            librdx.so.4.0.2
libdl.so.2                                               libreadline.so.8
libdqlite.so                                             libreadline.so.8.0
libdqlite.so.0                                           libresolv-2.31.so
libdqlite.so.0.0.1                                       libresolv.so.2
libdrm.so.2                                              libresource_directory.so
libdrm.so.2.4.0                                          libresource_mgr.so.1
libdtovl.so                                              libresource_mgr.so.1.0.0
libdvbv5.so.0                                            libresource_mgr_client.so.1
libdvbv5.so.0.0.0                                        libresource_mgr_client.so.1.0.0
libdw-0.178.so                                           libresource_mgr_client_c.so.1
libdw.so.1                                               libresource_mgr_client_c.so.1.0.0
libe2p.so.2                                              librolegen.so.2
libe2p.so.2.3                                            librolegen.so.2.1.0
libecryptfs.so.1                                         librt-2.31.so
libecryptfs.so.1.0.0                                     librt.so.1
libelf-0.178.so                                          libsbc.so.1
libelf.so.1                                              libsbc.so.1.2.2
libell.so.0                                              libsearchcore.so.1
libell.so.0.0.2                                          libsearchcore.so.1.0.0
libevent-2.1.so.7                                        libsgutils2-1.45.so.2
libevent-2.1.so.7.0.0                                    libsgutils2-1.45.so.2.0.0
libevent_core-2.1.so.7                                   libsigc-2.0.so.0
libevent_core-2.1.so.7.0.0                               libsigc-2.0.so.0.0.0
libevent_pthreads-2.1.so.7                               libsmartcols.so.1
libevent_pthreads-2.1.so.7.0.0                           libsmartcols.so.1.1.0
libexif.so.12                                            libsmime3.so
libexif.so.12.3.4                                        libsnappy.so.1
libexpat.so.1                                            libsnappy.so.1.1.8
libexpat.so.1.6.11                                       libsndfile.so.1
libext2fs.so.2                                           libsndfile.so.1.0.28
libext2fs.so.2.4                                         libsoftokn3.chk
libfdisk.so.1                                            libsoftokn3.so
libfdisk.so.1.1.0                                        libsolv.so.1
libffi.so.7                                              libsoup-2.4.so.1
libffi.so.7.1.0                                          libsoup-2.4.so.1.8.0
libfontconfig.so.1                                       libspeex.so.1
libfontconfig.so.1.12.0                                  libspeex.so.1.5.1
libfreebl3.chk                                           libspeexdsp.so.1
libfreebl3.so                                            libspeexdsp.so.1.5.1
libfreeblpriv3.so                                        libsqlite3.so.0
libfreetype.so.6                                         libsqlite3.so.0.8.6
libfreetype.so.6.17.1                                    libss.so.2
libfribidi.so.0                                          libss.so.2.0
libfribidi.so.0.4.0                                      libssl.so.1.1
libfsmsupport.so.1                                       libssl3.so
libfsmsupport.so.1.0.0                                   libstdc++.so.6
libfuse.so.2                                             libstdc++.so.6.0.28
libfuse.so.2.9.9                                         libswresample.so.3
libgbm.so.1                                              libswresample.so.3.5.100
libgbm.so.1.0.0                                          libswscale.so.5
libgcc_s.so.1                                            libswscale.so.5.5.100
libgcrypt.so.20                                          libsystemd.so.0
libgcrypt.so.20.2.5                                      libsystemd.so.0.31.0
libgdbm.so.6                                             libtag.so.1
libgdbm.so.6.0.0                                         libtag.so.1.17.0
libgdbm_compat.so.4                                      libtatlas.so
libgdbm_compat.so.4.0.0                                  libtheora.so.0
libgdk_pixbuf-2.0.so.0                                   libtheora.so.0.3.10
libgdk_pixbuf-2.0.so.0.4000.0                            libtheoradec.so.1
libgif.so.7                                              libtheoradec.so.1.1.4
libgif.so.7.0.0                                          libtheoraenc.so.1
libgio-2.0.so.0                                          libtheoraenc.so.1.1.2
libgio-2.0.so.0.6200.6                                   libtinfo.so.5
libgiomm-2.4.so.1                                        libtinfo.so.5.9
libgiomm-2.4.so.1.3.0                                    libtirpc.so.3
libglapi.so.0                                            libtirpc.so.3.0.0
libglapi.so.0.0.0                                        libturbojpeg.so.0
libglib-2.0.so.0                                         libturbojpeg.so.0.2.0
libglib-2.0.so.0.6200.6                                  libubootenv.so.0
libglibmm-2.4.so.1                                       libubootenv.so.0.3.1
libglibmm-2.4.so.1.3.0                                   libudev.so.1
libglibmm_generate_extra_defs-2.4.so.1                   libudev.so.1.7.1
libglibmm_generate_extra_defs-2.4.so.1.3.0               libulockmgr.so.1
libgmodule-2.0.so.0                                      libulockmgr.so.1.0.1
libgmodule-2.0.so.0.6200.6                               libumedia_api.so.1
libgmp-player-client.so                                  libumedia_api.so.1.0.0
libgmp-player.so                                         libumedia_api_c.so.1
libgmp.so.10                                             libumedia_api_c.so.1.0.0
libgmp.so.10.4.0                                         libumi.so.1
libgnutls.so.30                                          libumi.so.1.0.0
libgnutls.so.30.28.0                                     libums_connector.so.1
libgobject-2.0.so.0                                      libums_connector.so.1.0.0
libgobject-2.0.so.0.6200.6                               libums_connector_impl.so.1
libgoogleassistant.so.1                                  libums_connector_impl.so.1.0.0
libgoogleassistant.so.1.0.0                              libums_connector_wrapper.so.1
libgpg-error.so.0                                        libums_connector_wrapper.so.1.0.0
libgpg-error.so.0.28.0                                   libums_dbi.so.1
libgpgme.so.11                                           libums_dbi.so.1.0.0
libgpgme.so.11.22.1                                      libums_pipeline.so.1
libgphoto2                                               libums_pipeline.so.1.0.0
libgphoto2.so.6                                          libums_pipeline_mgr.so.1
libgphoto2.so.6.1.0                                      libums_pipeline_mgr.so.1.0.0
libgphoto2_port                                          libums_registry.so.1
libgphoto2_port.so.12                                    libums_registry.so.1.0.0
libgphoto2_port.so.12.0.0                                libunistring.so.2
libgpr.so.6                                              libunistring.so.2.1.0
libgpr.so.6.0.0                                          libupnp.so.13
libgrpc++.so.1                                           libupnp.so.13.0.0
libgrpc++.so.1.24.3                                      liburcu-bp.so.6
libgrpc++_error_details.so.1                             liburcu-bp.so.6.1.0
libgrpc++_error_details.so.1.24.3                        liburcu-cds.so.6
libgrpc++_reflection.so.1                                liburcu-cds.so.6.1.0
libgrpc++_reflection.so.1.24.3                           liburcu-common.so.6
libgrpc++_unsecure.so.1                                  liburcu-common.so.6.1.0
libgrpc++_unsecure.so.1.24.3                             liburcu-mb.so.6
libgrpc.so.6                                             liburcu-mb.so.6.1.0
libgrpc.so.6.0.0                                         liburcu-memb.so.6
libgrpc_cronet.so.6                                      liburcu-memb.so.6.1.0
libgrpc_cronet.so.6.0.0                                  liburcu-qsbr.so.6
libgrpc_csharp_ext.so.1                                  liburcu-qsbr.so.6.1.0
libgrpc_csharp_ext.so.1.24.3                             liburcu-signal.so.6
libgrpc_plugin_support.so.6                              liburcu-signal.so.6.1.0
libgrpc_plugin_support.so.6.0.0                          liburcu.so.6
libgrpc_unsecure.so.6                                    liburcu.so.6.1.0
libgrpc_unsecure.so.6.0.0                                liburiparser.so.1
libgrpcpp_channelz.so.1                                  liburiparser.so.1.0.27
libgrpcpp_channelz.so.1.24.3                             libusb-1.0.so.0
libgssdp-1.2.so.0                                        libusb-1.0.so.0.1.0
libgssdp-1.2.so.0.0.0                                    libutil-2.31.so
libgstadaptivedemux-1.0.so.0                             libutil.so.1
libgstadaptivedemux-1.0.so.0.1603.0                      libuuid.so.1
libgstallocators-1.0.so.0                                libuuid.so.1.3.0
libgstallocators-1.0.so.0.1603.0                         libuv.so.1
libgstapp-1.0.so.0                                       libuv.so.1.0.0
libgstapp-1.0.so.0.1603.0                                libv4l
libgstaudio-1.0.so.0                                     libv4l1.so.0
libgstaudio-1.0.so.0.1603.0                              libv4l1.so.0.0.0
libgstbadaudio-1.0.so.0                                  libv4l2-camera-plugin.so
libgstbadaudio-1.0.so.0.1603.0                           libv4l2-camera-plugin.so.1
libgstbase-1.0.so.0                                      libv4l2-camera-plugin.so.1.0
libgstbase-1.0.so.0.1603.0                               libv4l2.so.0
libgstbasecamerabinsrc-1.0.so.0                          libv4l2.so.0.0.0
libgstbasecamerabinsrc-1.0.so.0.1603.0                   libv4l2rds.so.0
libgstcheck-1.0.so.0                                     libv4l2rds.so.0.0.0
libgstcheck-1.0.so.0.1603.0                              libv4l2subdev.so.0
libgstcodecparsers-1.0.so.0                              libv4l2subdev.so.0.0.0
libgstcodecparsers-1.0.so.0.1603.0                       libv4lconvert.so.0
libgstcontroller-1.0.so.0                                libv4lconvert.so.0.0.0
libgstcontroller-1.0.so.0.1603.0                         libvchiq_arm.so
libgstfft-1.0.so.0                                       libvchostif.so
libgstfft-1.0.so.0.1603.0                                libvcos.so
libgstgl-1.0.so.0                                        libvcsm.so
libgstgl-1.0.so.0.1603.0                                 libvideo-encoder.so
libgstinsertbin-1.0.so.0                                 libvorbis.so.0
libgstinsertbin-1.0.so.0.1603.0                          libvorbis.so.0.4.8
libgstisoff-1.0.so.0                                     libvorbisenc.so.2
libgstisoff-1.0.so.0.1603.0                              libvorbisenc.so.2.0.11
libgstmpegts-1.0.so.0                                    libvorbisfile.so.3
libgstmpegts-1.0.so.0.1603.0                             libvorbisfile.so.3.3.7
libgstnet-1.0.so.0                                       libwayland-client.so.0
libgstnet-1.0.so.0.1603.0                                libwayland-client.so.0.3.0
libgstpbutils-1.0.so.0                                   libwayland-cursor.so.0
libgstpbutils-1.0.so.0.1603.0                            libwayland-cursor.so.0.0.0
libgstphotography-1.0.so.0                               libwayland-egl.so.1
libgstphotography-1.0.so.0.1603.0                        libwayland-egl.so.1.0.0
libgstplayer-1.0.so.0                                    libwayland-server.so.0
libgstplayer-1.0.so.0.1603.0                             libwayland-server.so.0.1.0
libgstreamer-1.0.so.0                                    libwayland-webos-client.so.1
libgstreamer-1.0.so.0.1603.0                             libwayland-webos-client.so.1.0.0
libgstriff-1.0.so.0                                      libwayland-webos-server.so.1
libgstriff-1.0.so.0.1603.0                               libwayland-webos-server.so.1.0.0
libgstrtp-1.0.so.0                                       libwca-support.so.1
libgstrtp-1.0.so.0.1603.0                                libwca-support.so.1.0.0
libgstrtsp-1.0.so.0                                      libwebos-platform-interface.so.1
libgstrtsp-1.0.so.0.1603.0                               libwebos-platform-interface.so.1.0
libgstsctp-1.0.so.0                                      libwebos-platform-interface.so.1.0.0
libgstsctp-1.0.so.0.1603.0                               libwebosi18n.so.1
libgstsdp-1.0.so.0                                       libwebosi18n.so.1.0.1
libgstsdp-1.0.so.0.1603.0                                libwebp.so.7
libgsttag-1.0.so.0                                       libwebp.so.7.1.0
libgsttag-1.0.so.0.1603.0                                libwebpdemux.so.2
libgsturidownloader-1.0.so.0                             libwebpdemux.so.2.0.6
libgsturidownloader-1.0.so.0.1603.0                      libwebpmux.so.3
libgstvideo-1.0.so.0                                     libwebpmux.so.3.0.5
libgstvideo-1.0.so.0.1603.0                              libwfdsie.so.1
libgstwayland-1.0.so.0                                   libwfdsie.so.1.1.0
libgstwayland-1.0.so.0.1603.0                            libx264.so.159
libgstwebrtc-1.0.so.0                                    libxkbcommon.so.0
libgstwebrtc-1.0.so.0.1603.0                             libxkbcommon.so.0.0.0
libgthread-2.0.so.0                                      libxml++-2.6.so.2
libgthread-2.0.so.0.6200.6                               libxml++-2.6.so.2.0.7
libgudev-1.0.so.0                                        libxml2.so.2
libgudev-1.0.so.0.2.0                                    libxml2.so.2.9.10
libgupnp-1.2.so.0                                        libxtables.so.12
libgupnp-1.2.so.0.0.0                                    libxtables.so.12.2.0
libharfbuzz.so.0                                         libyajl.so.2
libharfbuzz.so.0.20600.4                                 libyajl.so.2.1.0
libhistory.so.8                                          libz.so.1
libhistory.so.8.0                                        libz.so.1.2.11
libhogweed.so.5                                          libzstd.so.1
libhogweed.so.5.0                                        libzstd.so.1.4.5
libhunspell-1.7.so.0                                     lttng
libhunspell-1.7.so.0.0.1                                 lxc
libical-glib.so.3                                        maliit
libical-glib.so.3.0.7                                    modprobe.d
libical.so.3                                             modules
libical.so.3.0.7                                         modules-load.d
libical_cxx.so.3                                         mpg123
libical_cxx.so.3.0.7                                     node_modules
libicalss.so.3                                           nodejs
libicalss.so.3.0.7                                       nyx
libicalss_cxx.so.3                                       opkg
libicalss_cxx.so.3.0.7                                   os-release
libicalvcal.so.3                                         ostree
libicalvcal.so.3.0.7                                     pam.d
libicudata.so.66                                         perl5
libicudata.so.66.1                                       plugins
libicui18n.so.66                                         pulse-9.0
libicui18n.so.66.1                                       pulseaudio
libicuio.so.66                                           python3.8
libicuio.so.66.1                                         qml
libicutest.so.66                                         ssl-1.1
libicutest.so.66.1                                       sysctl.d
libicutu.so.66                                           systemd
libicutu.so.66.1                                         sysusers.d
libicuuc.so.66                                           tmpfiles.d
libicuuc.so.66.1                                         udev
libidn.so.12                                             webappmanager
libidn.so.12.6.0                                         xtables
libidn2.so.0
root@raspberrypi4:/lib# ls | grep libmvnc*
root@raspberrypi4:/lib#
Network error: Software caused connection abort

---------------------------------------------------------------------------------------------------------------------------------------

Session stopped
    - Press <return> to exit tab
    - Press R to restart session
    - Press S to save terminal output to file
    +----------------------------------------------------------------------+
                        MobaXterm Professional v21.0                    
                   (SSH client, X server and network tools)               
                                                                          
     ? SSH session to root@10.221.40.122                                  
        Direct SSH      :  ?                                             
        SSH compression :  ?                                             
        SSH-browser     :  ?                                             
        X11-forwarding  :  ?  (remote display is forwarded through SSH)  
                                                                          
     ? For more info, ctrl+click on help or visit our website.            
    +----------------------------------------------------------------------+

sh: xauth: not found
root@raspberrypi4:/var/rootdirs/home/root# ls
Subscriber.js
Subscriber_new.js
client_secret_405578401357-2m5t0hhmpm05o3fjof15792nlidie0rj.apps.googleusercontent.com.json
com.lg.app.signage_0.0.2_all.ipk
com.lg.app.signage_0.0.3_all.ipk
com.lg.app.signage_0.0.3_all_backup.ipk
config
log.txt
node_modules
package-lock.json
socat-armel-static
testApi
tracking
tracking.zip
utile.js
root@raspberrypi4:/var/rootdirs/home/root# lxc remote list swarm:
Description:
  List the available remotes

Usage:
  lxc remote list [flags]

Aliases:
  list, ls

Flags:
      --format   Format (csv|json|table|yaml) (default "table")

Global Flags:
      --debug            Show all debug messages
      --force-local      Force using the local unix socket
  -h, --help             Print help
      --project string   Override the source project
  -q, --quiet            Don't show progress information
  -v, --verbose          Show all information messages
      --version          Print version number
Error: Invalid number of arguments
root@raspberrypi4:/var/rootdirs/home/root# lxc image list swarm:
+----------------------+--------------+--------+------------------------------------+--------------+-----------+----------+------------          ------------------+
|        ALIAS         | FINGERPRINT  | PUBLIC |            DESCRIPTION             | ARCHITECTURE |   TYPE    |   SIZE   |         UPL          OAD DATE          |
+----------------------+--------------+--------+------------------------------------+--------------+-----------+----------+------------          ------------------+
| alpine/3.14 (3 more) | 4d3071c68bad | no     | Alpine 3.14 amd64 (20211202_13:00) | x86_64       | CONTAINER | 2.91MB   | Dec 3, 2021           at 10:41am (UTC) |
+----------------------+--------------+--------+------------------------------------+--------------+-----------+----------+------------          ------------------+
| facenet              | 886fce0c892d | no     | Webos 2.0 armhf (20210825_13:09)   | armv7l       | CONTAINER | 121.29MB | Dec 13, 202          1 at 6:28am (UTC) |
+----------------------+--------------+--------+------------------------------------+--------------+-----------+----------+------------          ------------------+
| facenet-14           | c67158b3b148 | no     | Webos 2.0 armhf (20210825_13:09)   | armv7l       | CONTAINER | 121.30MB | Dec 15, 202          1 at 2:07pm (UTC) |
+----------------------+--------------+--------+------------------------------------+--------------+-----------+----------+------------          ------------------+
| facenet_numpy        | 30eba2a12162 | no     | Webos 2.0 armhf (20210825_13:09)   | armv7l       | CONTAINER | 104.46MB | Dec 10, 202          1 at 6:43am (UTC) |
+----------------------+--------------+--------+------------------------------------+--------------+-----------+----------+------------          ------------------+
|                      | a2dd9c9f10d9 | no     | Webos 2.0 armhf (20210825_13:09)   | armv7l       | CONTAINER | 98.96MB  | Dec 8, 2021           at 5:43am (UTC)  |
+----------------------+--------------+--------+------------------------------------+--------------+-----------+----------+------------          ------------------+
|                      | a763a5909a33 | no     | Webos 2.0 armhf (20210825_13:09)   | armv7l       | CONTAINER | 0.00MB   | Dec 15, 202          1 at 2:06pm (UTC) |
+----------------------+--------------+--------+------------------------------------+--------------+-----------+----------+------------          ------------------+
root@raspberrypi4:/var/rootdirs/home/root# lxc launch swarm:facenet-14 facenet-14
Creating facenet-14
Starting facenet-14
root@raspberrypi4:/var/rootdirs/home/root# lxc list
+---------------+---------+------+------+-----------+-----------+
|     NAME      |  STATE  | IPV4 | IPV6 |   TYPE    | SNAPSHOTS |
+---------------+---------+------+------+-----------+-----------+
| cam1          | STOPPED |      |      | CONTAINER | 0         |
+---------------+---------+------+------+-----------+-----------+
| face1         | STOPPED |      |      | CONTAINER | 0         |
+---------------+---------+------+------+-----------+-----------+
| face2         | RUNNING |      |      | CONTAINER | 0         |
+---------------+---------+------+------+-----------+-----------+
| face-13       | STOPPED |      |      | CONTAINER | 0         |
+---------------+---------+------+------+-----------+-----------+
| facenet-14    | RUNNING |      |      | CONTAINER | 0         |
+---------------+---------+------+------+-----------+-----------+
| facenet-alpha | STOPPED |      |      | CONTAINER | 0         |
+---------------+---------+------+------+-----------+-----------+
root@raspberrypi4:/var/rootdirs/home/root# lxc exec facenet-14 -- bash
/ # ls
bin      dev      home     linuxrc  mnt      proc     sbin     sysroot  usr
boot     etc      lib      media    opt      run      sys      tmp      var
/ # exit
root@raspberrypi4:/var/rootdirs/home/root# ls
Subscriber.js
Subscriber_new.js
client_secret_405578401357-2m5t0hhmpm05o3fjof15792nlidie0rj.apps.googleusercontent.com.json
com.lg.app.signage_0.0.2_all.ipk
com.lg.app.signage_0.0.3_all.ipk
com.lg.app.signage_0.0.3_all_backup.ipk
config
log.txt
node_modules
package-lock.json
socat-armel-static
testApi
tracking
tracking.zip
utile.js
root@raspberrypi4:/var/rootdirs/home/root# lxc config set facenet-14 security.privileged true
root@raspberrypi4:/var/rootdirs/home/root# lxc show config facenet-14
Error: unknown command "show" for "lxc"

Did you mean this?
        stop

root@raspberrypi4:/var/rootdirs/home/root# lxc config show  facenet-14
architecture: armv7l
config:
  image.architecture: armhf
  image.description: Webos 2.0 armhf (20210825_13:09)
  image.name: Webos-2,0-armhf-20210825_13:09
  image.os: webos
  image.release: "2.0"
  image.serial: "20210825_13:09"
  image.variant: default
  security.privileged: "true"
  volatile.base_image: c67158b3b1483575c723228dc51a05d31f9bec787b9927c1bad5fc1c0a598fcc
  volatile.eth0.host_name: vetha01fa69c
  volatile.eth0.hwaddr: 00:16:3e:e3:18:5a
  volatile.idmap.base: "0"
  volatile.idmap.current: '[{"Isuid":true,"Isgid":false,"Hostid":1000000,"Nsid":0,"Maprange":65536},{"Isuid":false,"Isgid":true,"Hostid          ":1000000,"Nsid":0,"Maprange":65536}]'
  volatile.idmap.next: '[]'
  volatile.last_state.idmap: '[{"Isuid":true,"Isgid":false,"Hostid":1000000,"Nsid":0,"Maprange":65536},{"Isuid":false,"Isgid":true,"Hos          tid":1000000,"Nsid":0,"Maprange":65536}]'
  volatile.last_state.power: RUNNING
  volatile.uuid: 7e4e5672-0739-4716-ab3f-79a16c34920d
devices: {}
ephemeral: false
profiles:
- default
stateful: false
description: ""
root@raspberrypi4:/var/rootdirs/home/root# lxc stop facenet-14
root@raspberrypi4:/var/rootdirs/home/root# lxc start facenet-14
root@raspberrypi4:/var/rootdirs/home/root# lxc list
+---------------+---------+------+------+-----------+-----------+
|     NAME      |  STATE  | IPV4 | IPV6 |   TYPE    | SNAPSHOTS |
+---------------+---------+------+------+-----------+-----------+
| cam1          | STOPPED |      |      | CONTAINER | 0         |
+---------------+---------+------+------+-----------+-----------+
| face1         | STOPPED |      |      | CONTAINER | 0         |
+---------------+---------+------+------+-----------+-----------+
| face2         | RUNNING |      |      | CONTAINER | 0         |
+---------------+---------+------+------+-----------+-----------+
| face-13       | STOPPED |      |      | CONTAINER | 0         |
+---------------+---------+------+------+-----------+-----------+
| facenet-14    | RUNNING |      |      | CONTAINER | 0         |
+---------------+---------+------+------+-----------+-----------+
| facenet-alpha | STOPPED |      |      | CONTAINER | 0         |
+---------------+---------+------+------+-----------+-----------+
root@raspberrypi4:/var/rootdirs/home/root# lxc exec facenet-14 -- bash
/ # ls
bin      dev      home     linuxrc  mnt      proc     sbin     sysroot  usr
boot     etc      lib      media    opt      run      sys      tmp      var
/ # ifconfig
eth0      Link encap:Ethernet  HWaddr 00:16:3E:E3:18:5A
          inet6 addr: fe80::216:3eff:fee3:185a/64 Scope:Link
          UP BROADCAST RUNNING MULTICAST  MTU:1500  Metric:1
          RX packets:26 errors:0 dropped:0 overruns:0 frame:0
          TX packets:13 errors:0 dropped:0 overruns:0 carrier:0
          collisions:0 txqueuelen:1000
          RX bytes:5812 (5.6 KiB)  TX bytes:1642 (1.6 KiB)

lo        Link encap:Local Loopback
          inet addr:127.0.0.1  Mask:255.0.0.0
          inet6 addr: ::1/128 Scope:Host
          UP LOOPBACK RUNNING  MTU:65536  Metric:1
          RX packets:0 errors:0 dropped:0 overruns:0 frame:0
          TX packets:0 errors:0 dropped:0 overruns:0 carrier:0
          collisions:0 txqueuelen:1000
          RX bytes:0 (0.0 B)  TX bytes:0 (0.0 B)

/ # root@raspberrypi4:/var/rootdirs/home/root#
Remote side unexpectedly closed network connection

---------------------------------------------------------------------------------------------------------------------------------------

Session stopped
    - Press <return> to exit tab
    - Press R to restart session
    - Press S to save terminal output to file
    +----------------------------------------------------------------------+
                        MobaXterm Professional v21.0                    
                   (SSH client, X server and network tools)               
                                                                          
     ? SSH session to root@10.221.40.122                                  
        Direct SSH      :  ?                                             
        SSH compression :  ?                                             
        SSH-browser     :  ?                                             
        X11-forwarding  :  ?  (remote display is forwarded through SSH)  
                                                                          
     ? For more info, ctrl+click on help or visit our website.            
    +----------------------------------------------------------------------+

sh: xauth: not found
root@raspberrypi4:/var/rootdirs/home/root# ls
Subscriber.js
Subscriber_new.js
client_secret_405578401357-2m5t0hhmpm05o3fjof15792nlidie0rj.apps.googleusercontent.com.json
com.lg.app.signage_0.0.2_all.ipk
com.lg.app.signage_0.0.3_all.ipk
com.lg.app.signage_0.0.3_all_backup.ipk
config
log.txt
node_modules
package-lock.json
socat-armel-static
testApi
tracking
tracking.zip
utile.js
root@raspberrypi4:/var/rootdirs/home/root# lxc image list swarm:
+----------------------+--------------+--------+------------------------------------+--------------+-----------+----------+------------          ------------------+
|        ALIAS         | FINGERPRINT  | PUBLIC |            DESCRIPTION             | ARCHITECTURE |   TYPE    |   SIZE   |         UPL          OAD DATE          |
+----------------------+--------------+--------+------------------------------------+--------------+-----------+----------+------------          ------------------+
| alpine/3.14 (3 more) | 4d3071c68bad | no     | Alpine 3.14 amd64 (20211202_13:00) | x86_64       | CONTAINER | 2.91MB   | Dec 3, 2021           at 10:41am (UTC) |
+----------------------+--------------+--------+------------------------------------+--------------+-----------+----------+------------          ------------------+
| facenet              | 886fce0c892d | no     | Webos 2.0 armhf (20210825_13:09)   | armv7l       | CONTAINER | 121.29MB | Dec 13, 202          1 at 6:28am (UTC) |
+----------------------+--------------+--------+------------------------------------+--------------+-----------+----------+------------          ------------------+
| facenet-14           | c67158b3b148 | no     | Webos 2.0 armhf (20210825_13:09)   | armv7l       | CONTAINER | 121.30MB | Dec 15, 202          1 at 2:07pm (UTC) |
+----------------------+--------------+--------+------------------------------------+--------------+-----------+----------+------------          ------------------+
| facenet_numpy        | 30eba2a12162 | no     | Webos 2.0 armhf (20210825_13:09)   | armv7l       | CONTAINER | 104.46MB | Dec 10, 202          1 at 6:43am (UTC) |
+----------------------+--------------+--------+------------------------------------+--------------+-----------+----------+------------          ------------------+
|                      | a2dd9c9f10d9 | no     | Webos 2.0 armhf (20210825_13:09)   | armv7l       | CONTAINER | 98.96MB  | Dec 8, 2021           at 5:43am (UTC)  |
+----------------------+--------------+--------+------------------------------------+--------------+-----------+----------+------------          ------------------+
|                      | a763a5909a33 | no     | Webos 2.0 armhf (20210825_13:09)   | armv7l       | CONTAINER | 0.00MB   | Dec 15, 202          1 at 2:06pm (UTC) |
+----------------------+--------------+--------+------------------------------------+--------------+-----------+----------+------------          ------------------+
root@raspberrypi4:/var/rootdirs/home/root# lxc
Description:
  Command line client for LXD

  All of LXD's features can be driven through the various commands below.
  For help with any of those, simply call them with --help.

Usage:
  lxc [command]

Available Commands:
  alias       Manage command aliases
  cluster     Manage cluster members
  completion  generate the autocompletion script for the specified shell
  config      Manage instance and server configuration options
  console     Attach to instance consoles
  copy        Copy instances within or in between LXD servers
  delete      Delete instances and snapshots
  exec        Execute commands in instances
  export      Export instance backups
  file        Manage files in instances
  help        Help about any command
  image       Manage images
  import      Import instance backups
  info        Show instance or server information
  launch      Create and start instances from images
  list        List instances
  move        Move instances within or in between LXD servers
  network     Manage and attach instances to networks
  operation   List, show and delete background operations
  profile     Manage profiles
  project     Manage projects
  publish     Publish instances as images
  remote      Manage the list of remote servers
  rename      Rename instances and snapshots
  restart     Restart instances
  restore     Restore instances from snapshots
  snapshot    Create instance snapshots
  start       Start instances
  stop        Stop instances
  storage     Manage storage pools and volumes
  version     Show local and remote versions

Flags:
      --all              Show less common commands
      --debug            Show all debug messages
      --force-local      Force using the local unix socket
  -h, --help             Print help
      --project string   Override the source project
  -q, --quiet            Don't show progress information
  -v, --verbose          Show all information messages
      --version          Print version number

Use "lxc [command] --help" for more information about a command.
root@raspberrypi4:/var/rootdirs/home/root# lxc list
+-----------------+---------+----------------------+------+-----------+-----------+
|      NAME       |  STATE  |         IPV4         | IPV6 |   TYPE    | SNAPSHOTS |
+-----------------+---------+----------------------+------+-----------+-----------+
| alp             | RUNNING | 10.75.114.142 (eth0) |      | CONTAINER | 0         |
+-----------------+---------+----------------------+------+-----------+-----------+
| cam1            | RUNNING | 10.75.114.179 (eth0) |      | CONTAINER | 0         |
+-----------------+---------+----------------------+------+-----------+-----------+
| face2           | STOPPED |                      |      | CONTAINER | 0         |
+-----------------+---------+----------------------+------+-----------+-----------+
| face-13         | STOPPED |                      |      | CONTAINER | 0         |
+-----------------+---------+----------------------+------+-----------+-----------+
| facenet-14      | RUNNING |                      |      | CONTAINER | 0         |
+-----------------+---------+----------------------+------+-----------+-----------+
| renewing-turtle | STOPPED |                      |      | CONTAINER | 0         |
+-----------------+---------+----------------------+------+-----------+-----------+
root@raspberrypi4:/var/rootdirs/home/root# lxc rm facenet-14
Error: The instance is currently running, stop it first or pass --force
root@raspberrypi4:/var/rootdirs/home/root# lxc stop facenet-14
root@raspberrypi4:/var/rootdirs/home/root# lxc rm facenet-14
root@raspberrypi4:/var/rootdirs/home/root# lxc list
+-----------------+---------+----------------------+------+-----------+-----------+
|      NAME       |  STATE  |         IPV4         | IPV6 |   TYPE    | SNAPSHOTS |
+-----------------+---------+----------------------+------+-----------+-----------+
| alp             | RUNNING | 10.75.114.142 (eth0) |      | CONTAINER | 0         |
+-----------------+---------+----------------------+------+-----------+-----------+
| cam1            | RUNNING | 10.75.114.179 (eth0) |      | CONTAINER | 0         |
+-----------------+---------+----------------------+------+-----------+-----------+
| face2           | STOPPED |                      |      | CONTAINER | 0         |
+-----------------+---------+----------------------+------+-----------+-----------+
| face-13         | STOPPED |                      |      | CONTAINER | 0         |
+-----------------+---------+----------------------+------+-----------+-----------+
| renewing-turtle | STOPPED |                      |      | CONTAINER | 0         |
+-----------------+---------+----------------------+------+-----------+-----------+
root@raspberrypi4:/var/rootdirs/home/root# lxc launch swarm:facenet-14 facenet14
Creating facenet14
Starting facenet14
root@raspberrypi4:/var/rootdirs/home/root# lxc list
+-----------------+---------+----------------------+------+-----------+-----------+
|      NAME       |  STATE  |         IPV4         | IPV6 |   TYPE    | SNAPSHOTS |
+-----------------+---------+----------------------+------+-----------+-----------+
| alp             | RUNNING | 10.75.114.142 (eth0) |      | CONTAINER | 0         |
+-----------------+---------+----------------------+------+-----------+-----------+
| cam1            | RUNNING | 10.75.114.179 (eth0) |      | CONTAINER | 0         |
+-----------------+---------+----------------------+------+-----------+-----------+
| face2           | STOPPED |                      |      | CONTAINER | 0         |
+-----------------+---------+----------------------+------+-----------+-----------+
| face-13         | STOPPED |                      |      | CONTAINER | 0         |
+-----------------+---------+----------------------+------+-----------+-----------+
| facenet14       | RUNNING |                      |      | CONTAINER | 0         |
+-----------------+---------+----------------------+------+-----------+-----------+
| renewing-turtle | STOPPED |                      |      | CONTAINER | 0         |
+-----------------+---------+----------------------+------+-----------+-----------+
root@raspberrypi4:/var/rootdirs/home/root# lxc config set facenet14 security.privileged true
root@raspberrypi4:/var/rootdirs/home/root# lxc restart facenet14
root@raspberrypi4:/var/rootdirs/home/root# lxc list
+-----------------+---------+----------------------+------+-----------+-----------+
|      NAME       |  STATE  |         IPV4         | IPV6 |   TYPE    | SNAPSHOTS |
+-----------------+---------+----------------------+------+-----------+-----------+
| alp             | RUNNING | 10.75.114.142 (eth0) |      | CONTAINER | 0         |
+-----------------+---------+----------------------+------+-----------+-----------+
| cam1            | RUNNING | 10.75.114.179 (eth0) |      | CONTAINER | 0         |
+-----------------+---------+----------------------+------+-----------+-----------+
| face2           | STOPPED |                      |      | CONTAINER | 0         |
+-----------------+---------+----------------------+------+-----------+-----------+
| face-13         | STOPPED |                      |      | CONTAINER | 0         |
+-----------------+---------+----------------------+------+-----------+-----------+
| facenet14       | RUNNING |                      |      | CONTAINER | 0         |
+-----------------+---------+----------------------+------+-----------+-----------+
| renewing-turtle | STOPPED |                      |      | CONTAINER | 0         |
+-----------------+---------+----------------------+------+-----------+-----------+
root@raspberrypi4:/var/rootdirs/home/root# lxc list
+-----------------+---------+----------------------+------+-----------+-----------+
|      NAME       |  STATE  |         IPV4         | IPV6 |   TYPE    | SNAPSHOTS |
+-----------------+---------+----------------------+------+-----------+-----------+
| alp             | RUNNING | 10.75.114.142 (eth0) |      | CONTAINER | 0         |
+-----------------+---------+----------------------+------+-----------+-----------+
| cam1            | RUNNING | 10.75.114.179 (eth0) |      | CONTAINER | 0         |
+-----------------+---------+----------------------+------+-----------+-----------+
| face2           | STOPPED |                      |      | CONTAINER | 0         |
+-----------------+---------+----------------------+------+-----------+-----------+
| face-13         | STOPPED |                      |      | CONTAINER | 0         |
+-----------------+---------+----------------------+------+-----------+-----------+
| facenet14       | RUNNING |                      |      | CONTAINER | 0         |
+-----------------+---------+----------------------+------+-----------+-----------+
| renewing-turtle | STOPPED |                      |      | CONTAINER | 0         |
+-----------------+---------+----------------------+------+-----------+-----------+
root@raspberrypi4:/var/rootdirs/home/root# lxc launch swarm:facenet-14 test
Creating test
Starting test
root@raspberrypi4:/var/rootdirs/home/root# lxc list
+-----------------+---------+----------------------+------+-----------+-----------+
|      NAME       |  STATE  |         IPV4         | IPV6 |   TYPE    | SNAPSHOTS |
+-----------------+---------+----------------------+------+-----------+-----------+
| alp             | RUNNING | 10.75.114.142 (eth0) |      | CONTAINER | 0         |
+-----------------+---------+----------------------+------+-----------+-----------+
| cam1            | RUNNING | 10.75.114.179 (eth0) |      | CONTAINER | 0         |
+-----------------+---------+----------------------+------+-----------+-----------+
| face2           | STOPPED |                      |      | CONTAINER | 0         |
+-----------------+---------+----------------------+------+-----------+-----------+
| face-13         | STOPPED |                      |      | CONTAINER | 0         |
+-----------------+---------+----------------------+------+-----------+-----------+
| facenet14       | RUNNING |                      |      | CONTAINER | 0         |
+-----------------+---------+----------------------+------+-----------+-----------+
| renewing-turtle | STOPPED |                      |      | CONTAINER | 0         |
+-----------------+---------+----------------------+------+-----------+-----------+
| test            | RUNNING |                      |      | CONTAINER | 0         |
+-----------------+---------+----------------------+------+-----------+-----------+
root@raspberrypi4:/var/rootdirs/home/root# lxc image list
+-------+--------------+--------+------------------------------------+--------------+-----------+----------+---------------------------          ---+
| ALIAS | FINGERPRINT  | PUBLIC |            DESCRIPTION             | ARCHITECTURE |   TYPE    |   SIZE   |         UPLOAD DATE                    |
+-------+--------------+--------+------------------------------------+--------------+-----------+----------+---------------------------          ---+
|       | 30eba2a12162 | no     | Webos 2.0 armhf (20210825_13:09)   | armv7l       | CONTAINER | 104.46MB | Dec 10, 2021 at 7:01am (UT          C) |
+-------+--------------+--------+------------------------------------+--------------+-----------+----------+---------------------------          ---+
|       | 886fce0c892d | no     | Webos 2.0 armhf (20210825_13:09)   | armv7l       | CONTAINER | 121.29MB | Dec 13, 2021 at 6:30am (UT          C) |
+-------+--------------+--------+------------------------------------+--------------+-----------+----------+---------------------------          ---+
|       | a2dd9c9f10d9 | no     | Webos 2.0 armhf (20210825_13:09)   | armv7l       | CONTAINER | 98.96MB  | Dec 8, 2021 at 5:46am (UTC          )  |
+-------+--------------+--------+------------------------------------+--------------+-----------+----------+---------------------------          ---+
|       | a6a47b47a3f0 | no     | homesurveillance camera for dxdemo | armv7l       | CONTAINER | 67.45MB  | Dec 8, 2021 at 5:58am (UTC          )  |
+-------+--------------+--------+------------------------------------+--------------+-----------+----------+---------------------------          ---+
|       | c67158b3b148 | no     | Webos 2.0 armhf (20210825_13:09)   | armv7l       | CONTAINER | 121.30MB | Dec 15, 2021 at 2:21pm (UT          C) |
+-------+--------------+--------+------------------------------------+--------------+-----------+----------+---------------------------          ---+
|       | df94cb68ca23 | no     | Alpine 3.14 armhf (20211215_13:00) | armv7l       | CONTAINER | 2.60MB   | Dec 15, 2021 at 3:03pm (UT          C) |
+-------+--------------+--------+------------------------------------+--------------+-----------+----------+---------------------------          ---+
root@raspberrypi4:/var/rootdirs/home/root# lxc image remove df94cb68ca23
Description:
  Manage images

  In LXD instances are created from images. Those images were themselves
  either generated from an existing instance or downloaded from an image
  server.

  When using remote images, LXD will automatically cache images for you
  and remove them upon expiration.

  The image unique identifier is the hash (sha-256) of its representation
  as a compressed tarball (or for split images, the concatenation of the
  metadata and rootfs tarballs).

  Images can be referenced by their full hash, shortest unique partial
  hash or alias name (if one is set).

Usage:
  lxc image [command]

Available Commands:
  alias          Manage image aliases
  copy           Copy images between servers
  delete         Delete images
  edit           Edit image properties
  export         Export and download images
  get-property   Get image properties
  import         Import images into the image store
  info           Show useful information about images
  list           List images
  refresh        Refresh images
  set-property   Set image properties
  show           Show image properties
  unset-property Unset image properties

Global Flags:
      --debug            Show all debug messages
      --force-local      Force using the local unix socket
  -h, --help             Print help
      --project string   Override the source project
  -q, --quiet            Don't show progress information
  -v, --verbose          Show all information messages
      --version          Print version number

Use "lxc image [command] --help" for more information about a command.
root@raspberrypi4:/var/rootdirs/home/root# lxc image delete df94cb68ca23
root@raspberrypi4:/var/rootdirs/home/root# lxc image list
+-------+--------------+--------+------------------------------------+--------------+-----------+----------+---------------------------          ---+
| ALIAS | FINGERPRINT  | PUBLIC |            DESCRIPTION             | ARCHITECTURE |   TYPE    |   SIZE   |         UPLOAD DATE                    |
+-------+--------------+--------+------------------------------------+--------------+-----------+----------+---------------------------          ---+
|       | 30eba2a12162 | no     | Webos 2.0 armhf (20210825_13:09)   | armv7l       | CONTAINER | 104.46MB | Dec 10, 2021 at 7:01am (UT          C) |
+-------+--------------+--------+------------------------------------+--------------+-----------+----------+---------------------------          ---+
|       | 886fce0c892d | no     | Webos 2.0 armhf (20210825_13:09)   | armv7l       | CONTAINER | 121.29MB | Dec 13, 2021 at 6:30am (UT          C) |
+-------+--------------+--------+------------------------------------+--------------+-----------+----------+---------------------------          ---+
|       | a2dd9c9f10d9 | no     | Webos 2.0 armhf (20210825_13:09)   | armv7l       | CONTAINER | 98.96MB  | Dec 8, 2021 at 5:46am (UTC          )  |
+-------+--------------+--------+------------------------------------+--------------+-----------+----------+---------------------------          ---+
|       | a6a47b47a3f0 | no     | homesurveillance camera for dxdemo | armv7l       | CONTAINER | 67.45MB  | Dec 8, 2021 at 5:58am (UTC          )  |
+-------+--------------+--------+------------------------------------+--------------+-----------+----------+---------------------------          ---+
|       | c67158b3b148 | no     | Webos 2.0 armhf (20210825_13:09)   | armv7l       | CONTAINER | 121.30MB | Dec 15, 2021 at 2:21pm (UT          C) |
+-------+--------------+--------+------------------------------------+--------------+-----------+----------+---------------------------          ---+
root@raspberrypi4:/var/rootdirs/home/root# lxc image delete a6a47b47a3f0
root@raspberrypi4:/var/rootdirs/home/root# lxc image delete a2dd9c9f10d9
root@raspberrypi4:/var/rootdirs/home/root# lxc image delete 886fce0c892d
root@raspberrypi4:/var/rootdirs/home/root# ls
Subscriber.js
Subscriber_new.js
client_secret_405578401357-2m5t0hhmpm05o3fjof15792nlidie0rj.apps.googleusercontent.com.json
com.lg.app.signage_0.0.2_all.ipk
com.lg.app.signage_0.0.3_all.ipk
com.lg.app.signage_0.0.3_all_backup.ipk
config
log.txt
node_modules
package-lock.json
socat-armel-static
testApi
tracking
tracking.zip
utile.js
root@raspberrypi4:/var/rootdirs/home/root# lxc image list
+-------+--------------+--------+----------------------------------+--------------+-----------+----------+-----------------------------          -+
| ALIAS | FINGERPRINT  | PUBLIC |           DESCRIPTION            | ARCHITECTURE |   TYPE    |   SIZE   |         UPLOAD DATE                    |
+-------+--------------+--------+----------------------------------+--------------+-----------+----------+-----------------------------          -+
|       | 30eba2a12162 | no     | Webos 2.0 armhf (20210825_13:09) | armv7l       | CONTAINER | 104.46MB | Dec 10, 2021 at 7:01am (UTC)           |
+-------+--------------+--------+----------------------------------+--------------+-----------+----------+-----------------------------          -+
|       | c67158b3b148 | no     | Webos 2.0 armhf (20210825_13:09) | armv7l       | CONTAINER | 121.30MB | Dec 15, 2021 at 2:21pm (UTC)           |
+-------+--------------+--------+----------------------------------+--------------+-----------+----------+-----------------------------          -+
root@raspberrypi4:/var/rootdirs/home/root# lxc image delete c67158b3b148
root@raspberrypi4:/var/rootdirs/home/root# lxc image delete 30eba2a12162
root@raspberrypi4:/var/rootdirs/home/root# lxc list
+-----------------+---------+----------------------+------+-----------+-----------+
|      NAME       |  STATE  |         IPV4         | IPV6 |   TYPE    | SNAPSHOTS |
+-----------------+---------+----------------------+------+-----------+-----------+
| alp             | RUNNING | 10.75.114.142 (eth0) |      | CONTAINER | 0         |
+-----------------+---------+----------------------+------+-----------+-----------+
| cam1            | RUNNING | 10.75.114.179 (eth0) |      | CONTAINER | 0         |
+-----------------+---------+----------------------+------+-----------+-----------+
| face2           | STOPPED |                      |      | CONTAINER | 0         |
+-----------------+---------+----------------------+------+-----------+-----------+
| face-13         | STOPPED |                      |      | CONTAINER | 0         |
+-----------------+---------+----------------------+------+-----------+-----------+
| facenet14       | RUNNING |                      |      | CONTAINER | 0         |
+-----------------+---------+----------------------+------+-----------+-----------+
| renewing-turtle | STOPPED |                      |      | CONTAINER | 0         |
+-----------------+---------+----------------------+------+-----------+-----------+
| test            | RUNNING |                      |      | CONTAINER | 0         |
+-----------------+---------+----------------------+------+-----------+-----------+
root@raspberrypi4:/var/rootdirs/home/root# lxc launch swarm:facenet-14 test2
Creating test2
Starting test2
root@raspberrypi4:/var/rootdirs/home/root# lxc list
+-----------------+---------+----------------------+------+-----------+-----------+
|      NAME       |  STATE  |         IPV4         | IPV6 |   TYPE    | SNAPSHOTS |
+-----------------+---------+----------------------+------+-----------+-----------+
| alp             | RUNNING | 10.75.114.142 (eth0) |      | CONTAINER | 0         |
+-----------------+---------+----------------------+------+-----------+-----------+
| cam1            | RUNNING | 10.75.114.179 (eth0) |      | CONTAINER | 0         |
+-----------------+---------+----------------------+------+-----------+-----------+
| face2           | STOPPED |                      |      | CONTAINER | 0         |
+-----------------+---------+----------------------+------+-----------+-----------+
| face-13         | STOPPED |                      |      | CONTAINER | 0         |
+-----------------+---------+----------------------+------+-----------+-----------+
| facenet14       | RUNNING |                      |      | CONTAINER | 0         |
+-----------------+---------+----------------------+------+-----------+-----------+
| renewing-turtle | STOPPED |                      |      | CONTAINER | 0         |
+-----------------+---------+----------------------+------+-----------+-----------+
| test            | RUNNING |                      |      | CONTAINER | 0         |
+-----------------+---------+----------------------+------+-----------+-----------+
| test2           | RUNNING |                      |      | CONTAINER | 0         |
+-----------------+---------+----------------------+------+-----------+-----------+
root@raspberrypi4:/var/rootdirs/home/root#
Network error: Software caused connection abort

---------------------------------------------------------------------------------------------------------------------------------------

Session stopped
    - Press <return> to exit tab
    - Press R to restart session
    - Press S to save terminal output to file
    +----------------------------------------------------------------------+
                        MobaXterm Professional v21.0                    
                   (SSH client, X server and network tools)               
                                                                          
     ? SSH session to root@10.221.40.122                                  
        Direct SSH      :  ?                                             
        SSH compression :  ?                                             
        SSH-browser     :  ?                                             
        X11-forwarding  :  ?  (remote display is forwarded through SSH)  
                                                                          
     ? For more info, ctrl+click on help or visit our website.            
    +----------------------------------------------------------------------+

sh: xauth: not found
root@raspberrypi4:/var/rootdirs/home/root# lxc list
+-----------------+---------+----------------------+------+-----------+-----------+
|      NAME       |  STATE  |         IPV4         | IPV6 |   TYPE    | SNAPSHOTS |
+-----------------+---------+----------------------+------+-----------+-----------+
| alp             | RUNNING | 10.75.114.142 (eth0) |      | CONTAINER | 0         |
+-----------------+---------+----------------------+------+-----------+-----------+
| cam1            | RUNNING | 10.75.114.179 (eth0) |      | CONTAINER | 0         |
+-----------------+---------+----------------------+------+-----------+-----------+
| face2           | STOPPED |                      |      | CONTAINER | 0         |
+-----------------+---------+----------------------+------+-----------+-----------+
| face-13         | STOPPED |                      |      | CONTAINER | 0         |
+-----------------+---------+----------------------+------+-----------+-----------+
| facenet14       | RUNNING |                      |      | CONTAINER | 0         |
+-----------------+---------+----------------------+------+-----------+-----------+
| renewing-turtle | STOPPED |                      |      | CONTAINER | 0         |
+-----------------+---------+----------------------+------+-----------+-----------+
| test            | RUNNING |                      |      | CONTAINER | 0         |
+-----------------+---------+----------------------+------+-----------+-----------+
| test2           | RUNNING |                      |      | CONTAINER | 0         |
+-----------------+---------+----------------------+------+-----------+-----------+
root@raspberrypi4:/var/rootdirs/home/root#
Remote side unexpectedly closed network connection

---------------------------------------------------------------------------------------------------------------------------------------

Session stopped
    - Press <return> to exit tab
    - Press R to restart session
    - Press S to save terminal output to file

Network error: Connection timed out

---------------------------------------------------------------------------------------------------------------------------------------

Session stopped
    - Press <return> to exit tab
    - Press R to restart session
    - Press S to save terminal output to file
    +----------------------------------------------------------------------+
                        MobaXterm Professional v21.0                    
                   (SSH client, X server and network tools)               
                                                                          
     ? SSH session to root@10.221.40.122                                  
        Direct SSH      :  ?                                             
        SSH compression :  ?                                             
        SSH-browser     :  ?                                             
        X11-forwarding  :  ?  (remote display is forwarded through SSH)  
                                                                          
     ? For more info, ctrl+click on help or visit our website.            
    +----------------------------------------------------------------------+

sh: xauth: not found
root@raspberrypi4:/var/rootdirs/home/root# ls
Subscriber.js
Subscriber_new.js
client_secret_405578401357-2m5t0hhmpm05o3fjof15792nlidie0rj.apps.googleusercontent.com.json
com.lg.app.signage_0.0.2_all.ipk
com.lg.app.signage_0.0.3_all.ipk
com.lg.app.signage_0.0.3_all_backup.ipk
config
ipks
log.txt
node_modules
package-lock.json
socat-armel-static
testApi
tracking
tracking.zip
utile.js
root@raspberrypi4:/var/rootdirs/home/root# lxc list
+-----------------+---------+----------------------+----------------------------------------------+-----------+-----------+
|      NAME       |  STATE  |         IPV4         |                     IPV6                     |   TYPE    | SNAPSHOTS |
+-----------------+---------+----------------------+----------------------------------------------+-----------+-----------+
| alp             | RUNNING | 10.75.114.142 (eth0) | fd42:d264:e3b2:71a:216:3eff:fe20:145d (eth0) | CONTAINER | 0         |
+-----------------+---------+----------------------+----------------------------------------------+-----------+-----------+
| cam1            | RUNNING |                      | fd42:d264:e3b2:71a:216:3eff:feb7:dda4 (eth0) | CONTAINER | 0         |
+-----------------+---------+----------------------+----------------------------------------------+-----------+-----------+
| face2           | STOPPED |                      |                                              | CONTAINER | 0         |
+-----------------+---------+----------------------+----------------------------------------------+-----------+-----------+
| face-13         | STOPPED |                      |                                              | CONTAINER | 0         |
+-----------------+---------+----------------------+----------------------------------------------+-----------+-----------+
| facenet14       | STOPPED |                      |                                              | CONTAINER | 0         |
+-----------------+---------+----------------------+----------------------------------------------+-----------+-----------+
| renewing-turtle | STOPPED |                      |                                              | CONTAINER | 0         |
+-----------------+---------+----------------------+----------------------------------------------+-----------+-----------+
| test            | STOPPED |                      |                                              | CONTAINER | 0         |
+-----------------+---------+----------------------+----------------------------------------------+-----------+-----------+
| test2           | STOPPED |                      |                                              | CONTAINER | 0         |
+-----------------+---------+----------------------+----------------------------------------------+-----------+-----------+
root@raspberrypi4:/var/rootdirs/home/root# lxc start face-13
root@raspberrypi4:/var/rootdirs/home/root# ls
Subscriber.js
Subscriber_new.js
client_secret_405578401357-2m5t0hhmpm05o3fjof15792nlidie0rj.apps.googleusercontent.com.json
com.lg.app.signage_0.0.2_all.ipk
com.lg.app.signage_0.0.3_all.ipk
com.lg.app.signage_0.0.3_all_backup.ipk
config
ipks
log.txt
node_modules
package-lock.json
socat-armel-static
testApi
tracking
tracking.zip
utile.js
root@raspberrypi4:/var/rootdirs/home/root# lxc list
+-----------------+---------+----------------------+----------------------------------------------+-----------+-----------+
|      NAME       |  STATE  |         IPV4         |                     IPV6                     |   TYPE    | SNAPSHOTS |
+-----------------+---------+----------------------+----------------------------------------------+-----------+-----------+
| alp             | RUNNING | 10.75.114.142 (eth0) | fd42:d264:e3b2:71a:216:3eff:fe20:145d (eth0) | CONTAINER | 0         |
+-----------------+---------+----------------------+----------------------------------------------+-----------+-----------+
| cam1            | RUNNING |                      | fd42:d264:e3b2:71a:216:3eff:feb7:dda4 (eth0) | CONTAINER | 0         |
+-----------------+---------+----------------------+----------------------------------------------+-----------+-----------+
| face2           | STOPPED |                      |                                              | CONTAINER | 0         |
+-----------------+---------+----------------------+----------------------------------------------+-----------+-----------+
| face-13         | RUNNING |                      |                                              | CONTAINER | 0         |
+-----------------+---------+----------------------+----------------------------------------------+-----------+-----------+
| facenet14       | STOPPED |                      |                                              | CONTAINER | 0         |
+-----------------+---------+----------------------+----------------------------------------------+-----------+-----------+
| renewing-turtle | STOPPED |                      |                                              | CONTAINER | 0         |
+-----------------+---------+----------------------+----------------------------------------------+-----------+-----------+
| test            | STOPPED |                      |                                              | CONTAINER | 0         |
+-----------------+---------+----------------------+----------------------------------------------+-----------+-----------+
| test2           | STOPPED |                      |                                              | CONTAINER | 0         |
+-----------------+---------+----------------------+----------------------------------------------+-----------+-----------+
root@raspberrypi4:/var/rootdirs/home/root# lxc config show face-13 -- bash
Description:
  Show instance or server configurations

Usage:
  lxc config show [<remote>:][<instance>[/<snapshot>]] [flags]

Flags:
  -e, --expanded   Show the expanded configuration
      --target     Cluster member name

Global Flags:
      --debug            Show all debug messages
      --force-local      Force using the local unix socket
  -h, --help             Print help
      --project string   Override the source project
  -q, --quiet            Don't show progress information
  -v, --verbose          Show all information messages
      --version          Print version number
Error: Invalid number of arguments
root@raspberrypi4:/var/rootdirs/home/root# lxc show config face-13 -- bash
Error: unknown command "show" for "lxc"

Did you mean this?
        stop

root@raspberrypi4:/var/rootdirs/home/root#
root@raspberrypi4:/var/rootdirs/home/root# lxc show config face-13
Error: unknown command "show" for "lxc"

Did you mean this?
        stop

root@raspberrypi4:/var/rootdirs/home/root# lxc config show face-13
architecture: armv7l
config:
  image.architecture: armhf
  image.description: Webos 2.0 armhf (20210825_13:09)
  image.name: Webos-2,0-armhf-20210825_13:09
  image.os: webos
  image.release: "2.0"
  image.serial: "20210825_13:09"
  image.variant: default
  raw.lxc: lxc.cgroup.devices.allow = c 189:* rwm
  security.privileged: "true"
  volatile.base_image: 886fce0c892dfc7d9f04293d7606a2c941449edad0829a437352ebf97f34688f
  volatile.eth0.host_name: veth50a7b852
  volatile.eth0.hwaddr: 00:16:3e:f9:dd:03
  volatile.idmap.base: "0"
  volatile.idmap.current: '[]'
  volatile.idmap.next: '[]'
  volatile.last_state.idmap: '[]'
  volatile.last_state.power: RUNNING
  volatile.uuid: 2667a733-88b0-4a03-9dbf-a6fddcbf6005
devices:
  Movidius:
    productid: "2150"
    type: usb
    vendorid: "03e7"
  video0:
    path: /dev/video0
    type: unix-char
ephemeral: false
profiles:
- default
stateful: false
description: ""
root@raspberrypi4:/var/rootdirs/home/root# ls
Subscriber.js
Subscriber_new.js
client_secret_405578401357-2m5t0hhmpm05o3fjof15792nlidie0rj.apps.googleusercontent.com.json
com.lg.app.signage_0.0.2_all.ipk
com.lg.app.signage_0.0.3_all.ipk
com.lg.app.signage_0.0.3_all_backup.ipk
config
ipks
log.txt
node_modules
package-lock.json
socat-armel-static
testApi
tracking
tracking.zip
utile.js
root@raspberrypi4:/var/rootdirs/home/root# lxc exec face-13 -- bash
/ # ls
bin      dev      home     linuxrc  mnt      proc     sbin     sysroot  usr
boot     etc      lib      media    opt      run      sys      tmp      var
/ # cd /home/root/
~ # ls
Face-Detect         Pictures.zip        RPI_client.js       face_match          facenet-pipe.py     run-facenet-client
~ # cd Face-Detect/
~/Face-Detect # ls
RPI                                  data.sqbpro                          package-lock.json
RPI_client.js                        examples                             public
cert                                 haarcascade_frontalface_default.xml  server.js
cert.pem                             image.jpg                            sqlite3
config                               key.pem
data.db                              node_modules
~/Face-Detect # cd examples/
~/Face-Detect/examples # ls
ClientB.js            RPI_client.js         RPI_client_stage3.js  clientA.js            old_RPI_client.js     test.jpg
Publisher.js          RPI_client_stage2.js  Subscriber.js         node_modules          package-lock.json     test.js
~/Face-Detect/examples # node RPI_client.js
socketURL => https://10.221.40.228:8888
pyth stderr: Traceback (most recent call last):
  File "/usr/bin/facenet-pipe.py", line 265, in <module>
    sys.exit(main())
  File "/usr/bin/facenet-pipe.py", line 200, in main
    device.OpenDevice()
  File "/usr/bin/mvnc/mvncapi.py", line 147, in OpenDevice
    raise Exception(Status(status))
Exception: mvncStatus.ERROR

^[:^H^H^H^H^H^H^H^H^H^H^H^Hexit



^C
~/Face-Detect/examples # ls
ClientB.js            RPI_client.js         RPI_client_stage3.js  clientA.js            old_RPI_client.js     test.jpg
Publisher.js          RPI_client_stage2.js  Subscriber.js         node_modules          package-lock.json     test.js
~/Face-Detect/examples # exit
root@raspberrypi4:/var/rootdirs/home/root# systemctl stop lxd
root@raspberrypi4:/var/rootdirs/home/root# ls
Subscriber.js
Subscriber_new.js
client_secret_405578401357-2m5t0hhmpm05o3fjof15792nlidie0rj.apps.googleusercontent.com.json
com.lg.app.signage_0.0.2_all.ipk
com.lg.app.signage_0.0.3_all.ipk
com.lg.app.signage_0.0.3_all_backup.ipk
config
ipks
log.txt
node_modules
package-lock.json
socat-armel-static
testApi
tracking
tracking.zip
utile.js
root@raspberrypi4:/var/rootdirs/home/root# systemctl | grep lxd
  sys-devices-virtual-net-lxdbr0.device                                                                                                                             loaded active plugged   /sys/devices/virtual/net/lxdbr0
  sys-subsystem-net-devices-lxdbr0.device                                                                                                                           loaded active plugged   /sys/subsystem/net/devices/lxdbr0
root@raspberrypi4:/var/rootdirs/home/root# systemctl show | grep lxd
root@raspberrypi4:/var/rootdirs/home/root# ls
Subscriber.js
Subscriber_new.js
client_secret_405578401357-2m5t0hhmpm05o3fjof15792nlidie0rj.apps.googleusercontent.com.json
com.lg.app.signage_0.0.2_all.ipk
com.lg.app.signage_0.0.3_all.ipk
com.lg.app.signage_0.0.3_all_backup.ipk
config
ipks
log.txt
node_modules
package-lock.json
socat-armel-static
testApi
tracking
tracking.zip
utile.js
root@raspberrypi4:/var/rootdirs/home/root# cd ipks/
root@raspberrypi4:/var/rootdirs/home/root/ipks# ls
lxd-dbg_4.13-r0_raspberrypi4.ipk  lxd-src_4.13-r0_raspberrypi4.ipk
lxd-dev_4.13-r0_raspberrypi4.ipk  lxd_4.13-r0_raspberrypi4.ipk
root@raspberrypi4:/var/rootdirs/home/root/ipks# ls
lxd-dbg_4.13-r0_raspberrypi4.ipk  lxd-src_4.13-r0_raspberrypi4.ipk
lxd-dev_4.13-r0_raspberrypi4.ipk  lxd_4.13-r0_raspberrypi4.ipk
root@raspberrypi4:/var/rootdirs/home/root/ipks# lxc exec face-13 -- bash
Error: Get "http://unix.socket/1.0": dial unix /var/lib/lxd/unix.socket: connect: no such file or directory
root@raspberrypi4:/var/rootdirs/home/root/ipks# cd ..
root@raspberrypi4:/var/rootdirs/home/root# lxc exec face-13 -- bash
Error: Get "http://unix.socket/1.0": dial unix /var/lib/lxd/unix.socket: connect: no such file or directory
root@raspberrypi4:/var/rootdirs/home/root# lxc list
Error: Get "http://unix.socket/1.0": dial unix /var/lib/lxd/unix.socket: connect: no such file or directory
root@raspberrypi4:/var/rootdirs/home/root# cd ipks/
root@raspberrypi4:/var/rootdirs/home/root/ipks# ls
lxd-dbg_4.13-r0_raspberrypi4.ipk  lxd-src_4.13-r0_raspberrypi4.ipk
lxd-dev_4.13-r0_raspberrypi4.ipk  lxd_4.13-r0_raspberrypi4.ipk
root@raspberrypi4:/var/rootdirs/home/root/ipks# opkg --force-reinstall lxd_4.13-r0_raspberrypi4.ipk
opkg: unknown sub-command lxd_4.13-r0_raspberrypi4.ipk
usage: opkg [options...] sub-command [arguments...]
where sub-command is one of:

Package Manipulation:
        update                          Update list of available packages
        upgrade                         Upgrade installed packages
        install <pkgs>                  Install package(s)
        configure <pkgs>                Configure unpacked package(s)
        remove <pkgs|glob>              Remove package(s)
        clean                           Clean internal cache
        flag <flag> <pkgs>              Flag package(s)
         <flag>=hold|noprune|user|ok|installed|unpacked (one per invocation)

Informational Commands:
        list                            List available packages
        list-installed                  List installed packages
        list-upgradable                 List installed and upgradable packages
        list-changed-conffiles          List user modified configuration files
        files <pkg>                     List files belonging to <pkg>
        search <file|glob>              List package providing <file>
        find <regexp>                   List packages with names or description matching <regexp>
        info [pkg|glob]                 Display all info for <pkg>
        status [pkg|glob]               Display all status for <pkg>
        download <pkg>                  Download <pkg> to current directory
        compare-versions <v1> <op> <v2>
                                        compare versions using <= < > >= = << >>
        print-architecture              List installable package architectures
        depends [-A] [pkgname|glob]+
        whatdepends [-A] [pkgname|glob]+
        whatdependsrec [-A] [pkgname|glob]+
        whatrecommends[-A] [pkgname|glob]+
        whatsuggests[-A] [pkgname|glob]+
        whatprovides [-A] [pkgname|glob]+
        whatconflicts [-A] [pkgname|glob]+
        whatreplaces [-A] [pkgname|glob]+
        verify [pkg|glob]               Verifies the intrgrity of <pkg>, or all packages if omitted by
                                        comparing the md5sum of each file with the information stored
                                        on the opkg metadata database
Options:
        -A                              Query all packages not just those installed
        -V[<level>]                     Set verbosity level to <level>.
        --verbosity[=<level>]           Verbosity levels:
                                          0 errors only
                                          1 normal messages (default)
                                          2 informative messages
                                          3 debug
                                          4 debug level 2
        -f <conf_file>                  Use <conf_file> as the opkg configuration file
        --conf <conf_file>
        --cache-dir <path>              Specify cache directory.
        -t, --tmp-dir <directory>       Specify tmp-dir.
        -l, --lists-dir <directory>     Specify lists-dir.
        -d <dest_name>                  Use <dest_name> as the the root directory for
        --dest <dest_name>              package installation, removal, upgrading.
                                        <dest_name> should be a defined dest name from
                                        the configuration file, (but can also be a
                                        directory name in a pinch).
        -o <dir>                        Use <dir> as the root directory for
        --offline-root <dir>            offline installation of packages.
        --add-dest <name>:<path>        Register destination with given path
        --add-arch <arch>:<prio>        Register architecture with given priority
        --add-exclude <name>            Register package to be excluded from install
        --add-ignore-recommends <name>  Register package to be ignored as a recomendee
        --prefer-arch-to-version        Use the architecture priority package rather
                                        than the higher version one if more
                                        than one candidate is found.
        --combine                       Combine upgrade and install operations, this
                                        may be needed to resolve dependency issues.
                                        Only available for the internal solver backend.
        --fields <field1>,<field2>      Limit display information to the specified fields
                                        plus the package name. Valid for info and status.
        --short-description             Display only the first line of the description.
        --size                          Print package size when listing available packages

Force Options:
        --force-depends                 Install/remove despite failed dependencies
        --force-maintainer              Overwrite preexisting config files
        --force-reinstall               Reinstall package(s)
        --force-overwrite               Overwrite files from other package(s)
        --force-downgrade               Allow opkg to downgrade packages
        --force-space                   Disable free space checks
        --force-postinstall             Run postinstall scripts even in offline mode
        --force-remove                  Remove package even if prerm script fails
        --force-checksum                Don't fail on checksum mismatches
        --noaction                      No action -- test only
        --download-only                 No action -- download only
        --nodeps                        Do not follow dependencies
        --no-install-recommends         Do not install any recommended packages
        --force-removal-of-dependent-packages
                                        Remove package and all dependencies
        --autoremove                    Remove packages that were installed
                                        automatically to satisfy dependencies
        --host-cache-dir                Don't place cache in offline root dir.
        --volatile-cache                Use volatile cache.
                                        Volatile cache will be cleared on exit

 glob could be something like 'pkgname*' '*file*' or similar
 e.g. opkg info 'libstd*' or opkg search '*libop*' or opkg remove 'libncur*'
root@raspberrypi4:/var/rootdirs/home/root/ipks# opkg install --force-reinstall lxd_4.13-r0_raspberrypi4.ipk
Installing lxd (4.13) on root
Removed /etc/systemd/system/multi-user.target.wants/lxd.service.
Running groupadd commands...
NOTE: lxd: Performing groupadd with [ -r lxd]
NOTE: lxd: group lxd already exists, not re-creating it
Configuring lxd.
Created symlink /etc/systemd/system/multi-user.target.wants/lxd.service -> /usr/lib/systemd/system/lxd.service.
/sbin/ldconfig: /usr/lib/libraft.so.0 is not a symbolic link

/sbin/ldconfig: /usr/lib/libdqlite.so.0 is not a symbolic link

root@raspberrypi4:/var/rootdirs/home/root/ipks# lxc list
+-----------------+---------+----------------------+----------------------------------------------+-----------+-----------+
|      NAME       |  STATE  |         IPV4         |                     IPV6                     |   TYPE    | SNAPSHOTS |
+-----------------+---------+----------------------+----------------------------------------------+-----------+-----------+
| alp             | RUNNING | 10.75.114.142 (eth0) | fd42:d264:e3b2:71a:216:3eff:fe20:145d (eth0) | CONTAINER | 0         |
+-----------------+---------+----------------------+----------------------------------------------+-----------+-----------+
| cam1            | RUNNING |                      | fd42:d264:e3b2:71a:216:3eff:feb7:dda4 (eth0) | CONTAINER | 0         |
+-----------------+---------+----------------------+----------------------------------------------+-----------+-----------+
| face2           | STOPPED |                      |                                              | CONTAINER | 0         |
+-----------------+---------+----------------------+----------------------------------------------+-----------+-----------+
| face-13         | RUNNING |                      | fd42:d264:e3b2:71a:216:3eff:fef9:dd03 (eth0) | CONTAINER | 0         |
+-----------------+---------+----------------------+----------------------------------------------+-----------+-----------+
| facenet14       | STOPPED |                      |                                              | CONTAINER | 0         |
+-----------------+---------+----------------------+----------------------------------------------+-----------+-----------+
| renewing-turtle | STOPPED |                      |                                              | CONTAINER | 0         |
+-----------------+---------+----------------------+----------------------------------------------+-----------+-----------+
| test            | STOPPED |                      |                                              | CONTAINER | 0         |
+-----------------+---------+----------------------+----------------------------------------------+-----------+-----------+
| test2           | STOPPED |                      |                                              | CONTAINER | 0         |
+-----------------+---------+----------------------+----------------------------------------------+-----------+-----------+
root@raspberrypi4:/var/rootdirs/home/root/ipks# lxc config show face-13
architecture: armv7l
config:
  image.architecture: armhf
  image.description: Webos 2.0 armhf (20210825_13:09)
  image.name: Webos-2,0-armhf-20210825_13:09
  image.os: webos
  image.release: "2.0"
  image.serial: "20210825_13:09"
  image.variant: default
  raw.lxc: lxc.cgroup.devices.allow = c 189:* rwm
  security.privileged: "true"
  volatile.base_image: 886fce0c892dfc7d9f04293d7606a2c941449edad0829a437352ebf97f34688f
  volatile.eth0.host_name: veth50a7b852
  volatile.eth0.hwaddr: 00:16:3e:f9:dd:03
  volatile.idmap.base: "0"
  volatile.idmap.current: '[]'
  volatile.idmap.next: '[]'
  volatile.last_state.idmap: '[]'
  volatile.last_state.power: RUNNING
  volatile.uuid: 2667a733-88b0-4a03-9dbf-a6fddcbf6005
devices:
  Movidius:
    productid: "2150"
    type: usb
    vendorid: "03e7"
  video0:
    path: /dev/video0
    type: unix-char
ephemeral: false
profiles:
- default
stateful: false
description: ""
root@raspberrypi4:/var/rootdirs/home/root/ipks# ifconfig
eth0      Link encap:Ethernet  HWaddr E4:5F:01:21:F2:67
          inet addr:10.221.40.122  Bcast:10.221.40.255  Mask:255.255.255.0
          inet6 addr: fe80::e65f:1ff:fe21:f267/64 Scope:Link
          UP BROADCAST RUNNING MULTICAST  MTU:1500  Metric:1
          RX packets:10199 errors:0 dropped:0 overruns:0 frame:0
          TX packets:17766 errors:0 dropped:0 overruns:0 carrier:0
          collisions:0 txqueuelen:1000
          RX bytes:760518 (742.6 KiB)  TX bytes:2277095 (2.1 MiB)

lo        Link encap:Local Loopback
          inet addr:127.0.0.1  Mask:255.0.0.0
          inet6 addr: ::1/128 Scope:Host
          UP LOOPBACK RUNNING  MTU:65536  Metric:1
          RX packets:18 errors:0 dropped:0 overruns:0 frame:0
          TX packets:18 errors:0 dropped:0 overruns:0 carrier:0
          collisions:0 txqueuelen:1000
          RX bytes:1504 (1.4 KiB)  TX bytes:1504 (1.4 KiB)

lxdbr0    Link encap:Ethernet  HWaddr 00:16:3E:71:4F:BD
          inet addr:10.75.114.1  Bcast:0.0.0.0  Mask:255.255.255.0
          inet6 addr: fe80::216:3eff:fe71:4fbd/64 Scope:Link
          inet6 addr: fd42:d264:e3b2:71a::1/64 Scope:Global
          UP BROADCAST RUNNING MULTICAST  MTU:1500  Metric:1
          RX packets:20 errors:0 dropped:0 overruns:0 frame:0
          TX packets:27 errors:0 dropped:3 overruns:0 carrier:0
          collisions:0 txqueuelen:1000
          RX bytes:1960 (1.9 KiB)  TX bytes:4318 (4.2 KiB)

veth0e4bde19 Link encap:Ethernet  HWaddr 12:B0:3D:57:C6:8D
          inet addr:169.254.87.168  Bcast:169.254.255.255  Mask:255.255.0.0
          inet6 addr: fe80::10b0:3dff:fe57:c68d/64 Scope:Link
          UP BROADCAST RUNNING MULTICAST  MTU:1500  Metric:1
          RX packets:13 errors:0 dropped:0 overruns:0 frame:0
          TX packets:168 errors:0 dropped:0 overruns:0 carrier:0
          collisions:0 txqueuelen:1000
          RX bytes:2654 (2.5 KiB)  TX bytes:66244 (64.6 KiB)

veth50a7b852 Link encap:Ethernet  HWaddr 86:A8:AA:8E:3D:8E
          inet addr:169.254.186.201  Bcast:169.254.255.255  Mask:255.255.0.0
          inet6 addr: fe80::84a8:aaff:fe8e:3d8e/64 Scope:Link
          UP BROADCAST RUNNING MULTICAST  MTU:1500  Metric:1
          RX packets:17 errors:0 dropped:0 overruns:0 frame:0
          TX packets:88 errors:0 dropped:0 overruns:0 carrier:0
          collisions:0 txqueuelen:1000
          RX bytes:1922 (1.8 KiB)  TX bytes:36180 (35.3 KiB)

vethc4546bf8 Link encap:Ethernet  HWaddr 6A:5B:0A:CF:66:BD
          inet addr:169.254.59.105  Bcast:169.254.255.255  Mask:255.255.0.0
          inet6 addr: fe80::685b:aff:fecf:66bd/64 Scope:Link
          UP BROADCAST RUNNING MULTICAST  MTU:1500  Metric:1
          RX packets:9 errors:0 dropped:0 overruns:0 frame:0
          TX packets:177 errors:0 dropped:0 overruns:0 carrier:0
          collisions:0 txqueuelen:1000
          RX bytes:1286 (1.2 KiB)  TX bytes:67590 (66.0 KiB)

wlan0     Link encap:Ethernet  HWaddr E4:5F:01:21:F2:68
          inet6 addr: fe80::e65f:1ff:fe21:f268/64 Scope:Link
          UP BROADCAST RUNNING MULTICAST  MTU:1500  Metric:1
          RX packets:8 errors:0 dropped:0 overruns:0 frame:0
          TX packets:61 errors:0 dropped:0 overruns:0 carrier:0
          collisions:0 txqueuelen:1000
          RX bytes:364 (364.0 B)  TX bytes:8278 (8.0 KiB)

root@raspberrypi4:/var/rootdirs/home/root/ipks# lxc exec face-13 -- bash
/ # ls
bin      dev      home     linuxrc  mnt      proc     sbin     sysroot  usr
boot     etc      lib      media    opt      run      sys      tmp      var
/ # ifconfig'
> '
bash: ifconfig
: not found
/ # ifconfig
eth0      Link encap:Ethernet  HWaddr 00:16:3E:F9:DD:03
          inet6 addr: fe80::216:3eff:fef9:dd03/64 Scope:Link
          inet6 addr: fd42:d264:e3b2:71a:216:3eff:fef9:dd03/64 Scope:Global
          UP BROADCAST RUNNING MULTICAST  MTU:1500  Metric:1
          RX packets:90 errors:0 dropped:0 overruns:0 frame:0
          TX packets:17 errors:0 dropped:0 overruns:0 carrier:0
          collisions:0 txqueuelen:1000
          RX bytes:36464 (35.6 KiB)  TX bytes:1922 (1.8 KiB)

lo        Link encap:Local Loopback
          inet addr:127.0.0.1  Mask:255.0.0.0
          inet6 addr: ::1/128 Scope:Host
          UP LOOPBACK RUNNING  MTU:65536  Metric:1
          RX packets:0 errors:0 dropped:0 overruns:0 frame:0
          TX packets:0 errors:0 dropped:0 overruns:0 carrier:0
          collisions:0 txqueuelen:1000
          RX bytes:0 (0.0 B)  TX bytes:0 (0.0 B)

/ # ifconfig eth0 down
/ # ifconfig eth0 up
/ # ls
bin      dev      home     linuxrc  mnt      proc     sbin     sysroot  usr
boot     etc      lib      media    opt      run      sys      tmp      var
/ # ifconfig
eth0      Link encap:Ethernet  HWaddr 00:16:3E:F9:DD:03
          inet6 addr: fe80::216:3eff:fef9:dd03/64 Scope:Link
          inet6 addr: fd42:d264:e3b2:71a:216:3eff:fef9:dd03/64 Scope:Global
          UP BROADCAST RUNNING MULTICAST  MTU:1500  Metric:1
          RX packets:105 errors:0 dropped:0 overruns:0 frame:0
          TX packets:24 errors:0 dropped:0 overruns:0 carrier:0
          collisions:0 txqueuelen:1000
          RX bytes:40554 (39.6 KiB)  TX bytes:2524 (2.4 KiB)

lo        Link encap:Local Loopback
          inet addr:127.0.0.1  Mask:255.0.0.0
          inet6 addr: ::1/128 Scope:Host
          UP LOOPBACK RUNNING  MTU:65536  Metric:1
          RX packets:0 errors:0 dropped:0 overruns:0 frame:0
          TX packets:0 errors:0 dropped:0 overruns:0 carrier:0
          collisions:0 txqueuelen:1000
          RX bytes:0 (0.0 B)  TX bytes:0 (0.0 B)

/ #
Remote side unexpectedly closed network connection

---------------------------------------------------------------------------------------------------------------------------------------

Session stopped
    - Press <return> to exit tab
    - Press R to restart session
    - Press S to save terminal output to file
    +----------------------------------------------------------------------+
                        MobaXterm Professional v21.0                    
                   (SSH client, X server and network tools)               
                                                                          
     ? SSH session to root@10.221.40.122                                  
        Direct SSH      :  ?                                             
        SSH compression :  ?                                             
        SSH-browser     :  ?                                             
        X11-forwarding  :  ?  (remote display is forwarded through SSH)  
                                                                          
     ? For more info, ctrl+click on help or visit our website.            
    +----------------------------------------------------------------------+

sh: xauth: not found
root@raspberrypi4:/var/rootdirs/home/root#
Network error: Software caused connection abort

---------------------------------------------------------------------------------------------------------------------------------------

Session stopped
    - Press <return> to exit tab
    - Press R to restart session
    - Press S to save terminal output to file
    +----------------------------------------------------------------------+
                        MobaXterm Professional v21.0                    
                   (SSH client, X server and network tools)               
                                                                          
     ? SSH session to root@10.221.40.122                                  
        Direct SSH      :  ?                                             
        SSH compression :  ?                                             
        SSH-browser     :  ?                                             
        X11-forwarding  :  ?  (remote display is forwarded through SSH)  
                                                                          
     ? For more info, ctrl+click on help or visit our website.            
    +----------------------------------------------------------------------+

sh: xauth: not found
root@raspberrypi4:/var/rootdirs/home/root# ls
root@raspberrypi4:/var/rootdirs/home/root# lxc remote list
+-----------------+------------------------------------------+---------------+-------------+--------+--------+--------+
|      NAME       |                   URL                    |   PROTOCOL    |  AUTH TYPE  | PUBLIC | STATIC | GLOBAL |
+-----------------+------------------------------------------+---------------+-------------+--------+--------+--------+
| images          | https://images.linuxcontainers.org       | simplestreams | none        | YES    | NO     | NO     |
+-----------------+------------------------------------------+---------------+-------------+--------+--------+--------+
| local (current) | unix://                                  | lxd           | file access | NO     | YES    | NO     |
+-----------------+------------------------------------------+---------------+-------------+--------+--------+--------+
| swarm           | https://10.221.40.228:8443               | lxd           | tls         | NO     | NO     | NO     |
+-----------------+------------------------------------------+---------------+-------------+--------+--------+--------+
| ubuntu          | https://cloud-images.ubuntu.com/releases | simplestreams | none        | YES    | YES    | NO     |
+-----------------+------------------------------------------+---------------+-------------+--------+--------+--------+
| ubuntu-daily    | https://cloud-images.ubuntu.com/daily    | simplestreams | none        | YES    | YES    | NO     |
+-----------------+------------------------------------------+---------------+-------------+--------+--------+--------+
root@raspberrypi4:/var/rootdirs/home/root# lxc launch swarm:facenet15 face1
Creating face1
Starting face1
root@raspberrypi4:/var/rootdirs/home/root# lxc list
+-------+---------+-----------------------+------+-----------+-----------+
| NAME  |  STATE  |         IPV4          | IPV6 |   TYPE    | SNAPSHOTS |
+-------+---------+-----------------------+------+-----------+-----------+
| face  | RUNNING |                       |      | CONTAINER | 0         |
+-------+---------+-----------------------+------+-----------+-----------+
| face1 | RUNNING | 10.209.168.156 (eth0) |      | CONTAINER | 0         |
+-------+---------+-----------------------+------+-----------+-----------+
root@raspberrypi4:/var/rootdirs/home/root#
Network error: Software caused connection abort

-------------------------------------------------------------------------------------------------------------------------------------------------

Session stopped
    - Press <return> to exit tab
    - Press R to restart session
    - Press S to save terminal output to file
    +----------------------------------------------------------------------+
                        MobaXterm Professional v21.0                    
                   (SSH client, X server and network tools)               
                                                                          
     ? SSH session to root@10.221.40.122                                  
        Direct SSH      :  ?                                             
        SSH compression :  ?                                             
        SSH-browser     :  ?                                             
        X11-forwarding  :  ?  (remote display is forwarded through SSH)  
                                                                          
     ? For more info, ctrl+click on help or visit our website.            
    +----------------------------------------------------------------------+

sh: xauth: not found
root@raspberrypi4:/var/rootdirs/home/root# lxc list
+-------+---------+-----------------------+------+-----------+-----------+
| NAME  |  STATE  |         IPV4          | IPV6 |   TYPE    | SNAPSHOTS |
+-------+---------+-----------------------+------+-----------+-----------+
| face  | RUNNING |                       |      | CONTAINER | 0         |
+-------+---------+-----------------------+------+-----------+-----------+
| face1 | RUNNING | 10.209.168.156 (eth0) |      | CONTAINER | 0         |
+-------+---------+-----------------------+------+-----------+-----------+
root@raspberrypi4:/var/rootdirs/home/root# lxc stop face
root@raspberrypi4:/var/rootdirs/home/root# lxc list
+-------+---------+-----------------------+------+-----------+-----------+
| NAME  |  STATE  |         IPV4          | IPV6 |   TYPE    | SNAPSHOTS |
+-------+---------+-----------------------+------+-----------+-----------+
| face  | STOPPED |                       |      | CONTAINER | 0         |
+-------+---------+-----------------------+------+-----------+-----------+
| face1 | RUNNING | 10.209.168.156 (eth0) |      | CONTAINER | 0         |
+-------+---------+-----------------------+------+-----------+-----------+
root@raspberrypi4:/var/rootdirs/home/root# lxc exec face1 -- bash
/ # ls
bin      dev      home     linuxrc  mnt      proc     sbin     sysroot  usr
boot     etc      lib      media    opt      run      sys      tmp      var
/ # ping 10.221.40.228
PING 10.221.40.228 (10.221.40.228): 56 data bytes
^C
--- 10.221.40.228 ping statistics ---
16 packets transmitted, 0 packets received, 100% packet loss
/ # exit
root@raspberrypi4:/var/rootdirs/home/root# lxc list
+-------+---------+-----------------------+------+-----------+-----------+
| NAME  |  STATE  |         IPV4          | IPV6 |   TYPE    | SNAPSHOTS |
+-------+---------+-----------------------+------+-----------+-----------+
| face  | STOPPED |                       |      | CONTAINER | 0         |
+-------+---------+-----------------------+------+-----------+-----------+
| face1 | RUNNING | 10.209.168.156 (eth0) |      | CONTAINER | 0         |
+-------+---------+-----------------------+------+-----------+-----------+
root@raspberrypi4:/var/rootdirs/home/root# lxc network list
+--------+----------+---------+-----------------+---------------------------+-------------+---------+
|  NAME  |   TYPE   | MANAGED |      IPV4       |           IPV6            | DESCRIPTION | USED BY |
+--------+----------+---------+-----------------+---------------------------+-------------+---------+
| eth0   | physical | NO      |                 |                           |             | 0       |
+--------+----------+---------+-----------------+---------------------------+-------------+---------+
| lxdbr0 | bridge   | YES     | 10.209.168.1/24 | fd42:4a2d:5d05:1634::1/64 |             | 3       |
+--------+----------+---------+-----------------+---------------------------+-------------+---------+
| wlan0  | physical | NO      |                 |                           |             | 0       |
+--------+----------+---------+-----------------+---------------------------+-------------+---------+
root@raspberrypi4:/var/rootdirs/home/root# lxc network edit lxdbr0
root@raspberrypi4:/var/rootdirs/home/root# lxc restart face1
root@raspberrypi4:/var/rootdirs/home/root# lxc list
+-------+---------+------+-----------------------------------------------+-----------+-----------+
| NAME  |  STATE  | IPV4 |                     IPV6                      |   TYPE    | SNAPSHOTS |
+-------+---------+------+-----------------------------------------------+-----------+-----------+
| face  | STOPPED |      |                                               | CONTAINER | 0         |
+-------+---------+------+-----------------------------------------------+-----------+-----------+
| face1 | RUNNING |      | fd42:4a2d:5d05:1634:216:3eff:fe8c:606f (eth0) | CONTAINER | 0         |
+-------+---------+------+-----------------------------------------------+-----------+-----------+
root@raspberrypi4:/var/rootdirs/home/root# lxc restart face1
root@raspberrypi4:/var/rootdirs/home/root# lxc list
+-------+---------+------+-----------------------------------------------+-----------+-----------+
| NAME  |  STATE  | IPV4 |                     IPV6                      |   TYPE    | SNAPSHOTS |
+-------+---------+------+-----------------------------------------------+-----------+-----------+
| face  | STOPPED |      |                                               | CONTAINER | 0         |
+-------+---------+------+-----------------------------------------------+-----------+-----------+
| face1 | RUNNING |      | fd42:4a2d:5d05:1634:216:3eff:fe8c:606f (eth0) | CONTAINER | 0         |
+-------+---------+------+-----------------------------------------------+-----------+-----------+
root@raspberrypi4:/var/rootdirs/home/root# lxc config show face1
architecture: armv7l
config:
  image.architecture: armhf
  image.description: Webos 2.0 armhf (20210825_13:09)
  image.name: Webos-2,0-armhf-20210825_13:09
  image.os: webos
  image.release: "2.0"
  image.serial: "20210825_13:09"
  image.variant: default
  volatile.base_image: fc427c219d2231731446d7746256cc13b45b6611c16d29db2bda7936569ad02c
  volatile.eth0.host_name: veth2909f2d2
  volatile.eth0.hwaddr: 00:16:3e:8c:60:6f
  volatile.idmap.base: "0"
  volatile.idmap.current: '[{"Isuid":true,"Isgid":false,"Hostid":1000000,"Nsid":0,"Maprange":65536},{"Isuid":false,"Isgid":true,"Hostid":1000000,"Nsid":0,"Maprange":65536}]'
  volatile.idmap.next: '[{"Isuid":true,"Isgid":false,"Hostid":1000000,"Nsid":0,"Maprange":65536},{"Isuid":false,"Isgid":true,"Hostid":1000000,"Nsid":0,"Maprange":65536}]'
  volatile.last_state.idmap: '[{"Isuid":true,"Isgid":false,"Hostid":1000000,"Nsid":0,"Maprange":65536},{"Isuid":false,"Isgid":true,"Hostid":1000000,"Nsid":0,"Maprange":65536}]'
  volatile.last_state.power: RUNNING
  volatile.uuid: 41d78a68-04dd-4e50-a857-6b999ebdcfd6
devices: {}
ephemeral: false
profiles:
- default
stateful: false
description: ""
root@raspberrypi4:/var/rootdirs/home/root# lxc list
+-------+---------+------+-----------------------------------------------+-----------+-----------+
| NAME  |  STATE  | IPV4 |                     IPV6                      |   TYPE    | SNAPSHOTS |
+-------+---------+------+-----------------------------------------------+-----------+-----------+
| face  | STOPPED |      |                                               | CONTAINER | 0         |
+-------+---------+------+-----------------------------------------------+-----------+-----------+
| face1 | RUNNING |      | fd42:4a2d:5d05:1634:216:3eff:fe8c:606f (eth0) | CONTAINER | 0         |
+-------+---------+------+-----------------------------------------------+-----------+-----------+
root@raspberrypi4:/var/rootdirs/home/root# lxc config set face1 security.privileged true
root@raspberrypi4:/var/rootdirs/home/root# lxc list
+-------+---------+------+-----------------------------------------------+-----------+-----------+
| NAME  |  STATE  | IPV4 |                     IPV6                      |   TYPE    | SNAPSHOTS |
+-------+---------+------+-----------------------------------------------+-----------+-----------+
| face  | STOPPED |      |                                               | CONTAINER | 0         |
+-------+---------+------+-----------------------------------------------+-----------+-----------+
| face1 | RUNNING |      | fd42:4a2d:5d05:1634:216:3eff:fe8c:606f (eth0) | CONTAINER | 0         |
+-------+---------+------+-----------------------------------------------+-----------+-----------+
root@raspberrypi4:/var/rootdirs/home/root# lxc restart
Usage:
  lxc restart [<remote>:]<instance> [[<remote>:]<instance>...] [flags]

Flags:
      --all                          Run against all instances
      --console string[="console"]   Immediately attach to the console
  -f, --force                        Force the instance to shutdown
      --timeout                      Time to wait for the instance before killing it (default -1)

Global Flags:
      --debug            Show all debug messages
      --force-local      Force using the local unix socket
  -h, --help             Print help
      --project string   Override the source project
  -q, --quiet            Don't show progress information
  -v, --verbose          Show all information messages
      --version          Print version number
root@raspberrypi4:/var/rootdirs/home/root# lxc restart face1
root@raspberrypi4:/var/rootdirs/home/root# lxc list
+-------+---------+----------------------+-----------------------------------------------+-----------+-----------+
| NAME  |  STATE  |         IPV4         |                     IPV6                      |   TYPE    | SNAPSHOTS |
+-------+---------+----------------------+-----------------------------------------------+-----------+-----------+
| face  | STOPPED |                      |                                               | CONTAINER | 0         |
+-------+---------+----------------------+-----------------------------------------------+-----------+-----------+
| face1 | RUNNING | 10.221.40.156 (eth0) | fd42:4a2d:5d05:1634:216:3eff:fe8c:606f (eth0) | CONTAINER | 0         |
+-------+---------+----------------------+-----------------------------------------------+-----------+-----------+
root@raspberrypi4:/var/rootdirs/home/root# lxc exec face1 -- bash
/ # ping 10.221.40.228
PING 10.221.40.228 (10.221.40.228): 56 data bytes
^X^C
--- 10.221.40.228 ping statistics ---
12 packets transmitted, 0 packets received, 100% packet loss
/ # ifconfig
eth0      Link encap:Ethernet  HWaddr 00:16:3E:8C:60:6F
          inet addr:10.221.40.156  Bcast:10.221.40.255  Mask:255.255.255.0
          inet6 addr: fd42:4a2d:5d05:1634:216:3eff:fe8c:606f/64 Scope:Global
          inet6 addr: fe80::216:3eff:fe8c:606f/64 Scope:Link
          UP BROADCAST RUNNING MULTICAST  MTU:1500  Metric:1
          RX packets:48 errors:0 dropped:0 overruns:0 frame:0
          TX packets:26 errors:0 dropped:0 overruns:0 carrier:0
          collisions:0 txqueuelen:1000
          RX bytes:9680 (9.4 KiB)  TX bytes:3376 (3.2 KiB)

lo        Link encap:Local Loopback
          inet addr:127.0.0.1  Mask:255.0.0.0
          inet6 addr: ::1/128 Scope:Host
          UP LOOPBACK RUNNING  MTU:65536  Metric:1
          RX packets:12 errors:0 dropped:0 overruns:0 frame:0
          TX packets:12 errors:0 dropped:0 overruns:0 carrier:0
          collisions:0 txqueuelen:1000
          RX bytes:1344 (1.3 KiB)  TX bytes:1344 (1.3 KiB)

/ # exit
root@raspberrypi4:/var/rootdirs/home/root# ifconfig
eth0      Link encap:Ethernet  HWaddr E4:5F:01:21:F2:67
          inet addr:10.221.40.122  Bcast:10.221.40.255  Mask:255.255.255.0
          inet6 addr: fe80::e65f:1ff:fe21:f267/64 Scope:Link
          UP BROADCAST RUNNING MULTICAST  MTU:1500  Metric:1
          RX packets:252688 errors:0 dropped:3 overruns:0 frame:0
          TX packets:73132 errors:0 dropped:0 overruns:0 carrier:0
          collisions:0 txqueuelen:1000
          RX bytes:272403330 (259.7 MiB)  TX bytes:9272990 (8.8 MiB)

lo        Link encap:Local Loopback
          inet addr:127.0.0.1  Mask:255.0.0.0
          inet6 addr: ::1/128 Scope:Host
          UP LOOPBACK RUNNING  MTU:65536  Metric:1
          RX packets:212 errors:0 dropped:0 overruns:0 frame:0
          TX packets:212 errors:0 dropped:0 overruns:0 carrier:0
          collisions:0 txqueuelen:1000
          RX bytes:18560 (18.1 KiB)  TX bytes:18560 (18.1 KiB)

lxdbr0    Link encap:Ethernet  HWaddr 00:16:3E:DF:CD:FE
          inet addr:10.221.40.1  Bcast:0.0.0.0  Mask:255.255.255.0
          inet6 addr: fe80::216:3eff:fedf:cdfe/64 Scope:Link
          UP BROADCAST RUNNING MULTICAST  MTU:1500  Metric:1
          RX packets:144 errors:0 dropped:0 overruns:0 frame:0
          TX packets:207 errors:0 dropped:0 overruns:0 carrier:0
          collisions:0 txqueuelen:1000
          RX bytes:18156 (17.7 KiB)  TX bytes:31377 (30.6 KiB)

veth5ebcde00 Link encap:Ethernet  HWaddr DA:08:18:17:AA:C4
          inet addr:169.254.229.244  Bcast:169.254.255.255  Mask:255.255.0.0
          inet6 addr: fe80::d808:18ff:fe17:aac4/64 Scope:Link
          UP BROADCAST RUNNING MULTICAST  MTU:1500  Metric:1
          RX packets:26 errors:0 dropped:0 overruns:0 frame:0
          TX packets:55 errors:0 dropped:0 overruns:0 carrier:0
          collisions:0 txqueuelen:1000
          RX bytes:3376 (3.2 KiB)  TX bytes:10002 (9.7 KiB)

root@raspberrypi4:/var/rootdirs/home/root# lxc list
+-------+---------+----------------------+-----------------------------------------------+-----------+-----------+
| NAME  |  STATE  |         IPV4         |                     IPV6                      |   TYPE    | SNAPSHOTS |
+-------+---------+----------------------+-----------------------------------------------+-----------+-----------+
| face  | STOPPED |                      |                                               | CONTAINER | 0         |
+-------+---------+----------------------+-----------------------------------------------+-----------+-----------+
| face1 | RUNNING | 10.221.40.156 (eth0) | fd42:4a2d:5d05:1634:216:3eff:fe8c:606f (eth0) | CONTAINER | 0         |
+-------+---------+----------------------+-----------------------------------------------+-----------+-----------+
root@raspberrypi4:/var/rootdirs/home/root# lxc network create face1 --type=macvlan parent=eth0
Network face1 created
root@raspberrypi4:/var/rootdirs/home/root# lxc list
+-------+---------+----------------------+-----------------------------------------------+-----------+-----------+
| NAME  |  STATE  |         IPV4         |                     IPV6                      |   TYPE    | SNAPSHOTS |
+-------+---------+----------------------+-----------------------------------------------+-----------+-----------+
| face  | STOPPED |                      |                                               | CONTAINER | 0         |
+-------+---------+----------------------+-----------------------------------------------+-----------+-----------+
| face1 | RUNNING | 10.221.40.156 (eth0) | fd42:4a2d:5d05:1634:216:3eff:fe8c:606f (eth0) | CONTAINER | 0         |
+-------+---------+----------------------+-----------------------------------------------+-----------+-----------+
root@raspberrypi4:/var/rootdirs/home/root# lxc network list
+--------+----------+---------+----------------+---------------------------+-------------+---------+
|  NAME  |   TYPE   | MANAGED |      IPV4      |           IPV6            | DESCRIPTION | USED BY |
+--------+----------+---------+----------------+---------------------------+-------------+---------+
| eth0   | physical | NO      |                |                           |             | 1       |
+--------+----------+---------+----------------+---------------------------+-------------+---------+
| face1  | macvlan  | YES     |                |                           |             | 0       |
+--------+----------+---------+----------------+---------------------------+-------------+---------+
| lxdbr0 | bridge   | YES     | 10.221.40.1/24 | fd42:4a2d:5d05:1634::1/64 |             | 3       |
+--------+----------+---------+----------------+---------------------------+-------------+---------+
| wlan0  | physical | NO      |                |                           |             | 0       |
+--------+----------+---------+----------------+---------------------------+-------------+---------+
root@raspberrypi4:/var/rootdirs/home/root# lxc profile edit default
root@raspberrypi4:/var/rootdirs/home/root# lxc list
+-------+---------+------+------+-----------+-----------+
| NAME  |  STATE  | IPV4 | IPV6 |   TYPE    | SNAPSHOTS |
+-------+---------+------+------+-----------+-----------+
| face  | STOPPED |      |      | CONTAINER | 0         |
+-------+---------+------+------+-----------+-----------+
| face1 | RUNNING |      |      | CONTAINER | 0         |
+-------+---------+------+------+-----------+-----------+
root@raspberrypi4:/var/rootdirs/home/root# lxc restart face1
root@raspberrypi4:/var/rootdirs/home/root# lxc list
+-------+---------+----------------------+------+-----------+-----------+
| NAME  |  STATE  |         IPV4         | IPV6 |   TYPE    | SNAPSHOTS |
+-------+---------+----------------------+------+-----------+-----------+
| face  | STOPPED |                      |      | CONTAINER | 0         |
+-------+---------+----------------------+------+-----------+-----------+
| face1 | RUNNING | 10.221.40.166 (eth0) |      | CONTAINER | 0         |
+-------+---------+----------------------+------+-----------+-----------+
root@raspberrypi4:/var/rootdirs/home/root# lxc exec face1 -- bash
/ # ping 10.221.40.228
PING 10.221.40.228 (10.221.40.228): 56 data bytes
64 bytes from 10.221.40.228: seq=0 ttl=64 time=0.706 ms
64 bytes from 10.221.40.228: seq=1 ttl=64 time=0.440 ms
64 bytes from 10.221.40.228: seq=2 ttl=64 time=0.462 ms
64 bytes from 10.221.40.228: seq=3 ttl=64 time=0.443 ms
64 bytes from 10.221.40.228: seq=4 ttl=64 time=0.435 ms
^C
--- 10.221.40.228 ping statistics ---
5 packets transmitted, 5 packets received, 0% packet loss
round-trip min/avg/max = 0.435/0.497/0.706 ms
/ #
